../Core/Src/main.c:84:6:RTC_GetTimeStr	32	static
../Core/Src/main.c:97:6:GetTemperatura	96	static
../Core/Src/main.c:122:6:iniciosd	56	static
../Core/Src/main.c:131:6:flectura	104	static
../Core/Src/main.c:167:5:main	128	static
../Core/Src/main.c:253:6:SystemClock_Config	88	static
../Core/Src/main.c:299:13:MX_ADC1_Init	24	static
../Core/Src/main.c:346:13:MX_RTC_Init	16	static
../Core/Src/main.c:404:13:MX_SPI1_Init	8	static
../Core/Src/main.c:442:13:MX_USART1_UART_Init	8	static
../Core/Src/main.c:475:13:MX_GPIO_Init	40	static
../Core/Src/main.c:517:6:fsm	8296	static
../Core/Src/main.c:642:6:Error_Handler	4	static,ignoring_inline_asm
