../Core/Src/main.c:84:6:RTC_GetTimeStr	32	static
../Core/Src/main.c:97:6:GetTemperatura	96	static
../Core/Src/main.c:120:6:iniciosd	56	static
../Core/Src/main.c:129:6:flectura	104	static
../Core/Src/main.c:163:5:main	224	static
../Core/Src/main.c:257:6:SystemClock_Config	88	static
../Core/Src/main.c:303:13:MX_ADC1_Init	24	static
../Core/Src/main.c:350:13:MX_RTC_Init	16	static
../Core/Src/main.c:408:13:MX_SPI1_Init	8	static
../Core/Src/main.c:446:13:MX_USART1_UART_Init	8	static
../Core/Src/main.c:479:13:MX_GPIO_Init	40	static
../Core/Src/main.c:521:6:fsm	160	static
../Core/Src/main.c:696:6:Error_Handler	4	static,ignoring_inline_asm
