Archive member included to satisfy reference by file (symbol)

C:/ST/STM32CubeIDE_1.15.0/STM32CubeIDE/plugins/com.st.stm32cube.ide.mcu.externaltools.gnu-tools-for-stm32.12.3.rel1.win32_1.0.100.202403111256/tools/bin/../lib/gcc/arm-none-eabi/12.3.1/../../../../arm-none-eabi/lib/thumb/v7-m/nofp\libc_nano.a(libc_a-exit.o)
                              C:/ST/STM32CubeIDE_1.15.0/STM32CubeIDE/plugins/com.st.stm32cube.ide.mcu.externaltools.gnu-tools-for-stm32.12.3.rel1.win32_1.0.100.202403111256/tools/bin/../lib/gcc/arm-none-eabi/12.3.1/../../../../arm-none-eabi/lib/thumb/v7-m/nofp/crt0.o (exit)
C:/ST/STM32CubeIDE_1.15.0/STM32CubeIDE/plugins/com.st.stm32cube.ide.mcu.externaltools.gnu-tools-for-stm32.12.3.rel1.win32_1.0.100.202403111256/tools/bin/../lib/gcc/arm-none-eabi/12.3.1/../../../../arm-none-eabi/lib/thumb/v7-m/nofp\libc_nano.a(libc_a-findfp.o)
                              C:/ST/STM32CubeIDE_1.15.0/STM32CubeIDE/plugins/com.st.stm32cube.ide.mcu.externaltools.gnu-tools-for-stm32.12.3.rel1.win32_1.0.100.202403111256/tools/bin/../lib/gcc/arm-none-eabi/12.3.1/../../../../arm-none-eabi/lib/thumb/v7-m/nofp\libc_nano.a(libc_a-exit.o) (__stdio_exit_handler)
C:/ST/STM32CubeIDE_1.15.0/STM32CubeIDE/plugins/com.st.stm32cube.ide.mcu.externaltools.gnu-tools-for-stm32.12.3.rel1.win32_1.0.100.202403111256/tools/bin/../lib/gcc/arm-none-eabi/12.3.1/../../../../arm-none-eabi/lib/thumb/v7-m/nofp\libc_nano.a(libc_a-fwalk.o)
                              C:/ST/STM32CubeIDE_1.15.0/STM32CubeIDE/plugins/com.st.stm32cube.ide.mcu.externaltools.gnu-tools-for-stm32.12.3.rel1.win32_1.0.100.202403111256/tools/bin/../lib/gcc/arm-none-eabi/12.3.1/../../../../arm-none-eabi/lib/thumb/v7-m/nofp\libc_nano.a(libc_a-findfp.o) (_fwalk_sglue)
C:/ST/STM32CubeIDE_1.15.0/STM32CubeIDE/plugins/com.st.stm32cube.ide.mcu.externaltools.gnu-tools-for-stm32.12.3.rel1.win32_1.0.100.202403111256/tools/bin/../lib/gcc/arm-none-eabi/12.3.1/../../../../arm-none-eabi/lib/thumb/v7-m/nofp\libc_nano.a(libc_a-stdio.o)
                              C:/ST/STM32CubeIDE_1.15.0/STM32CubeIDE/plugins/com.st.stm32cube.ide.mcu.externaltools.gnu-tools-for-stm32.12.3.rel1.win32_1.0.100.202403111256/tools/bin/../lib/gcc/arm-none-eabi/12.3.1/../../../../arm-none-eabi/lib/thumb/v7-m/nofp\libc_nano.a(libc_a-findfp.o) (__sread)
C:/ST/STM32CubeIDE_1.15.0/STM32CubeIDE/plugins/com.st.stm32cube.ide.mcu.externaltools.gnu-tools-for-stm32.12.3.rel1.win32_1.0.100.202403111256/tools/bin/../lib/gcc/arm-none-eabi/12.3.1/../../../../arm-none-eabi/lib/thumb/v7-m/nofp\libc_nano.a(libc_a-memset.o)
                              C:/ST/STM32CubeIDE_1.15.0/STM32CubeIDE/plugins/com.st.stm32cube.ide.mcu.externaltools.gnu-tools-for-stm32.12.3.rel1.win32_1.0.100.202403111256/tools/bin/../lib/gcc/arm-none-eabi/12.3.1/../../../../arm-none-eabi/lib/thumb/v7-m/nofp/crt0.o (memset)
C:/ST/STM32CubeIDE_1.15.0/STM32CubeIDE/plugins/com.st.stm32cube.ide.mcu.externaltools.gnu-tools-for-stm32.12.3.rel1.win32_1.0.100.202403111256/tools/bin/../lib/gcc/arm-none-eabi/12.3.1/../../../../arm-none-eabi/lib/thumb/v7-m/nofp\libc_nano.a(libc_a-closer.o)
                              C:/ST/STM32CubeIDE_1.15.0/STM32CubeIDE/plugins/com.st.stm32cube.ide.mcu.externaltools.gnu-tools-for-stm32.12.3.rel1.win32_1.0.100.202403111256/tools/bin/../lib/gcc/arm-none-eabi/12.3.1/../../../../arm-none-eabi/lib/thumb/v7-m/nofp\libc_nano.a(libc_a-stdio.o) (_close_r)
C:/ST/STM32CubeIDE_1.15.0/STM32CubeIDE/plugins/com.st.stm32cube.ide.mcu.externaltools.gnu-tools-for-stm32.12.3.rel1.win32_1.0.100.202403111256/tools/bin/../lib/gcc/arm-none-eabi/12.3.1/../../../../arm-none-eabi/lib/thumb/v7-m/nofp\libc_nano.a(libc_a-reent.o)
                              C:/ST/STM32CubeIDE_1.15.0/STM32CubeIDE/plugins/com.st.stm32cube.ide.mcu.externaltools.gnu-tools-for-stm32.12.3.rel1.win32_1.0.100.202403111256/tools/bin/../lib/gcc/arm-none-eabi/12.3.1/../../../../arm-none-eabi/lib/thumb/v7-m/nofp\libc_nano.a(libc_a-closer.o) (errno)
C:/ST/STM32CubeIDE_1.15.0/STM32CubeIDE/plugins/com.st.stm32cube.ide.mcu.externaltools.gnu-tools-for-stm32.12.3.rel1.win32_1.0.100.202403111256/tools/bin/../lib/gcc/arm-none-eabi/12.3.1/../../../../arm-none-eabi/lib/thumb/v7-m/nofp\libc_nano.a(libc_a-impure.o)
                              C:/ST/STM32CubeIDE_1.15.0/STM32CubeIDE/plugins/com.st.stm32cube.ide.mcu.externaltools.gnu-tools-for-stm32.12.3.rel1.win32_1.0.100.202403111256/tools/bin/../lib/gcc/arm-none-eabi/12.3.1/../../../../arm-none-eabi/lib/thumb/v7-m/nofp\libc_nano.a(libc_a-reent.o) (_impure_ptr)
C:/ST/STM32CubeIDE_1.15.0/STM32CubeIDE/plugins/com.st.stm32cube.ide.mcu.externaltools.gnu-tools-for-stm32.12.3.rel1.win32_1.0.100.202403111256/tools/bin/../lib/gcc/arm-none-eabi/12.3.1/../../../../arm-none-eabi/lib/thumb/v7-m/nofp\libc_nano.a(libc_a-lseekr.o)
[...]
Memory Configuration

Name             Origin             Length             Attributes
RAM              0x20000000         0x00005000         xrw
FLASH            0x08000000         0x00010000         xr
*default*        0x00000000         0xffffffff

Linker script and memory map

LOAD C:/ST/STM32CubeIDE_1.15.0/STM32CubeIDE/plugins/com.st.stm32cube.ide.mcu.externaltools.gnu-tools-for-stm32.12.3.rel1.win32_1.0.100.202403111256/tools/bin/../lib/gcc/arm-none-eabi/12.3.1/thumb/v7-m/nofp/crti.o
LOAD C:/ST/STM32CubeIDE_1.15.0/STM32CubeIDE/plugins/com.st.stm32cube.ide.mcu.externaltools.gnu-tools-for-stm32.12.3.rel1.win32_1.0.100.202403111256/tools/bin/../lib/gcc/arm-none-eabi/12.3.1/thumb/v7-m/nofp/crtbegin.o
LOAD C:/ST/STM32CubeIDE_1.15.0/STM32CubeIDE/plugins/com.st.stm32cube.ide.mcu.externaltools.gnu-tools-for-stm32.12.3.rel1.win32_1.0.100.202403111256/tools/bin/../lib/gcc/arm-none-eabi/12.3.1/../../../../arm-none-eabi/lib/thumb/v7-m/nofp/crt0.o
LOAD ./Core/Src/fatfs_sd.o
LOAD ./Core/Src/main.o
LOAD ./Core/Src/stm32f1xx_hal_msp.o
LOAD ./Core/Src/stm32f1xx_it.o
LOAD ./Core/Src/syscalls.o
LOAD ./Core/Src/sysmem.o
LOAD ./Core/Src/system_stm32f1xx.o
LOAD ./Core/Startup/startup_stm32f103c8tx.o
LOAD ./Drivers/STM32F1xx_HAL_Driver/Src/stm32f1xx_hal.o
LOAD ./Drivers/STM32F1xx_HAL_Driver/Src/stm32f1xx_hal_cortex.o
LOAD ./Drivers/STM32F1xx_HAL_Driver/Src/stm32f1xx_hal_dma.o
LOAD ./Drivers/STM32F1xx_HAL_Driver/Src/stm32f1xx_hal_exti.o
LOAD ./Drivers/STM32F1xx_HAL_Driver/Src/stm32f1xx_hal_flash.o
LOAD ./Drivers/STM32F1xx_HAL_Driver/Src/stm32f1xx_hal_flash_ex.o
LOAD ./Drivers/STM32F1xx_HAL_Driver/Src/stm32f1xx_hal_gpio.o
LOAD ./Drivers/STM32F1xx_HAL_Driver/Src/stm32f1xx_hal_gpio_ex.o
LOAD ./Drivers/STM32F1xx_HAL_Driver/Src/stm32f1xx_hal_pwr.o
LOAD ./Drivers/STM32F1xx_HAL_Driver/Src/stm32f1xx_hal_rcc.o
LOAD ./Drivers/STM32F1xx_HAL_Driver/Src/stm32f1xx_hal_rcc_ex.o
LOAD ./Drivers/STM32F1xx_HAL_Driver/Src/stm32f1xx_hal_spi.o
LOAD ./Drivers/STM32F1xx_HAL_Driver/Src/stm32f1xx_hal_tim.o
LOAD ./Drivers/STM32F1xx_HAL_Driver/Src/stm32f1xx_hal_tim_ex.o
LOAD ./FATFS/App/fatfs.o
LOAD ./FATFS/Target/user_diskio.o
LOAD ./Middlewares/Third_Party/FatFs/src/diskio.o
LOAD ./Middlewares/Third_Party/FatFs/src/ff.o
LOAD ./Middlewares/Third_Party/FatFs/src/ff_gen_drv.o
LOAD ./Middlewares/Third_Party/FatFs/src/option/ccsbcs.o
LOAD ./Middlewares/Third_Party/FatFs/src/option/syscall.o
START GROUP
LOAD C:/ST/STM32CubeIDE_1.15.0/STM32CubeIDE/plugins/com.st.stm32cube.ide.mcu.externaltools.gnu-tools-for-stm32.12.3.rel1.win32_1.0.100.202403111256/tools/bin/../lib/gcc/arm-none-eabi/12.3.1/../../../../arm-none-eabi/lib/thumb/v7-m/nofp\libc_nano.a
LOAD C:/ST/STM32CubeIDE_1.15.0/STM32CubeIDE/plugins/com.st.stm32cube.ide.mcu.externaltools.gnu-tools-for-stm32.12.3.rel1.win32_1.0.100.202403111256/tools/bin/../lib/gcc/arm-none-eabi/12.3.1/../../../../arm-none-eabi/lib/thumb/v7-m/nofp\libm.a
END GROUP
START GROUP
LOAD C:/ST/STM32CubeIDE_1.15.0/STM32CubeIDE/plugins/com.st.stm32cube.ide.mcu.externaltools.gnu-tools-for-stm32.12.3.rel1.win32_1.0.100.202403111256/tools/bin/../lib/gcc/arm-none-eabi/12.3.1/thumb/v7-m/nofp\libgcc.a
LOAD C:/ST/STM32CubeIDE_1.15.0/STM32CubeIDE/plugins/com.st.stm32cube.ide.mcu.externaltools.gnu-tools-for-stm32.12.3.rel1.win32_1.0.100.202403111256/tools/bin/../lib/gcc/arm-none-eabi/12.3.1/../../../../arm-none-eabi/lib/thumb/v7-m/nofp\libc_nano.a
END GROUP
START GROUP
LOAD C:/ST/STM32CubeIDE_1.15.0/STM32CubeIDE/plugins/com.st.stm32cube.ide.mcu.externaltools.gnu-tools-for-stm32.12.3.rel1.win32_1.0.100.202403111256/tools/bin/../lib/gcc/arm-none-eabi/12.3.1/thumb/v7-m/nofp\libgcc.a
LOAD C:/ST/STM32CubeIDE_1.15.0/STM32CubeIDE/plugins/com.st.stm32cube.ide.mcu.externaltools.gnu-tools-for-stm32.12.3.rel1.win32_1.0.100.202403111256/tools/bin/../lib/gcc/arm-none-eabi/12.3.1/../../../../arm-none-eabi/lib/thumb/v7-m/nofp\libc_nano.a
LOAD C:/ST/STM32CubeIDE_1.15.0/STM32CubeIDE/plugins/com.st.stm32cube.ide.mcu.externaltools.gnu-tools-for-stm32.12.3.rel1.win32_1.0.100.202403111256/tools/bin/../lib/gcc/arm-none-eabi/12.3.1/../../../../arm-none-eabi/lib/thumb/v7-m/nofp\libnosys.a
END GROUP
START GROUP
LOAD C:/ST/STM32CubeIDE_1.15.0/STM32CubeIDE/plugins/com.st.stm32cube.ide.mcu.externaltools.gnu-tools-for-stm32.12.3.rel1.win32_1.0.100.202403111256/tools/bin/../lib/gcc/arm-none-eabi/12.3.1/thumb/v7-m/nofp\libgcc.a
LOAD C:/ST/STM32CubeIDE_1.15.0/STM32CubeIDE/plugins/com.st.stm32cube.ide.mcu.externaltools.gnu-tools-for-stm32.12.3.rel1.win32_1.0.100.202403111256/tools/bin/../lib/gcc/arm-none-eabi/12.3.1/../../../../arm-none-eabi/lib/thumb/v7-m/nofp\libc_nano.a
LOAD C:/ST/STM32CubeIDE_1.15.0/STM32CubeIDE/plugins/com.st.stm32cube.ide.mcu.externaltools.gnu-tools-for-stm32.12.3.rel1.win32_1.0.100.202403111256/tools/bin/../lib/gcc/arm-none-eabi/12.3.1/../../../../arm-none-eabi/lib/thumb/v7-m/nofp\libnosys.a
END GROUP
LOAD C:/ST/STM32CubeIDE_1.15.0/STM32CubeIDE/plugins/com.st.stm32cube.ide.mcu.externaltools.gnu-tools-for-stm32.12.3.rel1.win32_1.0.100.202403111256/tools/bin/../lib/gcc/arm-none-eabi/12.3.1/thumb/v7-m/nofp/crtend.o
LOAD C:/ST/STM32CubeIDE_1.15.0/STM32CubeIDE/plugins/com.st.stm32cube.ide.mcu.externaltools.gnu-tools-for-stm32.12.3.rel1.win32_1.0.100.202403111256/tools/bin/../lib/gcc/arm-none-eabi/12.3.1/thumb/v7-m/nofp/crtn.o
                0x20005000                        _estack = (ORIGIN (RAM) + LENGTH (RAM))
                0x00000200                        _Min_Heap_Size = 0x200
                0x00000400                        _Min_Stack_Size = 0x400

.isr_vector     0x08000000      0x10c
                0x08000000                        . = ALIGN (0x4)
 *(.isr_vector)
 .isr_vector    0x08000000      0x10c ./Core/Startup/startup_stm32f103c8tx.o
                0x08000000                g_pfnVectors
                0x0800010c                        . = ALIGN (0x4)

.text           0x0800010c     0x631c
                0x0800010c                        . = ALIGN (0x4)
 *(.text)
 .text          0x0800010c       0x40 C:/ST/STM32CubeIDE_1.15.0/STM32CubeIDE/plugins/com.st.stm32cube.ide.mcu.externaltools.gnu-tools-for-stm32.12.3.rel1.win32_1.0.100.202403111256/tools/bin/../lib/gcc/arm-none-eabi/12.3.1/thumb/v7-m/nofp/crtbegin.o
 *(.text*)
 .text.SELECT   0x0800014c       0x1c ./Core/Src/fatfs_sd.o
 .text.DESELECT
                0x08000168       0x1c ./Core/Src/fatfs_sd.o
 .text.SPI_TxByte
                0x08000184       0x34 ./Core/Src/fatfs_sd.o
 .text.SPI_TxBuffer
                0x080001b8       0x34 ./Core/Src/fatfs_sd.o
 .text.SPI_RxByte
                0x080001ec       0x38 ./Core/Src/fatfs_sd.o
 .text.SPI_RxBytePtr
                0x08000224       0x1c ./Core/Src/fatfs_sd.o
 .text.SD_ReadyWait
                0x08000240       0x34 ./Core/Src/fatfs_sd.o
 .text.SD_PowerOn
                0x08000274       0x84 ./Core/Src/fatfs_sd.o
 .text.SD_PowerOff
                0x080002f8       0x18 ./Core/Src/fatfs_sd.o
 .text.SD_CheckPower
                0x08000310       0x14 ./Core/Src/fatfs_sd.o
 .text.SD_RxDataBlock
                0x08000324       0x5c ./Core/Src/fatfs_sd.o
 .text.SD_TxDataBlock
                0x08000380       0x86 ./Core/Src/fatfs_sd.o
 .text.SD_SendCmd
                0x08000406       0xa8 ./Core/Src/fatfs_sd.o
 *fill*         0x080004ae        0x2 
 .text.SD_disk_initialize
                0x080004b0      0x1cc ./Core/Src/fatfs_sd.o
                0x080004b0                SD_disk_initialize
 .text.SD_disk_status
                0x0800067c       0x28 ./Core/Src/fatfs_sd.o
                0x0800067c                SD_disk_status
 .text.SD_disk_read
                0x080006a4       0xd4 ./Core/Src/fatfs_sd.o
                0x080006a4                SD_disk_read
 .text.SD_disk_write
                0x08000778      0x108 ./Core/Src/fatfs_sd.o
                0x08000778                SD_disk_write
 .text.SD_disk_ioctl
                0x08000880      0x254 ./Core/Src/fatfs_sd.o
                0x08000880                SD_disk_ioctl
 .text.main     0x08000ad4       0x6c ./Core/Src/main.o
                0x08000ad4                main
 .text.SystemClock_Config
                0x08000b40       0x8a ./Core/Src/main.o
                0x08000b40                SystemClock_Config
 *fill*         0x08000bca        0x2 
 .text.MX_SPI1_Init
                0x08000bcc       0x6c ./Core/Src/main.o
 .text.MX_GPIO_Init
                0x08000c38       0x7c ./Core/Src/main.o
 .text.Error_Handler
                0x08000cb4        0xc ./Core/Src/main.o
                0x08000cb4                Error_Handler
 .text.HAL_MspInit
                0x08000cc0       0x64 ./Core/Src/stm32f1xx_hal_msp.o
                0x08000cc0                HAL_MspInit
 .text.HAL_SPI_MspInit
                0x08000d24       0x94 ./Core/Src/stm32f1xx_hal_msp.o
                0x08000d24                HAL_SPI_MspInit
 .text.NMI_Handler
                0x08000db8        0x8 ./Core/Src/stm32f1xx_it.o
                0x08000db8                NMI_Handler
 .text.HardFault_Handler
                0x08000dc0        0x8 ./Core/Src/stm32f1xx_it.o
                0x08000dc0                HardFault_Handler
 .text.MemManage_Handler
                0x08000dc8        0x8 ./Core/Src/stm32f1xx_it.o
                0x08000dc8                MemManage_Handler
 .text.BusFault_Handler
                0x08000dd0        0x8 ./Core/Src/stm32f1xx_it.o
                0x08000dd0                BusFault_Handler
 .text.UsageFault_Handler
                0x08000dd8        0x8 ./Core/Src/stm32f1xx_it.o
                0x08000dd8                UsageFault_Handler
 .text.SVC_Handler
                0x08000de0        0xc ./Core/Src/stm32f1xx_it.o
                0x08000de0                SVC_Handler
 .text.DebugMon_Handler
                0x08000dec        0xc ./Core/Src/stm32f1xx_it.o
                0x08000dec                DebugMon_Handler
 .text.PendSV_Handler
                0x08000df8        0xc ./Core/Src/stm32f1xx_it.o
                0x08000df8                PendSV_Handler
 .text.SysTick_Handler
                0x08000e04       0x3c ./Core/Src/stm32f1xx_it.o
                0x08000e04                SysTick_Handler
 .text.SystemInit
                0x08000e40        0xc ./Core/Src/system_stm32f1xx.o
                0x08000e40                SystemInit
 .text.Reset_Handler
                0x08000e4c       0x48 ./Core/Startup/startup_stm32f103c8tx.o
                0x08000e4c                Reset_Handler
 .text.Default_Handler
                0x08000e94        0x2 ./Core/Startup/startup_stm32f103c8tx.o
                0x08000e94                RTC_Alarm_IRQHandler
                0x08000e94                EXTI2_IRQHandler
                0x08000e94                TIM1_CC_IRQHandler
                0x08000e94                PVD_IRQHandler
                0x08000e94                EXTI3_IRQHandler
                0x08000e94                EXTI0_IRQHandler
                0x08000e94                I2C2_EV_IRQHandler
                0x08000e94                ADC1_2_IRQHandler
                0x08000e94                SPI1_IRQHandler
                0x08000e94                TAMPER_IRQHandler
                0x08000e94                DMA1_Channel4_IRQHandler
                0x08000e94                USART3_IRQHandler
                0x08000e94                RTC_IRQHandler
                0x08000e94                DMA1_Channel7_IRQHandler
                0x08000e94                CAN1_RX1_IRQHandler
                0x08000e94                TIM4_IRQHandler
                0x08000e94                I2C1_EV_IRQHandler
                0x08000e94                DMA1_Channel6_IRQHandler
                0x08000e94                TIM3_IRQHandler
                0x08000e94                RCC_IRQHandler
                0x08000e94                TIM1_TRG_COM_IRQHandler
                0x08000e94                DMA1_Channel1_IRQHandler
                0x08000e94                Default_Handler
                0x08000e94                EXTI15_10_IRQHandler
                0x08000e94                EXTI9_5_IRQHandler
                0x08000e94                SPI2_IRQHandler
                0x08000e94                DMA1_Channel5_IRQHandler
                0x08000e94                EXTI4_IRQHandler
                0x08000e94                USB_LP_CAN1_RX0_IRQHandler
                0x08000e94                USB_HP_CAN1_TX_IRQHandler
                0x08000e94                DMA1_Channel3_IRQHandler
                0x08000e94                TIM1_UP_IRQHandler
                0x08000e94                WWDG_IRQHandler
                0x08000e94                TIM2_IRQHandler
                0x08000e94                TIM1_BRK_IRQHandler
                0x08000e94                EXTI1_IRQHandler
                0x08000e94                USART2_IRQHandler
                0x08000e94                I2C2_ER_IRQHandler
                0x08000e94                DMA1_Channel2_IRQHandler
                0x08000e94                CAN1_SCE_IRQHandler
                0x08000e94                FLASH_IRQHandler
                0x08000e94                USART1_IRQHandler
                0x08000e94                I2C1_ER_IRQHandler
                0x08000e94                USBWakeUp_IRQHandler
 *fill*         0x08000e96        0x2 
 .text.HAL_Init
                0x08000e98       0x2c ./Drivers/STM32F1xx_HAL_Driver/Src/stm32f1xx_hal.o
                0x08000e98                HAL_Init
 .text.HAL_InitTick
                0x08000ec4       0x60 ./Drivers/STM32F1xx_HAL_Driver/Src/stm32f1xx_hal.o
                0x08000ec4                HAL_InitTick
 .text.HAL_IncTick
                0x08000f24       0x24 ./Drivers/STM32F1xx_HAL_Driver/Src/stm32f1xx_hal.o
                0x08000f24                HAL_IncTick
 .text.HAL_GetTick
                0x08000f48       0x14 ./Drivers/STM32F1xx_HAL_Driver/Src/stm32f1xx_hal.o
                0x08000f48                HAL_GetTick
 .text.HAL_Delay
                0x08000f5c       0x48 ./Drivers/STM32F1xx_HAL_Driver/Src/stm32f1xx_hal.o
                0x08000f5c                HAL_Delay
 .text.__NVIC_SetPriorityGrouping
                0x08000fa4       0x48 ./Drivers/STM32F1xx_HAL_Driver/Src/stm32f1xx_hal_cortex.o
 .text.__NVIC_GetPriorityGrouping
                0x08000fec       0x1c ./Drivers/STM32F1xx_HAL_Driver/Src/stm32f1xx_hal_cortex.o
 .text.__NVIC_SetPriority
                0x08001008       0x54 ./Drivers/STM32F1xx_HAL_Driver/Src/stm32f1xx_hal_cortex.o
 .text.NVIC_EncodePriority
                0x0800105c       0x64 ./Drivers/STM32F1xx_HAL_Driver/Src/stm32f1xx_hal_cortex.o
 .text.SysTick_Config
                0x080010c0       0x44 ./Drivers/STM32F1xx_HAL_Driver/Src/stm32f1xx_hal_cortex.o
 .text.HAL_NVIC_SetPriorityGrouping
                0x08001104       0x16 ./Drivers/STM32F1xx_HAL_Driver/Src/stm32f1xx_hal_cortex.o
                0x08001104                HAL_NVIC_SetPriorityGrouping
 .text.HAL_NVIC_SetPriority
                0x0800111a       0x38 ./Drivers/STM32F1xx_HAL_Driver/Src/stm32f1xx_hal_cortex.o
                0x0800111a                HAL_NVIC_SetPriority
 .text.HAL_SYSTICK_Config
                0x08001152       0x18 ./Drivers/STM32F1xx_HAL_Driver/Src/stm32f1xx_hal_cortex.o
                0x08001152                HAL_SYSTICK_Config
 *fill*         0x0800116a        0x2 
 .text.HAL_GPIO_Init
                0x0800116c      0x308 ./Drivers/STM32F1xx_HAL_Driver/Src/stm32f1xx_hal_gpio.o
                0x0800116c                HAL_GPIO_Init
 .text.HAL_GPIO_WritePin
                0x08001474       0x30 ./Drivers/STM32F1xx_HAL_Driver/Src/stm32f1xx_hal_gpio.o
                0x08001474                HAL_GPIO_WritePin
 .text.HAL_RCC_OscConfig
                0x080014a4      0x504 ./Drivers/STM32F1xx_HAL_Driver/Src/stm32f1xx_hal_rcc.o
                0x080014a4                HAL_RCC_OscConfig
 .text.HAL_RCC_ClockConfig
                0x080019a8      0x1d4 ./Drivers/STM32F1xx_HAL_Driver/Src/stm32f1xx_hal_rcc.o
                0x080019a8                HAL_RCC_ClockConfig
 .text.HAL_RCC_GetSysClockFreq
                0x08001b7c       0xa8 ./Drivers/STM32F1xx_HAL_Driver/Src/stm32f1xx_hal_rcc.o
                0x08001b7c                HAL_RCC_GetSysClockFreq
 .text.RCC_Delay
                0x08001c24       0x3c ./Drivers/STM32F1xx_HAL_Driver/Src/stm32f1xx_hal_rcc.o
 .text.HAL_SPI_Init
                0x08001c60      0x108 ./Drivers/STM32F1xx_HAL_Driver/Src/stm32f1xx_hal_spi.o
                0x08001c60                HAL_SPI_Init
 .text.HAL_SPI_Transmit
                0x08001d68      0x286 ./Drivers/STM32F1xx_HAL_Driver/Src/stm32f1xx_hal_spi.o
                0x08001d68                HAL_SPI_Transmit
 .text.HAL_SPI_TransmitReceive
                0x08001fee      0x360 ./Drivers/STM32F1xx_HAL_Driver/Src/stm32f1xx_hal_spi.o
                0x08001fee                HAL_SPI_TransmitReceive
 *fill*         0x0800234e        0x2 
 .text.SPI_WaitFlagStateUntilTimeout
                0x08002350      0x110 ./Drivers/STM32F1xx_HAL_Driver/Src/stm32f1xx_hal_spi.o
 .text.SPI_EndRxTxTransaction
                0x08002460       0x3c ./Drivers/STM32F1xx_HAL_Driver/Src/stm32f1xx_hal_spi.o
 .text.MX_FATFS_Init
                0x0800249c       0x24 ./FATFS/App/fatfs.o
                0x0800249c                MX_FATFS_Init
 .text.get_fattime
                0x080024c0        0xe ./FATFS/App/fatfs.o
                0x080024c0                get_fattime
 .text.USER_initialize
                0x080024ce       0x1e ./FATFS/Target/user_diskio.o
                0x080024ce                USER_initialize
 .text.USER_status
                0x080024ec       0x1e ./FATFS/Target/user_diskio.o
                0x080024ec                USER_status
 .text.USER_read
                0x0800250a       0x28 ./FATFS/Target/user_diskio.o
                0x0800250a                USER_read
 .text.USER_write
                0x08002532       0x28 ./FATFS/Target/user_diskio.o
                0x08002532                USER_write
 .text.USER_ioctl
                0x0800255a       0x28 ./FATFS/Target/user_diskio.o
                0x0800255a                USER_ioctl
 *fill*         0x08002582        0x2 
 .text.disk_status
                0x08002584       0x34 ./Middlewares/Third_Party/FatFs/src/diskio.o
                0x08002584                disk_status
 .text.disk_initialize
                0x080025b8       0x4c ./Middlewares/Third_Party/FatFs/src/diskio.o
                0x080025b8                disk_initialize
 .text.disk_read
                0x08002604       0x40 ./Middlewares/Third_Party/FatFs/src/diskio.o
                0x08002604                disk_read
 .text.disk_write
                0x08002644       0x40 ./Middlewares/Third_Party/FatFs/src/diskio.o
                0x08002644                disk_write
 .text.disk_ioctl
                0x08002684       0x3c ./Middlewares/Third_Party/FatFs/src/diskio.o
                0x08002684                disk_ioctl
 .text.mem_cpy  0x080026c0       0x3c ./Middlewares/Third_Party/FatFs/src/ff.o
 .text.mem_set  0x080026fc       0x34 ./Middlewares/Third_Party/FatFs/src/ff.o
 .text.mem_cmp  0x08002730       0x4c ./Middlewares/Third_Party/FatFs/src/ff.o
 .text.chk_chr  0x0800277c       0x34 ./Middlewares/Third_Party/FatFs/src/ff.o
 .text.chk_lock
                0x080027b0       0xe0 ./Middlewares/Third_Party/FatFs/src/ff.o
 .text.enq_lock
                0x08002890       0x48 ./Middlewares/Third_Party/FatFs/src/ff.o
 .text.inc_lock
                0x080028d8      0x178 ./Middlewares/Third_Party/FatFs/src/ff.o
 .text.dec_lock
                0x08002a50       0x88 ./Middlewares/Third_Party/FatFs/src/ff.o
 .text.clear_lock
                0x08002ad8       0x54 ./Middlewares/Third_Party/FatFs/src/ff.o
 .text.sync_window
                0x08002b2c       0xa4 ./Middlewares/Third_Party/FatFs/src/ff.o
 .text.move_window
                0x08002bd0       0x64 ./Middlewares/Third_Party/FatFs/src/ff.o
 .text.sync_fs  0x08002c34      0x17e ./Middlewares/Third_Party/FatFs/src/ff.o
 .text.clust2sect
                0x08002db2       0x48 ./Middlewares/Third_Party/FatFs/src/ff.o
                0x08002db2                clust2sect
 .text.get_fat  0x08002dfa      0x1f6 ./Middlewares/Third_Party/FatFs/src/ff.o
                0x08002dfa                get_fat
 .text.put_fat  0x08002ff0      0x2a6 ./Middlewares/Third_Party/FatFs/src/ff.o
                0x08002ff0                put_fat
 .text.remove_chain
                0x08003296       0xc2 ./Middlewares/Third_Party/FatFs/src/ff.o
 .text.create_chain
                0x08003358      0x150 ./Middlewares/Third_Party/FatFs/src/ff.o
 .text.clmt_clust
                0x080034a8       0x80 ./Middlewares/Third_Party/FatFs/src/ff.o
 .text.dir_sdi  0x08003528      0x19c ./Middlewares/Third_Party/FatFs/src/ff.o
 .text.dir_next
                0x080036c4      0x294 ./Middlewares/Third_Party/FatFs/src/ff.o
 .text.dir_alloc
                0x08003958       0x9c ./Middlewares/Third_Party/FatFs/src/ff.o
 .text.ld_clust
                0x080039f4       0x5c ./Middlewares/Third_Party/FatFs/src/ff.o
 .text.st_clust
                0x08003a50       0x4c ./Middlewares/Third_Party/FatFs/src/ff.o
 .text.cmp_lfn  0x08003a9c       0xdc ./Middlewares/Third_Party/FatFs/src/ff.o
 .text.fit_lfn  0x08003b78       0xe8 ./Middlewares/Third_Party/FatFs/src/ff.o
 .text.gen_numname
                0x08003c60      0x11c ./Middlewares/Third_Party/FatFs/src/ff.o
 .text.sum_sfn  0x08003d7c       0x40 ./Middlewares/Third_Party/FatFs/src/ff.o
 .text.dir_find
                0x08003dbc      0x198 ./Middlewares/Third_Party/FatFs/src/ff.o
 .text.dir_register
                0x08003f54      0x248 ./Middlewares/Third_Party/FatFs/src/ff.o
 .text.create_name
                0x0800419c      0x37c ./Middlewares/Third_Party/FatFs/src/ff.o
 .text.follow_path
                0x08004518       0xec ./Middlewares/Third_Party/FatFs/src/ff.o
 .text.get_ldnumber
                0x08004604       0x86 ./Middlewares/Third_Party/FatFs/src/ff.o
 *fill*         0x0800468a        0x2 
 .text.check_fs
                0x0800468c       0xdc ./Middlewares/Third_Party/FatFs/src/ff.o
 .text.find_volume
                0x08004768      0x664 ./Middlewares/Third_Party/FatFs/src/ff.o
 .text.validate
                0x08004dcc       0x76 ./Middlewares/Third_Party/FatFs/src/ff.o
 *fill*         0x08004e42        0x2 
 .text.f_mount  0x08004e44       0x94 ./Middlewares/Third_Party/FatFs/src/ff.o
                0x08004e44                f_mount
 .text.f_open   0x08004ed8      0x628 ./Middlewares/Third_Party/FatFs/src/ff.o
                0x08004ed8                f_open
 .text.f_write  0x08005500      0x472 ./Middlewares/Third_Party/FatFs/src/ff.o
                0x08005500                f_write
 .text.f_sync   0x08005972      0x19c ./Middlewares/Third_Party/FatFs/src/ff.o
                0x08005972                f_sync
 .text.f_close  0x08005b0e       0x56 ./Middlewares/Third_Party/FatFs/src/ff.o
                0x08005b0e                f_close
 .text.f_lseek  0x08005b64      0x5e2 ./Middlewares/Third_Party/FatFs/src/ff.o
                0x08005b64                f_lseek
 .text.putc_bfd
                0x08006146       0x7a ./Middlewares/Third_Party/FatFs/src/ff.o
 .text.f_puts   0x080061c0       0x72 ./Middlewares/Third_Party/FatFs/src/ff.o
                0x080061c0                f_puts
 *fill*         0x08006232        0x2 
 .text.FATFS_LinkDriverEx
                0x08006234       0x94 ./Middlewares/Third_Party/FatFs/src/ff_gen_drv.o
                0x08006234                FATFS_LinkDriverEx
 .text.FATFS_LinkDriver
                0x080062c8       0x1e ./Middlewares/Third_Party/FatFs/src/ff_gen_drv.o
                0x080062c8                FATFS_LinkDriver
 *fill*         0x080062e6        0x2 
 .text.ff_convert
                0x080062e8       0x74 ./Middlewares/Third_Party/FatFs/src/option/ccsbcs.o
                0x080062e8                ff_convert
 .text.ff_wtoupper
                0x0800635c       0x5c ./Middlewares/Third_Party/FatFs/src/option/ccsbcs.o
                0x0800635c                ff_wtoupper
 .text.memset   0x080063b8       0x10 C:/ST/STM32CubeIDE_1.15.0/STM32CubeIDE/plugins/com.st.stm32cube.ide.mcu.externaltools.gnu-tools-for-stm32.12.3.rel1.win32_1.0.100.202403111256/tools/bin/../lib/gcc/arm-none-eabi/12.3.1/../../../../arm-none-eabi/lib/thumb/v7-m/nofp\libc_nano.a(libc_a-memset.o)
                0x080063b8                memset
 .text.__libc_init_array
                0x080063c8       0x48 C:/ST/STM32CubeIDE_1.15.0/STM32CubeIDE/plugins/com.st.stm32cube.ide.mcu.externaltools.gnu-tools-for-stm32.12.3.rel1.win32_1.0.100.202403111256/tools/bin/../lib/gcc/arm-none-eabi/12.3.1/../../../../arm-none-eabi/lib/thumb/v7-m/nofp\libc_nano.a(libc_a-init.o)
                0x080063c8                __libc_init_array
 *(.glue_7)
 .glue_7        0x08006410        0x0 linker stubs
 *(.glue_7t)
 .glue_7t       0x08006410        0x0 linker stubs
 *(.eh_frame)
 .eh_frame      0x08006410        0x0 C:/ST/STM32CubeIDE_1.15.0/STM32CubeIDE/plugins/com.st.stm32cube.ide.mcu.externaltools.gnu-tools-for-stm32.12.3.rel1.win32_1.0.100.202403111256/tools/bin/../lib/gcc/arm-none-eabi/12.3.1/thumb/v7-m/nofp/crtbegin.o
 *(.init)
 .init          0x08006410        0x4 C:/ST/STM32CubeIDE_1.15.0/STM32CubeIDE/plugins/com.st.stm32cube.ide.mcu.externaltools.gnu-tools-for-stm32.12.3.rel1.win32_1.0.100.202403111256/tools/bin/../lib/gcc/arm-none-eabi/12.3.1/thumb/v7-m/nofp/crti.o
                0x08006410                _init
 .init          0x08006414        0x8 C:/ST/STM32CubeIDE_1.15.0/STM32CubeIDE/plugins/com.st.stm32cube.ide.mcu.externaltools.gnu-tools-for-stm32.12.3.rel1.win32_1.0.100.202403111256/tools/bin/../lib/gcc/arm-none-eabi/12.3.1/thumb/v7-m/nofp/crtn.o
 *(.fini)
 .fini          0x0800641c        0x4 C:/ST/STM32CubeIDE_1.15.0/STM32CubeIDE/plugins/com.st.stm32cube.ide.mcu.externaltools.gnu-tools-for-stm32.12.3.rel1.win32_1.0.100.202403111256/tools/bin/../lib/gcc/arm-none-eabi/12.3.1/thumb/v7-m/nofp/crti.o
                0x0800641c                _fini
 .fini          0x08006420        0x8 C:/ST/STM32CubeIDE_1.15.0/STM32CubeIDE/plugins/com.st.stm32cube.ide.mcu.externaltools.gnu-tools-for-stm32.12.3.rel1.win32_1.0.100.202403111256/tools/bin/../lib/gcc/arm-none-eabi/12.3.1/thumb/v7-m/nofp/crtn.o
                0x08006428                        . = ALIGN (0x4)
                0x08006428                        _etext = .

.vfp11_veneer   0x08006428        0x0
 .vfp11_veneer  0x08006428        0x0 linker stubs

.v4_bx          0x08006428        0x0
 .v4_bx         0x08006428        0x0 linker stubs

.iplt           0x08006428        0x0
 .iplt          0x08006428        0x0 C:/ST/STM32CubeIDE_1.15.0/STM32CubeIDE/plugins/com.st.stm32cube.ide.mcu.externaltools.gnu-tools-for-stm32.12.3.rel1.win32_1.0.100.202403111256/tools/bin/../lib/gcc/arm-none-eabi/12.3.1/thumb/v7-m/nofp/crtbegin.o

.rodata         0x08006428      0x5ec
                0x08006428                        . = ALIGN (0x4)
 *(.rodata)
 .rodata        0x08006428       0x2d ./Core/Src/main.o
 *fill*         0x08006455        0x3 
 .rodata        0x08006458       0x48 ./Middlewares/Third_Party/FatFs/src/ff.o
 *(.rodata*)
 .rodata.AHBPrescTable
                0x080064a0       0x10 ./Core/Src/system_stm32f1xx.o
                0x080064a0                AHBPrescTable
 .rodata.aPLLMULFactorTable.1
                0x080064b0       0x10 ./Drivers/STM32F1xx_HAL_Driver/Src/stm32f1xx_hal_rcc.o
 .rodata.aPredivFactorTable.0
                0x080064c0        0x2 ./Drivers/STM32F1xx_HAL_Driver/Src/stm32f1xx_hal_rcc.o
 *fill*         0x080064c2        0x2 
 .rodata.ExCvt  0x080064c4       0x80 ./Middlewares/Third_Party/FatFs/src/ff.o
 .rodata.LfnOfs
                0x08006544        0xd ./Middlewares/Third_Party/FatFs/src/ff.o
 *fill*         0x08006551        0x3 
 .rodata.Tbl    0x08006554      0x100 ./Middlewares/Third_Party/FatFs/src/option/ccsbcs.o
 .rodata.tbl_lower.1
                0x08006654      0x1e0 ./Middlewares/Third_Party/FatFs/src/option/ccsbcs.o
 .rodata.tbl_upper.0
                0x08006834      0x1e0 ./Middlewares/Third_Party/FatFs/src/option/ccsbcs.o
                0x08006a14                        . = ALIGN (0x4)

.ARM.extab      0x08006a14        0x0
                0x08006a14                        . = ALIGN (0x4)
 *(.ARM.extab* .gnu.linkonce.armextab.*)
                0x08006a14                        . = ALIGN (0x4)

.ARM            0x08006a14        0x0
                0x08006a14                        . = ALIGN (0x4)
                0x08006a14                        __exidx_start = .
 *(.ARM.exidx*)
                0x08006a14                        __exidx_end = .
                0x08006a14                        . = ALIGN (0x4)

.preinit_array  0x08006a14        0x0
                0x08006a14                        . = ALIGN (0x4)
                0x08006a14                        PROVIDE (__preinit_array_start = .)
 *(.preinit_array*)
                0x08006a14                        PROVIDE (__preinit_array_end = .)
                0x08006a14                        . = ALIGN (0x4)

.init_array     0x08006a14        0x4
                0x08006a14                        . = ALIGN (0x4)
                0x08006a14                        PROVIDE (__init_array_start = .)
 *(SORT_BY_NAME(.init_array.*))
 *(.init_array*)
 .init_array    0x08006a14        0x4 C:/ST/STM32CubeIDE_1.15.0/STM32CubeIDE/plugins/com.st.stm32cube.ide.mcu.externaltools.gnu-tools-for-stm32.12.3.rel1.win32_1.0.100.202403111256/tools/bin/../lib/gcc/arm-none-eabi/12.3.1/thumb/v7-m/nofp/crtbegin.o
                0x08006a18                        PROVIDE (__init_array_end = .)
                0x08006a18                        . = ALIGN (0x4)

.fini_array     0x08006a18        0x4
                0x08006a18                        . = ALIGN (0x4)
                [!provide]                        PROVIDE (__fini_array_start = .)
 *(SORT_BY_NAME(.fini_array.*))
 *(.fini_array*)
 .fini_array    0x08006a18        0x4 C:/ST/STM32CubeIDE_1.15.0/STM32CubeIDE/plugins/com.st.stm32cube.ide.mcu.externaltools.gnu-tools-for-stm32.12.3.rel1.win32_1.0.100.202403111256/tools/bin/../lib/gcc/arm-none-eabi/12.3.1/thumb/v7-m/nofp/crtbegin.o
                [!provide]                        PROVIDE (__fini_array_end = .)
                0x08006a1c                        . = ALIGN (0x4)
                0x08006a1c                        _sidata = LOADADDR (.data)

.rel.dyn        0x08006a1c        0x0
 .rel.iplt      0x08006a1c        0x0 C:/ST/STM32CubeIDE_1.15.0/STM32CubeIDE/plugins/com.st.stm32cube.ide.mcu.externaltools.gnu-tools-for-stm32.12.3.rel1.win32_1.0.100.202403111256/tools/bin/../lib/gcc/arm-none-eabi/12.3.1/thumb/v7-m/nofp/crtbegin.o

.data           0x20000000       0x24 load address 0x08006a1c
                0x20000000                        . = ALIGN (0x4)
                0x20000000                        _sdata = .
 *(.data)
 *(.data*)
 .data.Stat     0x20000000        0x1 ./Core/Src/fatfs_sd.o
 *fill*         0x20000001        0x3 
 .data.SystemCoreClock
                0x20000004        0x4 ./Core/Src/system_stm32f1xx.o
                0x20000004                SystemCoreClock
 .data.uwTickPrio
                0x20000008        0x4 ./Drivers/STM32F1xx_HAL_Driver/Src/stm32f1xx_hal.o
                0x20000008                uwTickPrio
 .data.uwTickFreq
                0x2000000c        0x1 ./Drivers/STM32F1xx_HAL_Driver/Src/stm32f1xx_hal.o
                0x2000000c                uwTickFreq
 *fill*         0x2000000d        0x3 
 .data.USER_Driver
                0x20000010       0x14 ./FATFS/Target/user_diskio.o
                0x20000010                USER_Driver
 *(.RamFunc)
 *(.RamFunc*)
                0x20000024                        . = ALIGN (0x4)
                0x20000024                        _edata = .

.igot.plt       0x20000024        0x0 load address 0x08006a40
 .igot.plt      0x20000024        0x0 C:/ST/STM32CubeIDE_1.15.0/STM32CubeIDE/plugins/com.st.stm32cube.ide.mcu.externaltools.gnu-tools-for-stm32.12.3.rel1.win32_1.0.100.202403111256/tools/bin/../lib/gcc/arm-none-eabi/12.3.1/thumb/v7-m/nofp/crtbegin.o
                0x20000024                        . = ALIGN (0x4)

.bss            0x20000024     0x2310 load address 0x08006a40
                0x20000024                        _sbss = .
                0x20000024                        __bss_start__ = _sbss
 *(.bss)
 .bss           0x20000024       0x1c C:/ST/STM32CubeIDE_1.15.0/STM32CubeIDE/plugins/com.st.stm32cube.ide.mcu.externaltools.gnu-tools-for-stm32.12.3.rel1.win32_1.0.100.202403111256/tools/bin/../lib/gcc/arm-none-eabi/12.3.1/thumb/v7-m/nofp/crtbegin.o
 *(.bss*)
 .bss.Timer1    0x20000040        0x2 ./Core/Src/fatfs_sd.o
                0x20000040                Timer1
 .bss.Timer2    0x20000042        0x2 ./Core/Src/fatfs_sd.o
                0x20000042                Timer2
 .bss.CardType  0x20000044        0x1 ./Core/Src/fatfs_sd.o
 .bss.PowerFlag
                0x20000045        0x1 ./Core/Src/fatfs_sd.o
 *fill*         0x20000046        0x2 
 .bss.hspi1     0x20000048       0x58 ./Core/Src/main.o
                0x20000048                hspi1
 .bss.fs        0x200000a0     0x1030 ./Core/Src/main.o
                0x200000a0                fs
 .bss.fil       0x200010d0     0x102c ./Core/Src/main.o
                0x200010d0                fil
 .bss.uwTick    0x200020fc        0x4 ./Drivers/STM32F1xx_HAL_Driver/Src/stm32f1xx_hal.o
                0x200020fc                uwTick
 .bss.retUSER   0x20002100        0x1 ./FATFS/App/fatfs.o
                0x20002100                retUSER
 *fill*         0x20002101        0x3 
 .bss.USERPath  0x20002104        0x4 ./FATFS/App/fatfs.o
                0x20002104                USERPath
 .bss.FatFs     0x20002108        0x4 ./Middlewares/Third_Party/FatFs/src/ff.o
 .bss.Fsid      0x2000210c        0x2 ./Middlewares/Third_Party/FatFs/src/ff.o
 *fill*         0x2000210e        0x2 
 .bss.Files     0x20002110       0x18 ./Middlewares/Third_Party/FatFs/src/ff.o
 .bss.LfnBuf    0x20002128      0x200 ./Middlewares/Third_Party/FatFs/src/ff.o
 .bss.disk      0x20002328        0xc ./Middlewares/Third_Party/FatFs/src/ff_gen_drv.o
                0x20002328                disk
 *(COMMON)
                0x20002334                        . = ALIGN (0x4)
                0x20002334                        _ebss = .
                0x20002334                        __bss_end__ = _ebss

._user_heap_stack
                0x20002334      0x604 load address 0x08006a40
                0x20002338                        . = ALIGN (0x8)
 *fill*         0x20002334        0x4 
                [!provide]                        PROVIDE (end = .)
                0x20002338                        PROVIDE (_end = .)
                0x20002538                        . = (. + _Min_Heap_Size)
 *fill*         0x20002338      0x200 
                0x20002938                        . = (. + _Min_Stack_Size)
 *fill*         0x20002538      0x400 
                0x20002938                        . = ALIGN (0x8)

/DISCARD/
 libc.a(*)
 libm.a(*)
 libgcc.a(*)

.ARM.attributes
                0x00000000       0x29
 *(.ARM.attributes)
 .ARM.attributes
                0x00000000       0x1d C:/ST/STM32CubeIDE_1.15.0/STM32CubeIDE/plugins/com.st.stm32cube.ide.mcu.externaltools.gnu-tools-for-stm32.12.3.rel1.win32_1.0.100.202403111256/tools/bin/../lib/gcc/arm-none-eabi/12.3.1/thumb/v7-m/nofp/crti.o
 .ARM.attributes
                0x0000001d       0x2d C:/ST/STM32CubeIDE_1.15.0/STM32CubeIDE/plugins/com.st.stm32cube.ide.mcu.externaltools.gnu-tools-for-stm32.12.3.rel1.win32_1.0.100.202403111256/tools/bin/../lib/gcc/arm-none-eabi/12.3.1/thumb/v7-m/nofp/crtbegin.o
 .ARM.attributes
                0x0000004a       0x2d ./Core/Src/fatfs_sd.o
 .ARM.attributes
                0x00000077       0x2d ./Core/Src/main.o
 .ARM.attributes
                0x000000a4       0x2d ./Core/Src/stm32f1xx_hal_msp.o
 .ARM.attributes
                0x000000d1       0x2d ./Core/Src/stm32f1xx_it.o
 .ARM.attributes
                0x000000fe       0x2d ./Core/Src/system_stm32f1xx.o
 .ARM.attributes
                0x0000012b       0x21 ./Core/Startup/startup_stm32f103c8tx.o
 .ARM.attributes
                0x0000014c       0x2d ./Drivers/STM32F1xx_HAL_Driver/Src/stm32f1xx_hal.o
 .ARM.attributes
                0x00000179       0x2d ./Drivers/STM32F1xx_HAL_Driver/Src/stm32f1xx_hal_cortex.o
 .ARM.attributes
                0x000001a6       0x2d ./Drivers/STM32F1xx_HAL_Driver/Src/stm32f1xx_hal_gpio.o
 .ARM.attributes
                0x000001d3       0x2d ./Drivers/STM32F1xx_HAL_Driver/Src/stm32f1xx_hal_rcc.o
 .ARM.attributes
                0x00000200       0x2d ./Drivers/STM32F1xx_HAL_Driver/Src/stm32f1xx_hal_spi.o
 .ARM.attributes
                0x0000022d       0x2d ./FATFS/App/fatfs.o
 .ARM.attributes
                0x0000025a       0x2d ./FATFS/Target/user_diskio.o
 .ARM.attributes
                0x00000287       0x2d ./Middlewares/Third_Party/FatFs/src/diskio.o
 .ARM.attributes
                0x000002b4       0x2d ./Middlewares/Third_Party/FatFs/src/ff.o
 .ARM.attributes
                0x000002e1       0x2d ./Middlewares/Third_Party/FatFs/src/ff_gen_drv.o
 .ARM.attributes
                0x0000030e       0x2d ./Middlewares/Third_Party/FatFs/src/option/ccsbcs.o
 .ARM.attributes
                0x0000033b       0x2d C:/ST/STM32CubeIDE_1.15.0/STM32CubeIDE/plugins/com.st.stm32cube.ide.mcu.externaltools.gnu-tools-for-stm32.12.3.rel1.win32_1.0.100.202403111256/tools/bin/../lib/gcc/arm-none-eabi/12.3.1/../../../../arm-none-eabi/lib/thumb/v7-m/nofp\libc_nano.a(libc_a-memset.o)
 .ARM.attributes
                0x00000368       0x2d C:/ST/STM32CubeIDE_1.15.0/STM32CubeIDE/plugins/com.st.stm32cube.ide.mcu.externaltools.gnu-tools-for-stm32.12.3.rel1.win32_1.0.100.202403111256/tools/bin/../lib/gcc/arm-none-eabi/12.3.1/../../../../arm-none-eabi/lib/thumb/v7-m/nofp\libc_nano.a(libc_a-init.o)
 .ARM.attributes
                0x00000395       0x1d C:/ST/STM32CubeIDE_1.15.0/STM32CubeIDE/plugins/com.st.stm32cube.ide.mcu.externaltools.gnu-tools-for-stm32.12.3.rel1.win32_1.0.100.202403111256/tools/bin/../lib/gcc/arm-none-eabi/12.3.1/thumb/v7-m/nofp/crtn.o
OUTPUT(pruebasd.elf elf32-littlearm)
LOAD linker stubs
LOAD C:/ST/STM32CubeIDE_1.15.0/STM32CubeIDE/plugins/com.st.stm32cube.ide.mcu.externaltools.gnu-tools-for-stm32.12.3.rel1.win32_1.0.100.202403111256/tools/bin/../lib/gcc/arm-none-eabi/12.3.1/../../../../arm-none-eabi/lib/thumb/v7-m/nofp\libc.a
LOAD C:/ST/STM32CubeIDE_1.15.0/STM32CubeIDE/plugins/com.st.stm32cube.ide.mcu.externaltools.gnu-tools-for-stm32.12.3.rel1.win32_1.0.100.202403111256/tools/bin/../lib/gcc/arm-none-eabi/12.3.1/../../../../arm-none-eabi/lib/thumb/v7-m/nofp\libm.a
LOAD C:/ST/STM32CubeIDE_1.15.0/STM32CubeIDE/plugins/com.st.stm32cube.ide.mcu.externaltools.gnu-tools-for-stm32.12.3.rel1.win32_1.0.100.202403111256/tools/bin/../lib/gcc/arm-none-eabi/12.3.1/thumb/v7-m/nofp\libgcc.a

.debug_info     0x00000000     0x8eef
 .debug_info    0x00000000      0xbb2 ./Core/Src/fatfs_sd.o
 .debug_info    0x00000bb2      0xd59 ./Core/Src/main.o
 .debug_info    0x0000190b      0x815 ./Core/Src/stm32f1xx_hal_msp.o
 .debug_info    0x00002120      0x13f ./Core/Src/stm32f1xx_it.o
 .debug_info    0x0000225f      0x222 ./Core/Src/system_stm32f1xx.o
 .debug_info    0x00002481       0x30 ./Core/Startup/startup_stm32f103c8tx.o
 .debug_info    0x000024b1      0x704 ./Drivers/STM32F1xx_HAL_Driver/Src/stm32f1xx_hal.o
 .debug_info    0x00002bb5      0xa87 ./Drivers/STM32F1xx_HAL_Driver/Src/stm32f1xx_hal_cortex.o
 .debug_info    0x0000363c      0x5ab ./Drivers/STM32F1xx_HAL_Driver/Src/stm32f1xx_hal_gpio.o
 .debug_info    0x00003be7      0x7d5 ./Drivers/STM32F1xx_HAL_Driver/Src/stm32f1xx_hal_rcc.o
 .debug_info    0x000043bc     0x1503 ./Drivers/STM32F1xx_HAL_Driver/Src/stm32f1xx_hal_spi.o
 .debug_info    0x000058bf      0x4dd ./FATFS/App/fatfs.o
 .debug_info    0x00005d9c      0x3af ./FATFS/Target/user_diskio.o
 .debug_info    0x0000614b      0x3da ./Middlewares/Third_Party/FatFs/src/diskio.o
 .debug_info    0x00006525     0x24dd ./Middlewares/Third_Party/FatFs/src/ff.o
 .debug_info    0x00008a02      0x37a ./Middlewares/Third_Party/FatFs/src/ff_gen_drv.o
 .debug_info    0x00008d7c      0x173 ./Middlewares/Third_Party/FatFs/src/option/ccsbcs.o

.debug_abbrev   0x00000000     0x1f78
 .debug_abbrev  0x00000000      0x302 ./Core/Src/fatfs_sd.o
 .debug_abbrev  0x00000302      0x300 ./Core/Src/main.o
 .debug_abbrev  0x00000602      0x1a5 ./Core/Src/stm32f1xx_hal_msp.o
 .debug_abbrev  0x000007a7       0x97 ./Core/Src/stm32f1xx_it.o
 .debug_abbrev  0x0000083e      0x13f ./Core/Src/system_stm32f1xx.o
 .debug_abbrev  0x0000097d       0x24 ./Core/Startup/startup_stm32f103c8tx.o
 .debug_abbrev  0x000009a1      0x201 ./Drivers/STM32F1xx_HAL_Driver/Src/stm32f1xx_hal.o
 .debug_abbrev  0x00000ba2      0x2f8 ./Drivers/STM32F1xx_HAL_Driver/Src/stm32f1xx_hal_cortex.o
 .debug_abbrev  0x00000e9a      0x1ca ./Drivers/STM32F1xx_HAL_Driver/Src/stm32f1xx_hal_gpio.o
 .debug_abbrev  0x00001064      0x2b3 ./Drivers/STM32F1xx_HAL_Driver/Src/stm32f1xx_hal_rcc.o
 .debug_abbrev  0x00001317      0x284 ./Drivers/STM32F1xx_HAL_Driver/Src/stm32f1xx_hal_spi.o
 .debug_abbrev  0x0000159b      0x1a8 ./FATFS/App/fatfs.o
 .debug_abbrev  0x00001743      0x15a ./FATFS/Target/user_diskio.o
 .debug_abbrev  0x0000189d      0x181 ./Middlewares/Third_Party/FatFs/src/diskio.o
 .debug_abbrev  0x00001a1e      0x2e6 ./Middlewares/Third_Party/FatFs/src/ff.o
 .debug_abbrev  0x00001d04      0x19f ./Middlewares/Third_Party/FatFs/src/ff_gen_drv.o
 .debug_abbrev  0x00001ea3       0xd5 ./Middlewares/Third_Party/FatFs/src/option/ccsbcs.o

.debug_aranges  0x00000000      0x988
 .debug_aranges
                0x00000000       0xa8 ./Core/Src/fatfs_sd.o
 .debug_aranges
                0x000000a8       0x40 ./Core/Src/main.o
 .debug_aranges
                0x000000e8       0x30 ./Core/Src/stm32f1xx_hal_msp.o
 .debug_aranges
                0x00000118       0x60 ./Core/Src/stm32f1xx_it.o
 .debug_aranges
                0x00000178       0x28 ./Core/Src/system_stm32f1xx.o
 .debug_aranges
                0x000001a0       0x28 ./Core/Startup/startup_stm32f103c8tx.o
 .debug_aranges
                0x000001c8       0xe0 ./Drivers/STM32F1xx_HAL_Driver/Src/stm32f1xx_hal.o
 .debug_aranges
                0x000002a8      0x100 ./Drivers/STM32F1xx_HAL_Driver/Src/stm32f1xx_hal_cortex.o
 .debug_aranges
                0x000003a8       0x58 ./Drivers/STM32F1xx_HAL_Driver/Src/stm32f1xx_hal_gpio.o
 .debug_aranges
                0x00000400       0x90 ./Drivers/STM32F1xx_HAL_Driver/Src/stm32f1xx_hal_rcc.o
 .debug_aranges
                0x00000490      0x1d0 ./Drivers/STM32F1xx_HAL_Driver/Src/stm32f1xx_hal_spi.o
 .debug_aranges
                0x00000660       0x28 ./FATFS/App/fatfs.o
 .debug_aranges
                0x00000688       0x40 ./FATFS/Target/user_diskio.o
 .debug_aranges
                0x000006c8       0x48 ./Middlewares/Third_Party/FatFs/src/diskio.o
 .debug_aranges
                0x00000710      0x210 ./Middlewares/Third_Party/FatFs/src/ff.o
 .debug_aranges
                0x00000920       0x40 ./Middlewares/Third_Party/FatFs/src/ff_gen_drv.o
 .debug_aranges
                0x00000960       0x28 ./Middlewares/Third_Party/FatFs/src/option/ccsbcs.o

.debug_rnglists
                0x00000000      0x727
 .debug_rnglists
                0x00000000       0x80 ./Core/Src/fatfs_sd.o
 .debug_rnglists
                0x00000080       0x2c ./Core/Src/main.o
 .debug_rnglists
                0x000000ac       0x20 ./Core/Src/stm32f1xx_hal_msp.o
 .debug_rnglists
                0x000000cc       0x43 ./Core/Src/stm32f1xx_it.o
 .debug_rnglists
                0x0000010f       0x1a ./Core/Src/system_stm32f1xx.o
 .debug_rnglists
                0x00000129       0x19 ./Core/Startup/startup_stm32f103c8tx.o
 .debug_rnglists
                0x00000142       0xa3 ./Drivers/STM32F1xx_HAL_Driver/Src/stm32f1xx_hal.o
 .debug_rnglists
                0x000001e5       0xbb ./Drivers/STM32F1xx_HAL_Driver/Src/stm32f1xx_hal_cortex.o
 .debug_rnglists
                0x000002a0       0x3f ./Drivers/STM32F1xx_HAL_Driver/Src/stm32f1xx_hal_gpio.o
 .debug_rnglists
                0x000002df       0x6c ./Drivers/STM32F1xx_HAL_Driver/Src/stm32f1xx_hal_rcc.o
 .debug_rnglists
                0x0000034b      0x16e ./Drivers/STM32F1xx_HAL_Driver/Src/stm32f1xx_hal_spi.o
 .debug_rnglists
                0x000004b9       0x19 ./FATFS/App/fatfs.o
 .debug_rnglists
                0x000004d2       0x2b ./FATFS/Target/user_diskio.o
 .debug_rnglists
                0x000004fd       0x31 ./Middlewares/Third_Party/FatFs/src/diskio.o
 .debug_rnglists
                0x0000052e      0x1b4 ./Middlewares/Third_Party/FatFs/src/ff.o
 .debug_rnglists
                0x000006e2       0x2c ./Middlewares/Third_Party/FatFs/src/ff_gen_drv.o
 .debug_rnglists
                0x0000070e       0x19 ./Middlewares/Third_Party/FatFs/src/option/ccsbcs.o

.debug_macro    0x00000000    0x1728c
 .debug_macro   0x00000000      0x1c1 ./Core/Src/fatfs_sd.o
 .debug_macro   0x000001c1      0xaa8 ./Core/Src/fatfs_sd.o
 .debug_macro   0x00000c69      0x215 ./Core/Src/fatfs_sd.o
 .debug_macro   0x00000e7e       0x2e ./Core/Src/fatfs_sd.o
 .debug_macro   0x00000eac       0x22 ./Core/Src/fatfs_sd.o
 .debug_macro   0x00000ece       0x22 ./Core/Src/fatfs_sd.o
 .debug_macro   0x00000ef0       0x8e ./Core/Src/fatfs_sd.o
 .debug_macro   0x00000f7e       0x51 ./Core/Src/fatfs_sd.o
 .debug_macro   0x00000fcf      0x103 ./Core/Src/fatfs_sd.o
 .debug_macro   0x000010d2       0x6a ./Core/Src/fatfs_sd.o
 .debug_macro   0x0000113c      0x1df ./Core/Src/fatfs_sd.o
 .debug_macro   0x0000131b       0x1c ./Core/Src/fatfs_sd.o
 .debug_macro   0x00001337       0x22 ./Core/Src/fatfs_sd.o
 .debug_macro   0x00001359       0xbd ./Core/Src/fatfs_sd.o
 .debug_macro   0x00001416      0xd23 ./Core/Src/fatfs_sd.o
 .debug_macro   0x00002139     0xe09e ./Core/Src/fatfs_sd.o
 .debug_macro   0x000101d7       0x6d ./Core/Src/fatfs_sd.o
 .debug_macro   0x00010244     0x348d ./Core/Src/fatfs_sd.o
 .debug_macro   0x000136d1      0x189 ./Core/Src/fatfs_sd.o
 .debug_macro   0x0001385a       0x5c ./Core/Src/fatfs_sd.o
 .debug_macro   0x000138b6      0x5bc ./Core/Src/fatfs_sd.o
 .debug_macro   0x00013e72      0x289 ./Core/Src/fatfs_sd.o
 .debug_macro   0x000140fb      0x1cb ./Core/Src/fatfs_sd.o
 .debug_macro   0x000142c6      0x114 ./Core/Src/fatfs_sd.o
 .debug_macro   0x000143da      0x1b2 ./Core/Src/fatfs_sd.o
 .debug_macro   0x0001458c       0x27 ./Core/Src/fatfs_sd.o
 .debug_macro   0x000145b3      0x136 ./Core/Src/fatfs_sd.o
 .debug_macro   0x000146e9      0x1bc ./Core/Src/fatfs_sd.o
 .debug_macro   0x000148a5       0x34 ./Core/Src/fatfs_sd.o
 .debug_macro   0x000148d9       0x3c ./Core/Src/fatfs_sd.o
 .debug_macro   0x00014915       0x57 ./Core/Src/fatfs_sd.o
 .debug_macro   0x0001496c       0x87 ./Core/Src/fatfs_sd.o
 .debug_macro   0x000149f3      0x240 ./Core/Src/fatfs_sd.o
 .debug_macro   0x00014c33      0x140 ./Core/Src/fatfs_sd.o
 .debug_macro   0x00014d73      0x217 ./Core/Src/fatfs_sd.o
 .debug_macro   0x00014f8a       0x83 ./Core/Src/fatfs_sd.o
 .debug_macro   0x0001500d       0x16 ./Core/Src/fatfs_sd.o
 .debug_macro   0x00015023       0x7c ./Core/Src/fatfs_sd.o
 .debug_macro   0x0001509f       0x9a ./Core/Src/fatfs_sd.o
 .debug_macro   0x00015139      0x1e5 ./Core/Src/main.o
 .debug_macro   0x0001531e       0xde ./Core/Src/main.o
 .debug_macro   0x000153fc       0xf5 ./Core/Src/main.o
 .debug_macro   0x000154f1       0x8e ./Core/Src/main.o
 .debug_macro   0x0001557f      0x198 ./Core/Src/stm32f1xx_hal_msp.o
 .debug_macro   0x00015717      0x1a2 ./Core/Src/stm32f1xx_it.o
 .debug_macro   0x000158b9      0x18e ./Core/Src/system_stm32f1xx.o
 .debug_macro   0x00015a47      0x1b2 ./Drivers/STM32F1xx_HAL_Driver/Src/stm32f1xx_hal.o
 .debug_macro   0x00015bf9      0x18e ./Drivers/STM32F1xx_HAL_Driver/Src/stm32f1xx_hal_cortex.o
 .debug_macro   0x00015d87      0x1f9 ./Drivers/STM32F1xx_HAL_Driver/Src/stm32f1xx_hal_gpio.o
 .debug_macro   0x00015f80      0x1a0 ./Drivers/STM32F1xx_HAL_Driver/Src/stm32f1xx_hal_rcc.o
 .debug_macro   0x00016120      0x196 ./Drivers/STM32F1xx_HAL_Driver/Src/stm32f1xx_hal_spi.o
 .debug_macro   0x000162b6      0x1eb ./FATFS/App/fatfs.o
 .debug_macro   0x000164a1       0xd8 ./FATFS/App/fatfs.o
 .debug_macro   0x00016579      0x2a0 ./FATFS/Target/user_diskio.o
 .debug_macro   0x00016819       0x10 ./FATFS/Target/user_diskio.o
 .debug_macro   0x00016829       0x20 ./FATFS/Target/user_diskio.o
 .debug_macro   0x00016849       0x56 ./FATFS/Target/user_diskio.o
 .debug_macro   0x0001689f      0x1d8 ./Middlewares/Third_Party/FatFs/src/diskio.o
 .debug_macro   0x00016a77      0x41f ./Middlewares/Third_Party/FatFs/src/ff.o
 .debug_macro   0x00016e96       0x58 ./Middlewares/Third_Party/FatFs/src/ff.o
 .debug_macro   0x00016eee      0x1d8 ./Middlewares/Third_Party/FatFs/src/ff_gen_drv.o
 .debug_macro   0x000170c6      0x1c6 ./Middlewares/Third_Party/FatFs/src/option/ccsbcs.o

.debug_line     0x00000000     0xd57f
 .debug_line    0x00000000      0xde5 ./Core/Src/fatfs_sd.o
 .debug_line    0x00000de5      0x856 ./Core/Src/main.o
 .debug_line    0x0000163b      0x726 ./Core/Src/stm32f1xx_hal_msp.o
 .debug_line    0x00001d61      0x7a7 ./Core/Src/stm32f1xx_it.o
 .debug_line    0x00002508      0x751 ./Core/Src/system_stm32f1xx.o
 .debug_line    0x00002c59       0x78 ./Core/Startup/startup_stm32f103c8tx.o
 .debug_line    0x00002cd1      0x97e ./Drivers/STM32F1xx_HAL_Driver/Src/stm32f1xx_hal.o
 .debug_line    0x0000364f      0xb6a ./Drivers/STM32F1xx_HAL_Driver/Src/stm32f1xx_hal_cortex.o
 .debug_line    0x000041b9      0xa17 ./Drivers/STM32F1xx_HAL_Driver/Src/stm32f1xx_hal_gpio.o
 .debug_line    0x00004bd0      0xd87 ./Drivers/STM32F1xx_HAL_Driver/Src/stm32f1xx_hal_rcc.o
 .debug_line    0x00005957     0x1c30 ./Drivers/STM32F1xx_HAL_Driver/Src/stm32f1xx_hal_spi.o
 .debug_line    0x00007587      0x76e ./FATFS/App/fatfs.o
 .debug_line    0x00007cf5      0x8f5 ./FATFS/Target/user_diskio.o
 .debug_line    0x000085ea      0x7df ./Middlewares/Third_Party/FatFs/src/diskio.o
 .debug_line    0x00008dc9     0x37da ./Middlewares/Third_Party/FatFs/src/ff.o
 .debug_line    0x0000c5a3      0x7fc ./Middlewares/Third_Party/FatFs/src/ff_gen_drv.o
 .debug_line    0x0000cd9f      0x7e0 ./Middlewares/Third_Party/FatFs/src/option/ccsbcs.o

.debug_str      0x00000000    0x82550
 .debug_str     0x00000000    0x7c5ed ./Core/Src/fatfs_sd.o
                              0x7c9ac (size before relaxing)
 .debug_str     0x0007c5ed      0xa54 ./Core/Src/main.o
                              0x7d0b9 (size before relaxing)
 .debug_str     0x0007d041       0x91 ./Core/Src/stm32f1xx_hal_msp.o
                              0x7c559 (size before relaxing)
 .debug_str     0x0007d0d2       0xc9 ./Core/Src/stm32f1xx_it.o
                              0x7c135 (size before relaxing)
 .debug_str     0x0007d19b       0x7e ./Core/Src/system_stm32f1xx.o
                              0x7c129 (size before relaxing)
 .debug_str     0x0007d219       0x44 ./Core/Startup/startup_stm32f103c8tx.o
                                 0x80 (size before relaxing)
 .debug_str     0x0007d25d      0x5fd ./Drivers/STM32F1xx_HAL_Driver/Src/stm32f1xx_hal.o
                              0x7c85c (size before relaxing)
 .debug_str     0x0007d85a      0x2bb ./Drivers/STM32F1xx_HAL_Driver/Src/stm32f1xx_hal_cortex.o
                              0x7c7a8 (size before relaxing)
 .debug_str     0x0007db15      0x2e6 ./Drivers/STM32F1xx_HAL_Driver/Src/stm32f1xx_hal_gpio.o
                              0x7c4af (size before relaxing)
 .debug_str     0x0007ddfb      0x229 ./Drivers/STM32F1xx_HAL_Driver/Src/stm32f1xx_hal_rcc.o
                              0x7c558 (size before relaxing)
 .debug_str     0x0007e024      0x543 ./Drivers/STM32F1xx_HAL_Driver/Src/stm32f1xx_hal_spi.o
                              0x7ca55 (size before relaxing)
 .debug_str     0x0007e567       0x74 ./FATFS/App/fatfs.o
                              0x7c9bc (size before relaxing)
 .debug_str     0x0007e5db     0x3194 ./FATFS/Target/user_diskio.o
                              0x7fa64 (size before relaxing)
 .debug_str     0x0008176f       0x52 ./Middlewares/Third_Party/FatFs/src/diskio.o
                              0x7c8e2 (size before relaxing)
 .debug_str     0x000817c1      0xcab ./Middlewares/Third_Party/FatFs/src/ff.o
                              0x7d7a0 (size before relaxing)
 .debug_str     0x0008246c       0x91 ./Middlewares/Third_Party/FatFs/src/ff_gen_drv.o
                              0x7c933 (size before relaxing)
 .debug_str     0x000824fd       0x53 ./Middlewares/Third_Party/FatFs/src/option/ccsbcs.o
                              0x7c6c1 (size before relaxing)

.comment        0x00000000       0x43
 .comment       0x00000000       0x43 ./Core/Src/fatfs_sd.o
                                 0x44 (size before relaxing)
 .comment       0x00000043       0x44 ./Core/Src/main.o
 .comment       0x00000043       0x44 ./Core/Src/stm32f1xx_hal_msp.o
 .comment       0x00000043       0x44 ./Core/Src/stm32f1xx_it.o
 .comment       0x00000043       0x44 ./Core/Src/system_stm32f1xx.o
 .comment       0x00000043       0x44 ./Drivers/STM32F1xx_HAL_Driver/Src/stm32f1xx_hal.o
 .comment       0x00000043       0x44 ./Drivers/STM32F1xx_HAL_Driver/Src/stm32f1xx_hal_cortex.o
 .comment       0x00000043       0x44 ./Drivers/STM32F1xx_HAL_Driver/Src/stm32f1xx_hal_gpio.o
 .comment       0x00000043       0x44 ./Drivers/STM32F1xx_HAL_Driver/Src/stm32f1xx_hal_rcc.o
 .comment       0x00000043       0x44 ./Drivers/STM32F1xx_HAL_Driver/Src/stm32f1xx_hal_spi.o
 .comment       0x00000043       0x44 ./FATFS/App/fatfs.o
 .comment       0x00000043       0x44 ./FATFS/Target/user_diskio.o
 .comment       0x00000043       0x44 ./Middlewares/Third_Party/FatFs/src/diskio.o
 .comment       0x00000043       0x44 ./Middlewares/Third_Party/FatFs/src/ff.o
 .comment       0x00000043       0x44 ./Middlewares/Third_Party/FatFs/src/ff_gen_drv.o
 .comment       0x00000043       0x44 ./Middlewares/Third_Party/FatFs/src/option/ccsbcs.o

.debug_frame    0x00000000     0x2510
 .debug_frame   0x00000000      0x28c ./Core/Src/fatfs_sd.o
 .debug_frame   0x0000028c       0xa8 ./Core/Src/main.o
 .debug_frame   0x00000334       0x80 ./Core/Src/stm32f1xx_hal_msp.o
 .debug_frame   0x000003b4      0x104 ./Core/Src/stm32f1xx_it.o
 .debug_frame   0x000004b8       0x58 ./Core/Src/system_stm32f1xx.o
 .debug_frame   0x00000510      0x334 ./Drivers/STM32F1xx_HAL_Driver/Src/stm32f1xx_hal.o
 .debug_frame   0x00000844      0x428 ./Drivers/STM32F1xx_HAL_Driver/Src/stm32f1xx_hal_cortex.o
 .debug_frame   0x00000c6c      0x14c ./Drivers/STM32F1xx_HAL_Driver/Src/stm32f1xx_hal_gpio.o
 .debug_frame   0x00000db8      0x218 ./Drivers/STM32F1xx_HAL_Driver/Src/stm32f1xx_hal_rcc.o
 .debug_frame   0x00000fd0      0x824 ./Drivers/STM32F1xx_HAL_Driver/Src/stm32f1xx_hal_spi.o
 .debug_frame   0x000017f4       0x4c ./FATFS/App/fatfs.o
 .debug_frame   0x00001840       0xc4 ./FATFS/Target/user_diskio.o
 .debug_frame   0x00001904       0xec ./Middlewares/Third_Party/FatFs/src/diskio.o
 .debug_frame   0x000019f0      0x9ac ./Middlewares/Third_Party/FatFs/src/ff.o
 .debug_frame   0x0000239c       0xc8 ./Middlewares/Third_Party/FatFs/src/ff_gen_drv.o
 .debug_frame   0x00002464       0x60 ./Middlewares/Third_Party/FatFs/src/option/ccsbcs.o
 .debug_frame   0x000024c4       0x20 C:/ST/STM32CubeIDE_1.15.0/STM32CubeIDE/plugins/com.st.stm32cube.ide.mcu.externaltools.gnu-tools-for-stm32.12.3.rel1.win32_1.0.100.202403111256/tools/bin/../lib/gcc/arm-none-eabi/12.3.1/../../../../arm-none-eabi/lib/thumb/v7-m/nofp\libc_nano.a(libc_a-memset.o)
 .debug_frame   0x000024e4       0x2c C:/ST/STM32CubeIDE_1.15.0/STM32CubeIDE/plugins/com.st.stm32cube.ide.mcu.externaltools.gnu-tools-for-stm32.12.3.rel1.win32_1.0.100.202403111256/tools/bin/../lib/gcc/arm-none-eabi/12.3.1/../../../../arm-none-eabi/lib/thumb/v7-m/nofp\libc_nano.a(libc_a-init.o)

.debug_line_str
                0x00000000       0x64
 .debug_line_str
                0x00000000       0x64 ./Core/Startup/startup_stm32f103c8tx.o
