Archive member included to satisfy reference by file (symbol)

C:/ST/STM32CubeIDE_1.15.0/STM32CubeIDE/plugins/com.st.stm32cube.ide.mcu.externaltools.gnu-tools-for-stm32.12.3.rel1.win32_1.0.100.202403111256/tools/bin/../lib/gcc/arm-none-eabi/12.3.1/../../../../arm-none-eabi/lib/thumb/v7-m/nofp\libc_nano.a(libc_a-exit.o)
                              C:/ST/STM32CubeIDE_1.15.0/STM32CubeIDE/plugins/com.st.stm32cube.ide.mcu.externaltools.gnu-tools-for-stm32.12.3.rel1.win32_1.0.100.202403111256/tools/bin/../lib/gcc/arm-none-eabi/12.3.1/../../../../arm-none-eabi/lib/thumb/v7-m/nofp/crt0.o (exit)
C:/ST/STM32CubeIDE_1.15.0/STM32CubeIDE/plugins/com.st.stm32cube.ide.mcu.externaltools.gnu-tools-for-stm32.12.3.rel1.win32_1.0.100.202403111256/tools/bin/../lib/gcc/arm-none-eabi/12.3.1/../../../../arm-none-eabi/lib/thumb/v7-m/nofp\libc_nano.a(libc_a-findfp.o)
                              C:/ST/STM32CubeIDE_1.15.0/STM32CubeIDE/plugins/com.st.stm32cube.ide.mcu.externaltools.gnu-tools-for-stm32.12.3.rel1.win32_1.0.100.202403111256/tools/bin/../lib/gcc/arm-none-eabi/12.3.1/../../../../arm-none-eabi/lib/thumb/v7-m/nofp\libc_nano.a(libc_a-exit.o) (__stdio_exit_handler)
C:/ST/STM32CubeIDE_1.15.0/STM32CubeIDE/plugins/com.st.stm32cube.ide.mcu.externaltools.gnu-tools-for-stm32.12.3.rel1.win32_1.0.100.202403111256/tools/bin/../lib/gcc/arm-none-eabi/12.3.1/../../../../arm-none-eabi/lib/thumb/v7-m/nofp\libc_nano.a(libc_a-fwalk.o)
                              C:/ST/STM32CubeIDE_1.15.0/STM32CubeIDE/plugins/com.st.stm32cube.ide.mcu.externaltools.gnu-tools-for-stm32.12.3.rel1.win32_1.0.100.202403111256/tools/bin/../lib/gcc/arm-none-eabi/12.3.1/../../../../arm-none-eabi/lib/thumb/v7-m/nofp\libc_nano.a(libc_a-findfp.o) (_fwalk_sglue)
C:/ST/STM32CubeIDE_1.15.0/STM32CubeIDE/plugins/com.st.stm32cube.ide.mcu.externaltools.gnu-tools-for-stm32.12.3.rel1.win32_1.0.100.202403111256/tools/bin/../lib/gcc/arm-none-eabi/12.3.1/../../../../arm-none-eabi/lib/thumb/v7-m/nofp\libc_nano.a(libc_a-sprintf.o)
                              ./Core/Src/main.o (sprintf)
C:/ST/STM32CubeIDE_1.15.0/STM32CubeIDE/plugins/com.st.stm32cube.ide.mcu.externaltools.gnu-tools-for-stm32.12.3.rel1.win32_1.0.100.202403111256/tools/bin/../lib/gcc/arm-none-eabi/12.3.1/../../../../arm-none-eabi/lib/thumb/v7-m/nofp\libc_nano.a(libc_a-stdio.o)
                              C:/ST/STM32CubeIDE_1.15.0/STM32CubeIDE/plugins/com.st.stm32cube.ide.mcu.externaltools.gnu-tools-for-stm32.12.3.rel1.win32_1.0.100.202403111256/tools/bin/../lib/gcc/arm-none-eabi/12.3.1/../../../../arm-none-eabi/lib/thumb/v7-m/nofp\libc_nano.a(libc_a-findfp.o) (__sread)
C:/ST/STM32CubeIDE_1.15.0/STM32CubeIDE/plugins/com.st.stm32cube.ide.mcu.externaltools.gnu-tools-for-stm32.12.3.rel1.win32_1.0.100.202403111256/tools/bin/../lib/gcc/arm-none-eabi/12.3.1/../../../../arm-none-eabi/lib/thumb/v7-m/nofp\libc_nano.a(libc_a-memset.o)
                              C:/ST/STM32CubeIDE_1.15.0/STM32CubeIDE/plugins/com.st.stm32cube.ide.mcu.externaltools.gnu-tools-for-stm32.12.3.rel1.win32_1.0.100.202403111256/tools/bin/../lib/gcc/arm-none-eabi/12.3.1/../../../../arm-none-eabi/lib/thumb/v7-m/nofp/crt0.o (memset)
C:/ST/STM32CubeIDE_1.15.0/STM32CubeIDE/plugins/com.st.stm32cube.ide.mcu.externaltools.gnu-tools-for-stm32.12.3.rel1.win32_1.0.100.202403111256/tools/bin/../lib/gcc/arm-none-eabi/12.3.1/../../../../arm-none-eabi/lib/thumb/v7-m/nofp\libc_nano.a(libc_a-closer.o)
                              C:/ST/STM32CubeIDE_1.15.0/STM32CubeIDE/plugins/com.st.stm32cube.ide.mcu.externaltools.gnu-tools-for-stm32.12.3.rel1.win32_1.0.100.202403111256/tools/bin/../lib/gcc/arm-none-eabi/12.3.1/../../../../arm-none-eabi/lib/thumb/v7-m/nofp\libc_nano.a(libc_a-stdio.o) (_close_r)
C:/ST/STM32CubeIDE_1.15.0/STM32CubeIDE/plugins/com.st.stm32cube.ide.mcu.externaltools.gnu-tools-for-stm32.12.3.rel1.win32_1.0.100.202403111256/tools/bin/../lib/gcc/arm-none-eabi/12.3.1/../../../../arm-none-eabi/lib/thumb/v7-m/nofp\libc_nano.a(libc_a-reent.o)
                              C:/ST/STM32CubeIDE_1.15.0/STM32CubeIDE/plugins/com.st.stm32cube.ide.mcu.externaltools.gnu-tools-for-stm32.12.3.rel1.win32_1.0.100.202403111256/tools/bin/../lib/gcc/arm-none-eabi/12.3.1/../../../../arm-none-eabi/lib/thumb/v7-m/nofp\libc_nano.a(libc_a-closer.o) (errno)
C:/ST/STM32CubeIDE_1.15.0/STM32CubeIDE/plugins/com.st.stm32cube.ide.mcu.externaltools.gnu-tools-for-stm32.12.3.rel1.win32_1.0.100.202403111256/tools/bin/../lib/gcc/arm-none-eabi/12.3.1/../../../../arm-none-eabi/lib/thumb/v7-m/nofp\libc_nano.a(libc_a-impure.o)
                              C:/ST/STM32CubeIDE_1.15.0/STM32CubeIDE/plugins/com.st.stm32cube.ide.mcu.externaltools.gnu-tools-for-stm32.12.3.rel1.win32_1.0.100.202403111256/tools/bin/../lib/gcc/arm-none-eabi/12.3.1/../../../../arm-none-eabi/lib/thumb/v7-m/nofp\libc_nano.a(libc_a-sprintf.o) (_impure_ptr)
[...]
Memory Configuration

Name             Origin             Length             Attributes
RAM              0x20000000         0x00005000         xrw
FLASH            0x08000000         0x00010000         xr
*default*        0x00000000         0xffffffff

Linker script and memory map

LOAD C:/ST/STM32CubeIDE_1.15.0/STM32CubeIDE/plugins/com.st.stm32cube.ide.mcu.externaltools.gnu-tools-for-stm32.12.3.rel1.win32_1.0.100.202403111256/tools/bin/../lib/gcc/arm-none-eabi/12.3.1/thumb/v7-m/nofp/crti.o
LOAD C:/ST/STM32CubeIDE_1.15.0/STM32CubeIDE/plugins/com.st.stm32cube.ide.mcu.externaltools.gnu-tools-for-stm32.12.3.rel1.win32_1.0.100.202403111256/tools/bin/../lib/gcc/arm-none-eabi/12.3.1/thumb/v7-m/nofp/crtbegin.o
LOAD C:/ST/STM32CubeIDE_1.15.0/STM32CubeIDE/plugins/com.st.stm32cube.ide.mcu.externaltools.gnu-tools-for-stm32.12.3.rel1.win32_1.0.100.202403111256/tools/bin/../lib/gcc/arm-none-eabi/12.3.1/../../../../arm-none-eabi/lib/thumb/v7-m/nofp/crt0.o
LOAD ./Core/Src/fatfs_sd.o
LOAD ./Core/Src/main.o
LOAD ./Core/Src/stm32f1xx_hal_msp.o
LOAD ./Core/Src/stm32f1xx_it.o
LOAD ./Core/Src/syscalls.o
LOAD ./Core/Src/sysmem.o
LOAD ./Core/Src/system_stm32f1xx.o
LOAD ./Core/Startup/startup_stm32f103c8tx.o
LOAD ./Drivers/STM32F1xx_HAL_Driver/Src/stm32f1xx_hal.o
LOAD ./Drivers/STM32F1xx_HAL_Driver/Src/stm32f1xx_hal_adc.o
LOAD ./Drivers/STM32F1xx_HAL_Driver/Src/stm32f1xx_hal_adc_ex.o
LOAD ./Drivers/STM32F1xx_HAL_Driver/Src/stm32f1xx_hal_cortex.o
LOAD ./Drivers/STM32F1xx_HAL_Driver/Src/stm32f1xx_hal_dma.o
LOAD ./Drivers/STM32F1xx_HAL_Driver/Src/stm32f1xx_hal_exti.o
LOAD ./Drivers/STM32F1xx_HAL_Driver/Src/stm32f1xx_hal_flash.o
LOAD ./Drivers/STM32F1xx_HAL_Driver/Src/stm32f1xx_hal_flash_ex.o
LOAD ./Drivers/STM32F1xx_HAL_Driver/Src/stm32f1xx_hal_gpio.o
LOAD ./Drivers/STM32F1xx_HAL_Driver/Src/stm32f1xx_hal_gpio_ex.o
LOAD ./Drivers/STM32F1xx_HAL_Driver/Src/stm32f1xx_hal_pwr.o
LOAD ./Drivers/STM32F1xx_HAL_Driver/Src/stm32f1xx_hal_rcc.o
LOAD ./Drivers/STM32F1xx_HAL_Driver/Src/stm32f1xx_hal_rcc_ex.o
LOAD ./Drivers/STM32F1xx_HAL_Driver/Src/stm32f1xx_hal_rtc.o
LOAD ./Drivers/STM32F1xx_HAL_Driver/Src/stm32f1xx_hal_rtc_ex.o
LOAD ./Drivers/STM32F1xx_HAL_Driver/Src/stm32f1xx_hal_spi.o
LOAD ./Drivers/STM32F1xx_HAL_Driver/Src/stm32f1xx_hal_tim.o
LOAD ./Drivers/STM32F1xx_HAL_Driver/Src/stm32f1xx_hal_tim_ex.o
LOAD ./Drivers/STM32F1xx_HAL_Driver/Src/stm32f1xx_hal_uart.o
LOAD ./FATFS/App/fatfs.o
LOAD ./FATFS/Target/user_diskio.o
LOAD ./Middlewares/Third_Party/FatFs/src/diskio.o
LOAD ./Middlewares/Third_Party/FatFs/src/ff.o
LOAD ./Middlewares/Third_Party/FatFs/src/ff_gen_drv.o
LOAD ./Middlewares/Third_Party/FatFs/src/option/ccsbcs.o
LOAD ./Middlewares/Third_Party/FatFs/src/option/syscall.o
START GROUP
LOAD C:/ST/STM32CubeIDE_1.15.0/STM32CubeIDE/plugins/com.st.stm32cube.ide.mcu.externaltools.gnu-tools-for-stm32.12.3.rel1.win32_1.0.100.202403111256/tools/bin/../lib/gcc/arm-none-eabi/12.3.1/../../../../arm-none-eabi/lib/thumb/v7-m/nofp\libc_nano.a
LOAD C:/ST/STM32CubeIDE_1.15.0/STM32CubeIDE/plugins/com.st.stm32cube.ide.mcu.externaltools.gnu-tools-for-stm32.12.3.rel1.win32_1.0.100.202403111256/tools/bin/../lib/gcc/arm-none-eabi/12.3.1/../../../../arm-none-eabi/lib/thumb/v7-m/nofp\libm.a
END GROUP
START GROUP
LOAD C:/ST/STM32CubeIDE_1.15.0/STM32CubeIDE/plugins/com.st.stm32cube.ide.mcu.externaltools.gnu-tools-for-stm32.12.3.rel1.win32_1.0.100.202403111256/tools/bin/../lib/gcc/arm-none-eabi/12.3.1/thumb/v7-m/nofp\libgcc.a
LOAD C:/ST/STM32CubeIDE_1.15.0/STM32CubeIDE/plugins/com.st.stm32cube.ide.mcu.externaltools.gnu-tools-for-stm32.12.3.rel1.win32_1.0.100.202403111256/tools/bin/../lib/gcc/arm-none-eabi/12.3.1/../../../../arm-none-eabi/lib/thumb/v7-m/nofp\libc_nano.a
END GROUP
START GROUP
LOAD C:/ST/STM32CubeIDE_1.15.0/STM32CubeIDE/plugins/com.st.stm32cube.ide.mcu.externaltools.gnu-tools-for-stm32.12.3.rel1.win32_1.0.100.202403111256/tools/bin/../lib/gcc/arm-none-eabi/12.3.1/thumb/v7-m/nofp\libgcc.a
LOAD C:/ST/STM32CubeIDE_1.15.0/STM32CubeIDE/plugins/com.st.stm32cube.ide.mcu.externaltools.gnu-tools-for-stm32.12.3.rel1.win32_1.0.100.202403111256/tools/bin/../lib/gcc/arm-none-eabi/12.3.1/../../../../arm-none-eabi/lib/thumb/v7-m/nofp\libc_nano.a
LOAD C:/ST/STM32CubeIDE_1.15.0/STM32CubeIDE/plugins/com.st.stm32cube.ide.mcu.externaltools.gnu-tools-for-stm32.12.3.rel1.win32_1.0.100.202403111256/tools/bin/../lib/gcc/arm-none-eabi/12.3.1/../../../../arm-none-eabi/lib/thumb/v7-m/nofp\libnosys.a
END GROUP
START GROUP
LOAD C:/ST/STM32CubeIDE_1.15.0/STM32CubeIDE/plugins/com.st.stm32cube.ide.mcu.externaltools.gnu-tools-for-stm32.12.3.rel1.win32_1.0.100.202403111256/tools/bin/../lib/gcc/arm-none-eabi/12.3.1/thumb/v7-m/nofp\libgcc.a
LOAD C:/ST/STM32CubeIDE_1.15.0/STM32CubeIDE/plugins/com.st.stm32cube.ide.mcu.externaltools.gnu-tools-for-stm32.12.3.rel1.win32_1.0.100.202403111256/tools/bin/../lib/gcc/arm-none-eabi/12.3.1/../../../../arm-none-eabi/lib/thumb/v7-m/nofp\libc_nano.a
LOAD C:/ST/STM32CubeIDE_1.15.0/STM32CubeIDE/plugins/com.st.stm32cube.ide.mcu.externaltools.gnu-tools-for-stm32.12.3.rel1.win32_1.0.100.202403111256/tools/bin/../lib/gcc/arm-none-eabi/12.3.1/../../../../arm-none-eabi/lib/thumb/v7-m/nofp\libnosys.a
END GROUP
LOAD C:/ST/STM32CubeIDE_1.15.0/STM32CubeIDE/plugins/com.st.stm32cube.ide.mcu.externaltools.gnu-tools-for-stm32.12.3.rel1.win32_1.0.100.202403111256/tools/bin/../lib/gcc/arm-none-eabi/12.3.1/thumb/v7-m/nofp/crtend.o
LOAD C:/ST/STM32CubeIDE_1.15.0/STM32CubeIDE/plugins/com.st.stm32cube.ide.mcu.externaltools.gnu-tools-for-stm32.12.3.rel1.win32_1.0.100.202403111256/tools/bin/../lib/gcc/arm-none-eabi/12.3.1/thumb/v7-m/nofp/crtn.o
                0x20005000                        _estack = (ORIGIN (RAM) + LENGTH (RAM))
                0x00000200                        _Min_Heap_Size = 0x200
                0x00000400                        _Min_Stack_Size = 0x400

.isr_vector     0x08000000      0x10c
                0x08000000                        . = ALIGN (0x4)
 *(.isr_vector)
 .isr_vector    0x08000000      0x10c ./Core/Startup/startup_stm32f103c8tx.o
                0x08000000                g_pfnVectors
                0x0800010c                        . = ALIGN (0x4)

.text           0x08000110     0x9cc0
                0x08000110                        . = ALIGN (0x4)
 *(.text)
 .text          0x08000110       0x40 C:/ST/STM32CubeIDE_1.15.0/STM32CubeIDE/plugins/com.st.stm32cube.ide.mcu.externaltools.gnu-tools-for-stm32.12.3.rel1.win32_1.0.100.202403111256/tools/bin/../lib/gcc/arm-none-eabi/12.3.1/thumb/v7-m/nofp/crtbegin.o
 .text          0x08000150       0x10 C:/ST/STM32CubeIDE_1.15.0/STM32CubeIDE/plugins/com.st.stm32cube.ide.mcu.externaltools.gnu-tools-for-stm32.12.3.rel1.win32_1.0.100.202403111256/tools/bin/../lib/gcc/arm-none-eabi/12.3.1/../../../../arm-none-eabi/lib/thumb/v7-m/nofp\libc_nano.a(libc_a-strlen.o)
                0x08000150                strlen
 .text          0x08000160      0x254 C:/ST/STM32CubeIDE_1.15.0/STM32CubeIDE/plugins/com.st.stm32cube.ide.mcu.externaltools.gnu-tools-for-stm32.12.3.rel1.win32_1.0.100.202403111256/tools/bin/../lib/gcc/arm-none-eabi/12.3.1/thumb/v7-m/nofp\libgcc.a(_arm_muldf3.o)
                0x08000160                __muldf3
                0x08000160                __aeabi_dmul
 .text          0x080003b4      0x378 C:/ST/STM32CubeIDE_1.15.0/STM32CubeIDE/plugins/com.st.stm32cube.ide.mcu.externaltools.gnu-tools-for-stm32.12.3.rel1.win32_1.0.100.202403111256/tools/bin/../lib/gcc/arm-none-eabi/12.3.1/thumb/v7-m/nofp\libgcc.a(_arm_addsubdf3.o)
                0x080003b4                __aeabi_drsub
                0x080003bc                __aeabi_dsub
                0x080003bc                __subdf3
                0x080003c0                __aeabi_dadd
                0x080003c0                __adddf3
                0x08000638                __floatunsidf
                0x08000638                __aeabi_ui2d
                0x08000658                __floatsidf
                0x08000658                __aeabi_i2d
                0x0800067c                __aeabi_f2d
                0x0800067c                __extendsfdf2
                0x080006c0                __floatundidf
                0x080006c0                __aeabi_ul2d
                0x080006d0                __floatdidf
                0x080006d0                __aeabi_l2d
 .text          0x0800072c       0x50 C:/ST/STM32CubeIDE_1.15.0/STM32CubeIDE/plugins/com.st.stm32cube.ide.mcu.externaltools.gnu-tools-for-stm32.12.3.rel1.win32_1.0.100.202403111256/tools/bin/../lib/gcc/arm-none-eabi/12.3.1/thumb/v7-m/nofp\libgcc.a(_arm_fixdfsi.o)
                0x0800072c                __aeabi_d2iz
                0x0800072c                __fixdfsi
 *(.text*)
 .text.SELECT   0x0800077c       0x1c ./Core/Src/fatfs_sd.o
 .text.DESELECT
                0x08000798       0x1c ./Core/Src/fatfs_sd.o
 .text.SPI_TxByte
                0x080007b4       0x34 ./Core/Src/fatfs_sd.o
 .text.SPI_TxBuffer
                0x080007e8       0x34 ./Core/Src/fatfs_sd.o
 .text.SPI_RxByte
                0x0800081c       0x38 ./Core/Src/fatfs_sd.o
 .text.SPI_RxBytePtr
                0x08000854       0x1c ./Core/Src/fatfs_sd.o
 .text.SD_ReadyWait
                0x08000870       0x34 ./Core/Src/fatfs_sd.o
 .text.SD_PowerOn
                0x080008a4       0x84 ./Core/Src/fatfs_sd.o
 .text.SD_PowerOff
                0x08000928       0x18 ./Core/Src/fatfs_sd.o
 .text.SD_CheckPower
                0x08000940       0x14 ./Core/Src/fatfs_sd.o
 .text.SD_RxDataBlock
                0x08000954       0x5c ./Core/Src/fatfs_sd.o
 .text.SD_TxDataBlock
                0x080009b0       0x86 ./Core/Src/fatfs_sd.o
 .text.SD_SendCmd
                0x08000a36       0xa8 ./Core/Src/fatfs_sd.o
 *fill*         0x08000ade        0x2 
 .text.SD_disk_initialize
                0x08000ae0      0x1cc ./Core/Src/fatfs_sd.o
                0x08000ae0                SD_disk_initialize
 .text.SD_disk_status
                0x08000cac       0x28 ./Core/Src/fatfs_sd.o
                0x08000cac                SD_disk_status
 .text.SD_disk_read
                0x08000cd4       0xd4 ./Core/Src/fatfs_sd.o
                0x08000cd4                SD_disk_read
 .text.SD_disk_write
                0x08000da8      0x108 ./Core/Src/fatfs_sd.o
                0x08000da8                SD_disk_write
 .text.SD_disk_ioctl
                0x08000eb0      0x254 ./Core/Src/fatfs_sd.o
                0x08000eb0                SD_disk_ioctl
 .text.RTC_GetTimeStr
                0x08001104       0x4c ./Core/Src/main.o
                0x08001104                RTC_GetTimeStr
 .text.GetTemperatura
                0x08001150      0x124 ./Core/Src/main.o
                0x08001150                GetTemperatura
 .text.main     0x08001274      0x19c ./Core/Src/main.o
                0x08001274                main
 .text.SystemClock_Config
                0x08001410       0xaa ./Core/Src/main.o
                0x08001410                SystemClock_Config
 *fill*         0x080014ba        0x2 
 .text.MX_ADC1_Init
                0x080014bc       0x7c ./Core/Src/main.o
 .text.MX_RTC_Init
                0x08001538       0x94 ./Core/Src/main.o
 .text.MX_SPI1_Init
                0x080015cc       0x6c ./Core/Src/main.o
 .text.MX_USART1_UART_Init
                0x08001638       0x54 ./Core/Src/main.o
 .text.MX_GPIO_Init
                0x0800168c       0xd8 ./Core/Src/main.o
 .text.fsm      0x08001764      0x47c ./Core/Src/main.o
                0x08001764                fsm
 .text.Error_Handler
                0x08001be0        0xc ./Core/Src/main.o
                0x08001be0                Error_Handler
 .text.HAL_MspInit
                0x08001bec       0x64 ./Core/Src/stm32f1xx_hal_msp.o
                0x08001bec                HAL_MspInit
 .text.HAL_ADC_MspInit
                0x08001c50       0x78 ./Core/Src/stm32f1xx_hal_msp.o
                0x08001c50                HAL_ADC_MspInit
 .text.HAL_RTC_MspInit
                0x08001cc8       0x48 ./Core/Src/stm32f1xx_hal_msp.o
                0x08001cc8                HAL_RTC_MspInit
 .text.HAL_SPI_MspInit
                0x08001d10       0x94 ./Core/Src/stm32f1xx_hal_msp.o
                0x08001d10                HAL_SPI_MspInit
 .text.HAL_UART_MspInit
                0x08001da4       0x98 ./Core/Src/stm32f1xx_hal_msp.o
                0x08001da4                HAL_UART_MspInit
 .text.NMI_Handler
                0x08001e3c        0x8 ./Core/Src/stm32f1xx_it.o
                0x08001e3c                NMI_Handler
 .text.HardFault_Handler
                0x08001e44        0x8 ./Core/Src/stm32f1xx_it.o
                0x08001e44                HardFault_Handler
 .text.MemManage_Handler
                0x08001e4c        0x8 ./Core/Src/stm32f1xx_it.o
                0x08001e4c                MemManage_Handler
 .text.BusFault_Handler
                0x08001e54        0x8 ./Core/Src/stm32f1xx_it.o
                0x08001e54                BusFault_Handler
 .text.UsageFault_Handler
                0x08001e5c        0x8 ./Core/Src/stm32f1xx_it.o
                0x08001e5c                UsageFault_Handler
 .text.SVC_Handler
                0x08001e64        0xc ./Core/Src/stm32f1xx_it.o
                0x08001e64                SVC_Handler
 .text.DebugMon_Handler
                0x08001e70        0xc ./Core/Src/stm32f1xx_it.o
                0x08001e70                DebugMon_Handler
 .text.PendSV_Handler
                0x08001e7c        0xc ./Core/Src/stm32f1xx_it.o
                0x08001e7c                PendSV_Handler
 .text.SysTick_Handler
                0x08001e88       0x3c ./Core/Src/stm32f1xx_it.o
                0x08001e88                SysTick_Handler
 .text._sbrk    0x08001ec4       0x6c ./Core/Src/sysmem.o
                0x08001ec4                _sbrk
 .text.SystemInit
                0x08001f30        0xc ./Core/Src/system_stm32f1xx.o
                0x08001f30                SystemInit
 .text.Reset_Handler
                0x08001f3c       0x48 ./Core/Startup/startup_stm32f103c8tx.o
                0x08001f3c                Reset_Handler
 .text.Default_Handler
                0x08001f84        0x2 ./Core/Startup/startup_stm32f103c8tx.o
                0x08001f84                RTC_Alarm_IRQHandler
                0x08001f84                EXTI2_IRQHandler
                0x08001f84                TIM1_CC_IRQHandler
                0x08001f84                PVD_IRQHandler
                0x08001f84                EXTI3_IRQHandler
                0x08001f84                EXTI0_IRQHandler
                0x08001f84                I2C2_EV_IRQHandler
                0x08001f84                ADC1_2_IRQHandler
                0x08001f84                SPI1_IRQHandler
                0x08001f84                TAMPER_IRQHandler
                0x08001f84                DMA1_Channel4_IRQHandler
                0x08001f84                USART3_IRQHandler
                0x08001f84                RTC_IRQHandler
                0x08001f84                DMA1_Channel7_IRQHandler
                0x08001f84                CAN1_RX1_IRQHandler
                0x08001f84                TIM4_IRQHandler
                0x08001f84                I2C1_EV_IRQHandler
                0x08001f84                DMA1_Channel6_IRQHandler
                0x08001f84                TIM3_IRQHandler
                0x08001f84                RCC_IRQHandler
                0x08001f84                TIM1_TRG_COM_IRQHandler
                0x08001f84                DMA1_Channel1_IRQHandler
                0x08001f84                Default_Handler
                0x08001f84                EXTI15_10_IRQHandler
                0x08001f84                EXTI9_5_IRQHandler
                0x08001f84                SPI2_IRQHandler
                0x08001f84                DMA1_Channel5_IRQHandler
                0x08001f84                EXTI4_IRQHandler
                0x08001f84                USB_LP_CAN1_RX0_IRQHandler
                0x08001f84                USB_HP_CAN1_TX_IRQHandler
                0x08001f84                DMA1_Channel3_IRQHandler
                0x08001f84                TIM1_UP_IRQHandler
                0x08001f84                WWDG_IRQHandler
                0x08001f84                TIM2_IRQHandler
                0x08001f84                TIM1_BRK_IRQHandler
                0x08001f84                EXTI1_IRQHandler
                0x08001f84                USART2_IRQHandler
                0x08001f84                I2C2_ER_IRQHandler
                0x08001f84                DMA1_Channel2_IRQHandler
                0x08001f84                CAN1_SCE_IRQHandler
                0x08001f84                FLASH_IRQHandler
                0x08001f84                USART1_IRQHandler
                0x08001f84                I2C1_ER_IRQHandler
                0x08001f84                USBWakeUp_IRQHandler
 *fill*         0x08001f86        0x2 
 .text.HAL_Init
                0x08001f88       0x2c ./Drivers/STM32F1xx_HAL_Driver/Src/stm32f1xx_hal.o
                0x08001f88                HAL_Init
 .text.HAL_InitTick
                0x08001fb4       0x60 ./Drivers/STM32F1xx_HAL_Driver/Src/stm32f1xx_hal.o
                0x08001fb4                HAL_InitTick
 .text.HAL_IncTick
                0x08002014       0x24 ./Drivers/STM32F1xx_HAL_Driver/Src/stm32f1xx_hal.o
                0x08002014                HAL_IncTick
 .text.HAL_GetTick
                0x08002038       0x14 ./Drivers/STM32F1xx_HAL_Driver/Src/stm32f1xx_hal.o
                0x08002038                HAL_GetTick
 .text.HAL_Delay
                0x0800204c       0x48 ./Drivers/STM32F1xx_HAL_Driver/Src/stm32f1xx_hal.o
                0x0800204c                HAL_Delay
 .text.HAL_ADC_Init
                0x08002094      0x1b0 ./Drivers/STM32F1xx_HAL_Driver/Src/stm32f1xx_hal_adc.o
                0x08002094                HAL_ADC_Init
 .text.HAL_ADC_Start
                0x08002244      0x15c ./Drivers/STM32F1xx_HAL_Driver/Src/stm32f1xx_hal_adc.o
                0x08002244                HAL_ADC_Start
 .text.HAL_ADC_Stop
                0x080023a0       0x58 ./Drivers/STM32F1xx_HAL_Driver/Src/stm32f1xx_hal_adc.o
                0x080023a0                HAL_ADC_Stop
 .text.HAL_ADC_PollForConversion
                0x080023f8      0x20c ./Drivers/STM32F1xx_HAL_Driver/Src/stm32f1xx_hal_adc.o
                0x080023f8                HAL_ADC_PollForConversion
 .text.HAL_ADC_GetValue
                0x08002604       0x18 ./Drivers/STM32F1xx_HAL_Driver/Src/stm32f1xx_hal_adc.o
                0x08002604                HAL_ADC_GetValue
 .text.HAL_ADC_ConfigChannel
                0x0800261c      0x1f0 ./Drivers/STM32F1xx_HAL_Driver/Src/stm32f1xx_hal_adc.o
                0x0800261c                HAL_ADC_ConfigChannel
 .text.ADC_Enable
                0x0800280c       0xb4 ./Drivers/STM32F1xx_HAL_Driver/Src/stm32f1xx_hal_adc.o
                0x0800280c                ADC_Enable
 .text.ADC_ConversionStop_Disable
                0x080028c0       0x82 ./Drivers/STM32F1xx_HAL_Driver/Src/stm32f1xx_hal_adc.o
                0x080028c0                ADC_ConversionStop_Disable
 *fill*         0x08002942        0x2 
 .text.__NVIC_SetPriorityGrouping
                0x08002944       0x48 ./Drivers/STM32F1xx_HAL_Driver/Src/stm32f1xx_hal_cortex.o
 .text.__NVIC_GetPriorityGrouping
                0x0800298c       0x1c ./Drivers/STM32F1xx_HAL_Driver/Src/stm32f1xx_hal_cortex.o
 .text.__NVIC_SetPriority
                0x080029a8       0x54 ./Drivers/STM32F1xx_HAL_Driver/Src/stm32f1xx_hal_cortex.o
 .text.NVIC_EncodePriority
                0x080029fc       0x64 ./Drivers/STM32F1xx_HAL_Driver/Src/stm32f1xx_hal_cortex.o
 .text.SysTick_Config
                0x08002a60       0x44 ./Drivers/STM32F1xx_HAL_Driver/Src/stm32f1xx_hal_cortex.o
 .text.HAL_NVIC_SetPriorityGrouping
                0x08002aa4       0x16 ./Drivers/STM32F1xx_HAL_Driver/Src/stm32f1xx_hal_cortex.o
                0x08002aa4                HAL_NVIC_SetPriorityGrouping
 .text.HAL_NVIC_SetPriority
                0x08002aba       0x38 ./Drivers/STM32F1xx_HAL_Driver/Src/stm32f1xx_hal_cortex.o
                0x08002aba                HAL_NVIC_SetPriority
 .text.HAL_SYSTICK_Config
                0x08002af2       0x18 ./Drivers/STM32F1xx_HAL_Driver/Src/stm32f1xx_hal_cortex.o
                0x08002af2                HAL_SYSTICK_Config
 *fill*         0x08002b0a        0x2 
 .text.HAL_GPIO_Init
                0x08002b0c      0x308 ./Drivers/STM32F1xx_HAL_Driver/Src/stm32f1xx_hal_gpio.o
                0x08002b0c                HAL_GPIO_Init
 .text.HAL_GPIO_ReadPin
                0x08002e14       0x2e ./Drivers/STM32F1xx_HAL_Driver/Src/stm32f1xx_hal_gpio.o
                0x08002e14                HAL_GPIO_ReadPin
 .text.HAL_GPIO_WritePin
                0x08002e42       0x30 ./Drivers/STM32F1xx_HAL_Driver/Src/stm32f1xx_hal_gpio.o
                0x08002e42                HAL_GPIO_WritePin
 .text.HAL_GPIO_TogglePin
                0x08002e72       0x32 ./Drivers/STM32F1xx_HAL_Driver/Src/stm32f1xx_hal_gpio.o
                0x08002e72                HAL_GPIO_TogglePin
 .text.HAL_PWR_EnableBkUpAccess
                0x08002ea4       0x18 ./Drivers/STM32F1xx_HAL_Driver/Src/stm32f1xx_hal_pwr.o
                0x08002ea4                HAL_PWR_EnableBkUpAccess
 .text.HAL_RCC_OscConfig
                0x08002ebc      0x504 ./Drivers/STM32F1xx_HAL_Driver/Src/stm32f1xx_hal_rcc.o
                0x08002ebc                HAL_RCC_OscConfig
 .text.HAL_RCC_ClockConfig
                0x080033c0      0x1d4 ./Drivers/STM32F1xx_HAL_Driver/Src/stm32f1xx_hal_rcc.o
                0x080033c0                HAL_RCC_ClockConfig
 .text.HAL_RCC_GetSysClockFreq
                0x08003594       0xa8 ./Drivers/STM32F1xx_HAL_Driver/Src/stm32f1xx_hal_rcc.o
                0x08003594                HAL_RCC_GetSysClockFreq
 .text.HAL_RCC_GetHCLKFreq
                0x0800363c       0x14 ./Drivers/STM32F1xx_HAL_Driver/Src/stm32f1xx_hal_rcc.o
                0x0800363c                HAL_RCC_GetHCLKFreq
 .text.HAL_RCC_GetPCLK1Freq
                0x08003650       0x28 ./Drivers/STM32F1xx_HAL_Driver/Src/stm32f1xx_hal_rcc.o
                0x08003650                HAL_RCC_GetPCLK1Freq
 .text.HAL_RCC_GetPCLK2Freq
                0x08003678       0x28 ./Drivers/STM32F1xx_HAL_Driver/Src/stm32f1xx_hal_rcc.o
                0x08003678                HAL_RCC_GetPCLK2Freq
 .text.RCC_Delay
                0x080036a0       0x3c ./Drivers/STM32F1xx_HAL_Driver/Src/stm32f1xx_hal_rcc.o
 .text.HAL_RCCEx_PeriphCLKConfig
                0x080036dc      0x16c ./Drivers/STM32F1xx_HAL_Driver/Src/stm32f1xx_hal_rcc_ex.o
                0x080036dc                HAL_RCCEx_PeriphCLKConfig
 .text.HAL_RCCEx_GetPeriphCLKFreq
                0x08003848      0x16c ./Drivers/STM32F1xx_HAL_Driver/Src/stm32f1xx_hal_rcc_ex.o
                0x08003848                HAL_RCCEx_GetPeriphCLKFreq
 .text.HAL_RTC_Init
                0x080039b4      0x118 ./Drivers/STM32F1xx_HAL_Driver/Src/stm32f1xx_hal_rtc.o
                0x080039b4                HAL_RTC_Init
 .text.HAL_RTC_SetTime
                0x08003acc      0x12e ./Drivers/STM32F1xx_HAL_Driver/Src/stm32f1xx_hal_rtc.o
                0x08003acc                HAL_RTC_SetTime
 *fill*         0x08003bfa        0x2 
 .text.HAL_RTC_GetTime
                0x08003bfc      0x1b0 ./Drivers/STM32F1xx_HAL_Driver/Src/stm32f1xx_hal_rtc.o
                0x08003bfc                HAL_RTC_GetTime
 .text.HAL_RTC_SetDate
                0x08003dac      0x16c ./Drivers/STM32F1xx_HAL_Driver/Src/stm32f1xx_hal_rtc.o
                0x08003dac                HAL_RTC_SetDate
 .text.HAL_RTC_GetDate
                0x08003f18       0xa8 ./Drivers/STM32F1xx_HAL_Driver/Src/stm32f1xx_hal_rtc.o
                0x08003f18                HAL_RTC_GetDate
 .text.HAL_RTC_WaitForSynchro
                0x08003fc0       0x5a ./Drivers/STM32F1xx_HAL_Driver/Src/stm32f1xx_hal_rtc.o
                0x08003fc0                HAL_RTC_WaitForSynchro
 .text.RTC_ReadTimeCounter
                0x0800401a       0x60 ./Drivers/STM32F1xx_HAL_Driver/Src/stm32f1xx_hal_rtc.o
 .text.RTC_WriteTimeCounter
                0x0800407a       0x4e ./Drivers/STM32F1xx_HAL_Driver/Src/stm32f1xx_hal_rtc.o
 .text.RTC_ReadAlarmCounter
                0x080040c8       0x32 ./Drivers/STM32F1xx_HAL_Driver/Src/stm32f1xx_hal_rtc.o
 .text.RTC_WriteAlarmCounter
                0x080040fa       0x4e ./Drivers/STM32F1xx_HAL_Driver/Src/stm32f1xx_hal_rtc.o
 .text.RTC_EnterInitMode
                0x08004148       0x50 ./Drivers/STM32F1xx_HAL_Driver/Src/stm32f1xx_hal_rtc.o
 .text.RTC_ExitInitMode
                0x08004198       0x50 ./Drivers/STM32F1xx_HAL_Driver/Src/stm32f1xx_hal_rtc.o
 .text.RTC_ByteToBcd2
                0x080041e8       0x3a ./Drivers/STM32F1xx_HAL_Driver/Src/stm32f1xx_hal_rtc.o
 .text.RTC_Bcd2ToByte
                0x08004222       0x3a ./Drivers/STM32F1xx_HAL_Driver/Src/stm32f1xx_hal_rtc.o
 .text.RTC_DateUpdate
                0x0800425c      0x152 ./Drivers/STM32F1xx_HAL_Driver/Src/stm32f1xx_hal_rtc.o
 *fill*         0x080043ae        0x2 
 .text.RTC_IsLeapYear
                0x080043b0       0x64 ./Drivers/STM32F1xx_HAL_Driver/Src/stm32f1xx_hal_rtc.o
 .text.RTC_WeekDayNum
                0x08004414       0xf0 ./Drivers/STM32F1xx_HAL_Driver/Src/stm32f1xx_hal_rtc.o
 .text.HAL_SPI_Init
                0x08004504      0x108 ./Drivers/STM32F1xx_HAL_Driver/Src/stm32f1xx_hal_spi.o
                0x08004504                HAL_SPI_Init
 .text.HAL_SPI_Transmit
                0x0800460c      0x286 ./Drivers/STM32F1xx_HAL_Driver/Src/stm32f1xx_hal_spi.o
                0x0800460c                HAL_SPI_Transmit
 .text.HAL_SPI_TransmitReceive
                0x08004892      0x360 ./Drivers/STM32F1xx_HAL_Driver/Src/stm32f1xx_hal_spi.o
                0x08004892                HAL_SPI_TransmitReceive
 *fill*         0x08004bf2        0x2 
 .text.SPI_WaitFlagStateUntilTimeout
                0x08004bf4      0x110 ./Drivers/STM32F1xx_HAL_Driver/Src/stm32f1xx_hal_spi.o
 .text.SPI_EndRxTxTransaction
                0x08004d04       0x3c ./Drivers/STM32F1xx_HAL_Driver/Src/stm32f1xx_hal_spi.o
 .text.HAL_UART_Init
                0x08004d40       0xa0 ./Drivers/STM32F1xx_HAL_Driver/Src/stm32f1xx_hal_uart.o
                0x08004d40                HAL_UART_Init
 .text.HAL_UART_Transmit
                0x08004de0      0x106 ./Drivers/STM32F1xx_HAL_Driver/Src/stm32f1xx_hal_uart.o
                0x08004de0                HAL_UART_Transmit
 .text.UART_WaitOnFlagUntilTimeout
                0x08004ee6       0xdc ./Drivers/STM32F1xx_HAL_Driver/Src/stm32f1xx_hal_uart.o
 *fill*         0x08004fc2        0x2 
 .text.UART_SetConfig
                0x08004fc4      0x11c ./Drivers/STM32F1xx_HAL_Driver/Src/stm32f1xx_hal_uart.o
 .text.MX_FATFS_Init
                0x080050e0       0x24 ./FATFS/App/fatfs.o
                0x080050e0                MX_FATFS_Init
 .text.get_fattime
                0x08005104        0xe ./FATFS/App/fatfs.o
                0x08005104                get_fattime
 .text.USER_initialize
                0x08005112       0x1e ./FATFS/Target/user_diskio.o
                0x08005112                USER_initialize
 .text.USER_status
                0x08005130       0x1e ./FATFS/Target/user_diskio.o
                0x08005130                USER_status
 .text.USER_read
                0x0800514e       0x28 ./FATFS/Target/user_diskio.o
                0x0800514e                USER_read
 .text.USER_write
                0x08005176       0x28 ./FATFS/Target/user_diskio.o
                0x08005176                USER_write
 .text.USER_ioctl
                0x0800519e       0x28 ./FATFS/Target/user_diskio.o
                0x0800519e                USER_ioctl
 *fill*         0x080051c6        0x2 
 .text.disk_status
                0x080051c8       0x34 ./Middlewares/Third_Party/FatFs/src/diskio.o
                0x080051c8                disk_status
 .text.disk_initialize
                0x080051fc       0x4c ./Middlewares/Third_Party/FatFs/src/diskio.o
                0x080051fc                disk_initialize
 .text.disk_read
                0x08005248       0x40 ./Middlewares/Third_Party/FatFs/src/diskio.o
                0x08005248                disk_read
 .text.disk_write
                0x08005288       0x40 ./Middlewares/Third_Party/FatFs/src/diskio.o
                0x08005288                disk_write
 .text.disk_ioctl
                0x080052c8       0x3c ./Middlewares/Third_Party/FatFs/src/diskio.o
                0x080052c8                disk_ioctl
 .text.mem_cpy  0x08005304       0x3c ./Middlewares/Third_Party/FatFs/src/ff.o
 .text.mem_set  0x08005340       0x34 ./Middlewares/Third_Party/FatFs/src/ff.o
 .text.mem_cmp  0x08005374       0x4c ./Middlewares/Third_Party/FatFs/src/ff.o
 .text.chk_chr  0x080053c0       0x34 ./Middlewares/Third_Party/FatFs/src/ff.o
 .text.chk_lock
                0x080053f4       0xe0 ./Middlewares/Third_Party/FatFs/src/ff.o
 .text.enq_lock
                0x080054d4       0x48 ./Middlewares/Third_Party/FatFs/src/ff.o
 .text.inc_lock
                0x0800551c      0x178 ./Middlewares/Third_Party/FatFs/src/ff.o
 .text.dec_lock
                0x08005694       0x88 ./Middlewares/Third_Party/FatFs/src/ff.o
 .text.clear_lock
                0x0800571c       0x54 ./Middlewares/Third_Party/FatFs/src/ff.o
 .text.sync_window
                0x08005770       0xa4 ./Middlewares/Third_Party/FatFs/src/ff.o
 .text.move_window
                0x08005814       0x64 ./Middlewares/Third_Party/FatFs/src/ff.o
 .text.sync_fs  0x08005878      0x17e ./Middlewares/Third_Party/FatFs/src/ff.o
 .text.clust2sect
                0x080059f6       0x48 ./Middlewares/Third_Party/FatFs/src/ff.o
                0x080059f6                clust2sect
 .text.get_fat  0x08005a3e      0x1f6 ./Middlewares/Third_Party/FatFs/src/ff.o
                0x08005a3e                get_fat
 .text.put_fat  0x08005c34      0x2a6 ./Middlewares/Third_Party/FatFs/src/ff.o
                0x08005c34                put_fat
 .text.remove_chain
                0x08005eda       0xc2 ./Middlewares/Third_Party/FatFs/src/ff.o
 .text.create_chain
                0x08005f9c      0x150 ./Middlewares/Third_Party/FatFs/src/ff.o
 .text.clmt_clust
                0x080060ec       0x80 ./Middlewares/Third_Party/FatFs/src/ff.o
 .text.dir_sdi  0x0800616c      0x19c ./Middlewares/Third_Party/FatFs/src/ff.o
 .text.dir_next
                0x08006308      0x294 ./Middlewares/Third_Party/FatFs/src/ff.o
 .text.dir_alloc
                0x0800659c       0x9c ./Middlewares/Third_Party/FatFs/src/ff.o
 .text.ld_clust
                0x08006638       0x5c ./Middlewares/Third_Party/FatFs/src/ff.o
 .text.st_clust
                0x08006694       0x4c ./Middlewares/Third_Party/FatFs/src/ff.o
 .text.cmp_lfn  0x080066e0       0xdc ./Middlewares/Third_Party/FatFs/src/ff.o
 .text.fit_lfn  0x080067bc       0xe8 ./Middlewares/Third_Party/FatFs/src/ff.o
 .text.gen_numname
                0x080068a4      0x11c ./Middlewares/Third_Party/FatFs/src/ff.o
 .text.sum_sfn  0x080069c0       0x40 ./Middlewares/Third_Party/FatFs/src/ff.o
 .text.dir_find
                0x08006a00      0x198 ./Middlewares/Third_Party/FatFs/src/ff.o
 .text.dir_register
                0x08006b98      0x248 ./Middlewares/Third_Party/FatFs/src/ff.o
 .text.create_name
                0x08006de0      0x37c ./Middlewares/Third_Party/FatFs/src/ff.o
 .text.follow_path
                0x0800715c       0xec ./Middlewares/Third_Party/FatFs/src/ff.o
 .text.get_ldnumber
                0x08007248       0x86 ./Middlewares/Third_Party/FatFs/src/ff.o
 *fill*         0x080072ce        0x2 
 .text.check_fs
                0x080072d0       0xdc ./Middlewares/Third_Party/FatFs/src/ff.o
 .text.find_volume
                0x080073ac      0x664 ./Middlewares/Third_Party/FatFs/src/ff.o
 .text.validate
                0x08007a10       0x76 ./Middlewares/Third_Party/FatFs/src/ff.o
 *fill*         0x08007a86        0x2 
 .text.f_mount  0x08007a88       0x94 ./Middlewares/Third_Party/FatFs/src/ff.o
                0x08007a88                f_mount
 .text.f_open   0x08007b1c      0x628 ./Middlewares/Third_Party/FatFs/src/ff.o
                0x08007b1c                f_open
 .text.f_read   0x08008144      0x3d0 ./Middlewares/Third_Party/FatFs/src/ff.o
                0x08008144                f_read
 .text.f_write  0x08008514      0x472 ./Middlewares/Third_Party/FatFs/src/ff.o
                0x08008514                f_write
 .text.f_sync   0x08008986      0x19c ./Middlewares/Third_Party/FatFs/src/ff.o
                0x08008986                f_sync
 .text.f_close  0x08008b22       0x56 ./Middlewares/Third_Party/FatFs/src/ff.o
                0x08008b22                f_close
 .text.f_lseek  0x08008b78      0x5e2 ./Middlewares/Third_Party/FatFs/src/ff.o
                0x08008b78                f_lseek
 .text.f_gets   0x0800915a       0x7c ./Middlewares/Third_Party/FatFs/src/ff.o
                0x0800915a                f_gets
 .text.putc_bfd
                0x080091d6       0x7a ./Middlewares/Third_Party/FatFs/src/ff.o
 .text.f_puts   0x08009250       0x72 ./Middlewares/Third_Party/FatFs/src/ff.o
                0x08009250                f_puts
 *fill*         0x080092c2        0x2 
 .text.FATFS_LinkDriverEx
                0x080092c4       0x94 ./Middlewares/Third_Party/FatFs/src/ff_gen_drv.o
                0x080092c4                FATFS_LinkDriverEx
 .text.FATFS_LinkDriver
                0x08009358       0x1e ./Middlewares/Third_Party/FatFs/src/ff_gen_drv.o
                0x08009358                FATFS_LinkDriver
 *fill*         0x08009376        0x2 
 .text.ff_convert
                0x08009378       0x74 ./Middlewares/Third_Party/FatFs/src/option/ccsbcs.o
                0x08009378                ff_convert
 .text.ff_wtoupper
                0x080093ec       0x5c ./Middlewares/Third_Party/FatFs/src/option/ccsbcs.o
                0x080093ec                ff_wtoupper
 .text.sprintf  0x08009448       0x40 C:/ST/STM32CubeIDE_1.15.0/STM32CubeIDE/plugins/com.st.stm32cube.ide.mcu.externaltools.gnu-tools-for-stm32.12.3.rel1.win32_1.0.100.202403111256/tools/bin/../lib/gcc/arm-none-eabi/12.3.1/../../../../arm-none-eabi/lib/thumb/v7-m/nofp\libc_nano.a(libc_a-sprintf.o)
                0x08009448                siprintf
                0x08009448                sprintf
 .text.memset   0x08009488       0x10 C:/ST/STM32CubeIDE_1.15.0/STM32CubeIDE/plugins/com.st.stm32cube.ide.mcu.externaltools.gnu-tools-for-stm32.12.3.rel1.win32_1.0.100.202403111256/tools/bin/../lib/gcc/arm-none-eabi/12.3.1/../../../../arm-none-eabi/lib/thumb/v7-m/nofp\libc_nano.a(libc_a-memset.o)
                0x08009488                memset
 .text.__errno  0x08009498        0xc C:/ST/STM32CubeIDE_1.15.0/STM32CubeIDE/plugins/com.st.stm32cube.ide.mcu.externaltools.gnu-tools-for-stm32.12.3.rel1.win32_1.0.100.202403111256/tools/bin/../lib/gcc/arm-none-eabi/12.3.1/../../../../arm-none-eabi/lib/thumb/v7-m/nofp\libc_nano.a(libc_a-errno.o)
                0x08009498                __errno
 .text.__libc_init_array
                0x080094a4       0x48 C:/ST/STM32CubeIDE_1.15.0/STM32CubeIDE/plugins/com.st.stm32cube.ide.mcu.externaltools.gnu-tools-for-stm32.12.3.rel1.win32_1.0.100.202403111256/tools/bin/../lib/gcc/arm-none-eabi/12.3.1/../../../../arm-none-eabi/lib/thumb/v7-m/nofp\libc_nano.a(libc_a-init.o)
                0x080094a4                __libc_init_array
 .text.__retarget_lock_acquire_recursive
                0x080094ec        0x2 C:/ST/STM32CubeIDE_1.15.0/STM32CubeIDE/plugins/com.st.stm32cube.ide.mcu.externaltools.gnu-tools-for-stm32.12.3.rel1.win32_1.0.100.202403111256/tools/bin/../lib/gcc/arm-none-eabi/12.3.1/../../../../arm-none-eabi/lib/thumb/v7-m/nofp\libc_nano.a(libc_a-lock.o)
                0x080094ec                __retarget_lock_acquire_recursive
 .text.__retarget_lock_release_recursive
                0x080094ee        0x2 C:/ST/STM32CubeIDE_1.15.0/STM32CubeIDE/plugins/com.st.stm32cube.ide.mcu.externaltools.gnu-tools-for-stm32.12.3.rel1.win32_1.0.100.202403111256/tools/bin/../lib/gcc/arm-none-eabi/12.3.1/../../../../arm-none-eabi/lib/thumb/v7-m/nofp\libc_nano.a(libc_a-lock.o)
                0x080094ee                __retarget_lock_release_recursive
 .text.strcpy   0x080094f0       0x10 C:/ST/STM32CubeIDE_1.15.0/STM32CubeIDE/plugins/com.st.stm32cube.ide.mcu.externaltools.gnu-tools-for-stm32.12.3.rel1.win32_1.0.100.202403111256/tools/bin/../lib/gcc/arm-none-eabi/12.3.1/../../../../arm-none-eabi/lib/thumb/v7-m/nofp\libc_nano.a(libc_a-strcpy.o)
                0x080094f0                strcpy
 .text._free_r  0x08009500       0x90 C:/ST/STM32CubeIDE_1.15.0/STM32CubeIDE/plugins/com.st.stm32cube.ide.mcu.externaltools.gnu-tools-for-stm32.12.3.rel1.win32_1.0.100.202403111256/tools/bin/../lib/gcc/arm-none-eabi/12.3.1/../../../../arm-none-eabi/lib/thumb/v7-m/nofp\libc_nano.a(libc_a-freer.o)
                0x08009500                _free_r
 .text.sbrk_aligned
                0x08009590       0x44 C:/ST/STM32CubeIDE_1.15.0/STM32CubeIDE/plugins/com.st.stm32cube.ide.mcu.externaltools.gnu-tools-for-stm32.12.3.rel1.win32_1.0.100.202403111256/tools/bin/../lib/gcc/arm-none-eabi/12.3.1/../../../../arm-none-eabi/lib/thumb/v7-m/nofp\libc_nano.a(libc_a-mallocr.o)
 .text._malloc_r
                0x080095d4      0x100 C:/ST/STM32CubeIDE_1.15.0/STM32CubeIDE/plugins/com.st.stm32cube.ide.mcu.externaltools.gnu-tools-for-stm32.12.3.rel1.win32_1.0.100.202403111256/tools/bin/../lib/gcc/arm-none-eabi/12.3.1/../../../../arm-none-eabi/lib/thumb/v7-m/nofp\libc_nano.a(libc_a-mallocr.o)
                0x080095d4                _malloc_r
 .text.__malloc_lock
                0x080096d4        0xc C:/ST/STM32CubeIDE_1.15.0/STM32CubeIDE/plugins/com.st.stm32cube.ide.mcu.externaltools.gnu-tools-for-stm32.12.3.rel1.win32_1.0.100.202403111256/tools/bin/../lib/gcc/arm-none-eabi/12.3.1/../../../../arm-none-eabi/lib/thumb/v7-m/nofp\libc_nano.a(libc_a-mlock.o)
                0x080096d4                __malloc_lock
 .text.__malloc_unlock
                0x080096e0        0xc C:/ST/STM32CubeIDE_1.15.0/STM32CubeIDE/plugins/com.st.stm32cube.ide.mcu.externaltools.gnu-tools-for-stm32.12.3.rel1.win32_1.0.100.202403111256/tools/bin/../lib/gcc/arm-none-eabi/12.3.1/../../../../arm-none-eabi/lib/thumb/v7-m/nofp\libc_nano.a(libc_a-mlock.o)
                0x080096e0                __malloc_unlock
 .text.__ssputs_r
                0x080096ec       0xb6 C:/ST/STM32CubeIDE_1.15.0/STM32CubeIDE/plugins/com.st.stm32cube.ide.mcu.externaltools.gnu-tools-for-stm32.12.3.rel1.win32_1.0.100.202403111256/tools/bin/../lib/gcc/arm-none-eabi/12.3.1/../../../../arm-none-eabi/lib/thumb/v7-m/nofp\libc_nano.a(libc_a-nano-svfprintf.o)
                0x080096ec                __ssputs_r
 *fill*         0x080097a2        0x2 
 .text._svfprintf_r
                0x080097a4      0x1f8 C:/ST/STM32CubeIDE_1.15.0/STM32CubeIDE/plugins/com.st.stm32cube.ide.mcu.externaltools.gnu-tools-for-stm32.12.3.rel1.win32_1.0.100.202403111256/tools/bin/../lib/gcc/arm-none-eabi/12.3.1/../../../../arm-none-eabi/lib/thumb/v7-m/nofp\libc_nano.a(libc_a-nano-svfprintf.o)
                0x080097a4                _svfiprintf_r
                0x080097a4                _svfprintf_r
 .text._printf_common
                0x0800999c       0xe4 C:/ST/STM32CubeIDE_1.15.0/STM32CubeIDE/plugins/com.st.stm32cube.ide.mcu.externaltools.gnu-tools-for-stm32.12.3.rel1.win32_1.0.100.202403111256/tools/bin/../lib/gcc/arm-none-eabi/12.3.1/../../../../arm-none-eabi/lib/thumb/v7-m/nofp\libc_nano.a(libc_a-nano-vfprintf_i.o)
                0x0800999c                _printf_common
 .text._printf_i
                0x08009a80      0x240 C:/ST/STM32CubeIDE_1.15.0/STM32CubeIDE/plugins/com.st.stm32cube.ide.mcu.externaltools.gnu-tools-for-stm32.12.3.rel1.win32_1.0.100.202403111256/tools/bin/../lib/gcc/arm-none-eabi/12.3.1/../../../../arm-none-eabi/lib/thumb/v7-m/nofp\libc_nano.a(libc_a-nano-vfprintf_i.o)
                0x08009a80                _printf_i
 .text.memmove  0x08009cc0       0x34 C:/ST/STM32CubeIDE_1.15.0/STM32CubeIDE/plugins/com.st.stm32cube.ide.mcu.externaltools.gnu-tools-for-stm32.12.3.rel1.win32_1.0.100.202403111256/tools/bin/../lib/gcc/arm-none-eabi/12.3.1/../../../../arm-none-eabi/lib/thumb/v7-m/nofp\libc_nano.a(libc_a-memmove.o)
                0x08009cc0                memmove
 .text._sbrk_r  0x08009cf4       0x20 C:/ST/STM32CubeIDE_1.15.0/STM32CubeIDE/plugins/com.st.stm32cube.ide.mcu.externaltools.gnu-tools-for-stm32.12.3.rel1.win32_1.0.100.202403111256/tools/bin/../lib/gcc/arm-none-eabi/12.3.1/../../../../arm-none-eabi/lib/thumb/v7-m/nofp\libc_nano.a(libc_a-sbrkr.o)
                0x08009cf4                _sbrk_r
 .text.memchr   0x08009d14       0x1c C:/ST/STM32CubeIDE_1.15.0/STM32CubeIDE/plugins/com.st.stm32cube.ide.mcu.externaltools.gnu-tools-for-stm32.12.3.rel1.win32_1.0.100.202403111256/tools/bin/../lib/gcc/arm-none-eabi/12.3.1/../../../../arm-none-eabi/lib/thumb/v7-m/nofp\libc_nano.a(libc_a-memchr-stub.o)
                0x08009d14                memchr
 .text.memcpy   0x08009d30       0x1c C:/ST/STM32CubeIDE_1.15.0/STM32CubeIDE/plugins/com.st.stm32cube.ide.mcu.externaltools.gnu-tools-for-stm32.12.3.rel1.win32_1.0.100.202403111256/tools/bin/../lib/gcc/arm-none-eabi/12.3.1/../../../../arm-none-eabi/lib/thumb/v7-m/nofp\libc_nano.a(libc_a-memcpy-stub.o)
                0x08009d30                memcpy
 .text._realloc_r
                0x08009d4c       0x5c C:/ST/STM32CubeIDE_1.15.0/STM32CubeIDE/plugins/com.st.stm32cube.ide.mcu.externaltools.gnu-tools-for-stm32.12.3.rel1.win32_1.0.100.202403111256/tools/bin/../lib/gcc/arm-none-eabi/12.3.1/../../../../arm-none-eabi/lib/thumb/v7-m/nofp\libc_nano.a(libc_a-reallocr.o)
                0x08009d4c                _realloc_r
 .text._malloc_usable_size_r
                0x08009da8       0x10 C:/ST/STM32CubeIDE_1.15.0/STM32CubeIDE/plugins/com.st.stm32cube.ide.mcu.externaltools.gnu-tools-for-stm32.12.3.rel1.win32_1.0.100.202403111256/tools/bin/../lib/gcc/arm-none-eabi/12.3.1/../../../../arm-none-eabi/lib/thumb/v7-m/nofp\libc_nano.a(libc_a-msizer.o)
                0x08009da8                _malloc_usable_size_r
 *(.glue_7)
 .glue_7        0x08009db8        0x0 linker stubs
 *(.glue_7t)
 .glue_7t       0x08009db8        0x0 linker stubs
 *(.eh_frame)
 .eh_frame      0x08009db8        0x0 C:/ST/STM32CubeIDE_1.15.0/STM32CubeIDE/plugins/com.st.stm32cube.ide.mcu.externaltools.gnu-tools-for-stm32.12.3.rel1.win32_1.0.100.202403111256/tools/bin/../lib/gcc/arm-none-eabi/12.3.1/thumb/v7-m/nofp/crtbegin.o
 *(.init)
 .init          0x08009db8        0x4 C:/ST/STM32CubeIDE_1.15.0/STM32CubeIDE/plugins/com.st.stm32cube.ide.mcu.externaltools.gnu-tools-for-stm32.12.3.rel1.win32_1.0.100.202403111256/tools/bin/../lib/gcc/arm-none-eabi/12.3.1/thumb/v7-m/nofp/crti.o
                0x08009db8                _init
 .init          0x08009dbc        0x8 C:/ST/STM32CubeIDE_1.15.0/STM32CubeIDE/plugins/com.st.stm32cube.ide.mcu.externaltools.gnu-tools-for-stm32.12.3.rel1.win32_1.0.100.202403111256/tools/bin/../lib/gcc/arm-none-eabi/12.3.1/thumb/v7-m/nofp/crtn.o
 *(.fini)
 .fini          0x08009dc4        0x4 C:/ST/STM32CubeIDE_1.15.0/STM32CubeIDE/plugins/com.st.stm32cube.ide.mcu.externaltools.gnu-tools-for-stm32.12.3.rel1.win32_1.0.100.202403111256/tools/bin/../lib/gcc/arm-none-eabi/12.3.1/thumb/v7-m/nofp/crti.o
                0x08009dc4                _fini
 .fini          0x08009dc8        0x8 C:/ST/STM32CubeIDE_1.15.0/STM32CubeIDE/plugins/com.st.stm32cube.ide.mcu.externaltools.gnu-tools-for-stm32.12.3.rel1.win32_1.0.100.202403111256/tools/bin/../lib/gcc/arm-none-eabi/12.3.1/thumb/v7-m/nofp/crtn.o
                0x08009dd0                        . = ALIGN (0x4)
                0x08009dd0                        _etext = .

.vfp11_veneer   0x08009dd0        0x0
 .vfp11_veneer  0x08009dd0        0x0 linker stubs

.v4_bx          0x08009dd0        0x0
 .v4_bx         0x08009dd0        0x0 linker stubs

.iplt           0x08009dd0        0x0
 .iplt          0x08009dd0        0x0 C:/ST/STM32CubeIDE_1.15.0/STM32CubeIDE/plugins/com.st.stm32cube.ide.mcu.externaltools.gnu-tools-for-stm32.12.3.rel1.win32_1.0.100.202403111256/tools/bin/../lib/gcc/arm-none-eabi/12.3.1/thumb/v7-m/nofp/crtbegin.o

.rodata         0x08009dd0      0x690
                0x08009dd0                        . = ALIGN (0x4)
 *(.rodata)
 .rodata        0x08009dd0       0x82 ./Core/Src/main.o
 *fill*         0x08009e52        0x2 
 .rodata        0x08009e54       0x48 ./Middlewares/Third_Party/FatFs/src/ff.o
 *(.rodata*)
 .rodata.AHBPrescTable
                0x08009e9c       0x10 ./Core/Src/system_stm32f1xx.o
                0x08009e9c                AHBPrescTable
 .rodata.APBPrescTable
                0x08009eac        0x8 ./Core/Src/system_stm32f1xx.o
                0x08009eac                APBPrescTable
 .rodata.aPLLMULFactorTable.1
                0x08009eb4       0x10 ./Drivers/STM32F1xx_HAL_Driver/Src/stm32f1xx_hal_rcc.o
 .rodata.aPredivFactorTable.0
                0x08009ec4        0x2 ./Drivers/STM32F1xx_HAL_Driver/Src/stm32f1xx_hal_rcc.o
 *fill*         0x08009ec6        0x2 
 .rodata.aPLLMULFactorTable.1
                0x08009ec8       0x10 ./Drivers/STM32F1xx_HAL_Driver/Src/stm32f1xx_hal_rcc_ex.o
 .rodata.aPredivFactorTable.0
                0x08009ed8        0x2 ./Drivers/STM32F1xx_HAL_Driver/Src/stm32f1xx_hal_rcc_ex.o
 *fill*         0x08009eda        0x2 
 .rodata.ExCvt  0x08009edc       0x80 ./Middlewares/Third_Party/FatFs/src/ff.o
 .rodata.LfnOfs
                0x08009f5c        0xd ./Middlewares/Third_Party/FatFs/src/ff.o
 *fill*         0x08009f69        0x3 
 .rodata.Tbl    0x08009f6c      0x100 ./Middlewares/Third_Party/FatFs/src/option/ccsbcs.o
 .rodata.tbl_lower.1
                0x0800a06c      0x1e0 ./Middlewares/Third_Party/FatFs/src/option/ccsbcs.o
 .rodata.tbl_upper.0
                0x0800a24c      0x1e0 ./Middlewares/Third_Party/FatFs/src/option/ccsbcs.o
 .rodata._svfprintf_r.str1.1
                0x0800a42c       0x11 C:/ST/STM32CubeIDE_1.15.0/STM32CubeIDE/plugins/com.st.stm32cube.ide.mcu.externaltools.gnu-tools-for-stm32.12.3.rel1.win32_1.0.100.202403111256/tools/bin/../lib/gcc/arm-none-eabi/12.3.1/../../../../arm-none-eabi/lib/thumb/v7-m/nofp\libc_nano.a(libc_a-nano-svfprintf.o)
 .rodata._printf_i.str1.1
                0x0800a43d       0x22 C:/ST/STM32CubeIDE_1.15.0/STM32CubeIDE/plugins/com.st.stm32cube.ide.mcu.externaltools.gnu-tools-for-stm32.12.3.rel1.win32_1.0.100.202403111256/tools/bin/../lib/gcc/arm-none-eabi/12.3.1/../../../../arm-none-eabi/lib/thumb/v7-m/nofp\libc_nano.a(libc_a-nano-vfprintf_i.o)
                0x0800a460                        . = ALIGN (0x4)
 *fill*         0x0800a45f        0x1 

.ARM.extab      0x0800a460        0x0
                0x0800a460                        . = ALIGN (0x4)
 *(.ARM.extab* .gnu.linkonce.armextab.*)
                0x0800a460                        . = ALIGN (0x4)

.ARM            0x0800a460        0x8
                0x0800a460                        . = ALIGN (0x4)
                0x0800a460                        __exidx_start = .
 *(.ARM.exidx*)
 .ARM.exidx     0x0800a460        0x8 C:/ST/STM32CubeIDE_1.15.0/STM32CubeIDE/plugins/com.st.stm32cube.ide.mcu.externaltools.gnu-tools-for-stm32.12.3.rel1.win32_1.0.100.202403111256/tools/bin/../lib/gcc/arm-none-eabi/12.3.1/../../../../arm-none-eabi/lib/thumb/v7-m/nofp\libc_nano.a(libc_a-strlen.o)
                0x0800a468                        __exidx_end = .
                0x0800a468                        . = ALIGN (0x4)

.rel.dyn        0x0800a468        0x0
 .rel.iplt      0x0800a468        0x0 C:/ST/STM32CubeIDE_1.15.0/STM32CubeIDE/plugins/com.st.stm32cube.ide.mcu.externaltools.gnu-tools-for-stm32.12.3.rel1.win32_1.0.100.202403111256/tools/bin/../lib/gcc/arm-none-eabi/12.3.1/thumb/v7-m/nofp/crtbegin.o

.preinit_array  0x0800a468        0x0
                0x0800a468                        . = ALIGN (0x4)
                0x0800a468                        PROVIDE (__preinit_array_start = .)
 *(.preinit_array*)
                0x0800a468                        PROVIDE (__preinit_array_end = .)
                0x0800a468                        . = ALIGN (0x4)

.init_array     0x0800a468        0x4
                0x0800a468                        . = ALIGN (0x4)
                0x0800a468                        PROVIDE (__init_array_start = .)
 *(SORT_BY_NAME(.init_array.*))
 *(.init_array*)
 .init_array    0x0800a468        0x4 C:/ST/STM32CubeIDE_1.15.0/STM32CubeIDE/plugins/com.st.stm32cube.ide.mcu.externaltools.gnu-tools-for-stm32.12.3.rel1.win32_1.0.100.202403111256/tools/bin/../lib/gcc/arm-none-eabi/12.3.1/thumb/v7-m/nofp/crtbegin.o
                0x0800a46c                        PROVIDE (__init_array_end = .)
                0x0800a46c                        . = ALIGN (0x4)

.fini_array     0x0800a46c        0x4
                0x0800a46c                        . = ALIGN (0x4)
                [!provide]                        PROVIDE (__fini_array_start = .)
 *(SORT_BY_NAME(.fini_array.*))
 *(.fini_array*)
 .fini_array    0x0800a46c        0x4 C:/ST/STM32CubeIDE_1.15.0/STM32CubeIDE/plugins/com.st.stm32cube.ide.mcu.externaltools.gnu-tools-for-stm32.12.3.rel1.win32_1.0.100.202403111256/tools/bin/../lib/gcc/arm-none-eabi/12.3.1/thumb/v7-m/nofp/crtbegin.o
                [!provide]                        PROVIDE (__fini_array_end = .)
                0x0800a470                        . = ALIGN (0x4)
                0x0800a470                        _sidata = LOADADDR (.data)

.data           0x20000000       0x78 load address 0x0800a470
                0x20000000                        . = ALIGN (0x4)
                0x20000000                        _sdata = .
 *(.data)
 *(.data*)
 .data.Stat     0x20000000        0x1 ./Core/Src/fatfs_sd.o
 *fill*         0x20000001        0x3 
 .data.offset   0x20000004        0x4 ./Core/Src/main.o
                0x20000004                offset
 .data.SystemCoreClock
                0x20000008        0x4 ./Core/Src/system_stm32f1xx.o
                0x20000008                SystemCoreClock
 .data.uwTickPrio
                0x2000000c        0x4 ./Drivers/STM32F1xx_HAL_Driver/Src/stm32f1xx_hal.o
                0x2000000c                uwTickPrio
 .data.uwTickFreq
                0x20000010        0x1 ./Drivers/STM32F1xx_HAL_Driver/Src/stm32f1xx_hal.o
                0x20000010                uwTickFreq
 *fill*         0x20000011        0x3 
 .data.USER_Driver
                0x20000014       0x14 ./FATFS/Target/user_diskio.o
                0x20000014                USER_Driver
 .data._impure_ptr
                0x20000028        0x4 C:/ST/STM32CubeIDE_1.15.0/STM32CubeIDE/plugins/com.st.stm32cube.ide.mcu.externaltools.gnu-tools-for-stm32.12.3.rel1.win32_1.0.100.202403111256/tools/bin/../lib/gcc/arm-none-eabi/12.3.1/../../../../arm-none-eabi/lib/thumb/v7-m/nofp\libc_nano.a(libc_a-impure.o)
                0x20000028                _impure_ptr
 .data._impure_data
                0x2000002c       0x4c C:/ST/STM32CubeIDE_1.15.0/STM32CubeIDE/plugins/com.st.stm32cube.ide.mcu.externaltools.gnu-tools-for-stm32.12.3.rel1.win32_1.0.100.202403111256/tools/bin/../lib/gcc/arm-none-eabi/12.3.1/../../../../arm-none-eabi/lib/thumb/v7-m/nofp\libc_nano.a(libc_a-impure.o)
                0x2000002c                _impure_data
 *(.RamFunc)
 *(.RamFunc*)
                0x20000078                        . = ALIGN (0x4)
                0x20000078                        _edata = .

.igot.plt       0x20000078        0x0 load address 0x0800a4e8
 .igot.plt      0x20000078        0x0 C:/ST/STM32CubeIDE_1.15.0/STM32CubeIDE/plugins/com.st.stm32cube.ide.mcu.externaltools.gnu-tools-for-stm32.12.3.rel1.win32_1.0.100.202403111256/tools/bin/../lib/gcc/arm-none-eabi/12.3.1/thumb/v7-m/nofp/crtbegin.o
                0x20000078                        . = ALIGN (0x4)

.bss            0x20000078     0x2520 load address 0x0800a4e8
                0x20000078                        _sbss = .
                0x20000078                        __bss_start__ = _sbss
 *(.bss)
 .bss           0x20000078       0x1c C:/ST/STM32CubeIDE_1.15.0/STM32CubeIDE/plugins/com.st.stm32cube.ide.mcu.externaltools.gnu-tools-for-stm32.12.3.rel1.win32_1.0.100.202403111256/tools/bin/../lib/gcc/arm-none-eabi/12.3.1/thumb/v7-m/nofp/crtbegin.o
 *(.bss*)
 .bss.Timer1    0x20000094        0x2 ./Core/Src/fatfs_sd.o
                0x20000094                Timer1
 .bss.Timer2    0x20000096        0x2 ./Core/Src/fatfs_sd.o
                0x20000096                Timer2
 .bss.CardType  0x20000098        0x1 ./Core/Src/fatfs_sd.o
 .bss.PowerFlag
                0x20000099        0x1 ./Core/Src/fatfs_sd.o
 *fill*         0x2000009a        0x2 
 .bss.hadc1     0x2000009c       0x30 ./Core/Src/main.o
                0x2000009c                hadc1
 .bss.hrtc      0x200000cc       0x14 ./Core/Src/main.o
                0x200000cc                hrtc
 .bss.hspi1     0x200000e0       0x58 ./Core/Src/main.o
                0x200000e0                hspi1
 .bss.huart1    0x20000138       0x48 ./Core/Src/main.o
                0x20000138                huart1
 .bss.filesystem
                0x20000180     0x1030 ./Core/Src/main.o
                0x20000180                filesystem
 .bss.file      0x200011b0     0x102c ./Core/Src/main.o
                0x200011b0                file
 .bss.startTick
                0x200021dc        0x4 ./Core/Src/main.o
                0x200021dc                startTick
 .bss.timeStr   0x200021e0       0x32 ./Core/Src/main.o
                0x200021e0                timeStr
 *fill*         0x20002212        0x2 
 .bss.__sbrk_heap_end
                0x20002214        0x4 ./Core/Src/sysmem.o
 .bss.uwTick    0x20002218        0x4 ./Drivers/STM32F1xx_HAL_Driver/Src/stm32f1xx_hal.o
                0x20002218                uwTick
 .bss.retUSER   0x2000221c        0x1 ./FATFS/App/fatfs.o
                0x2000221c                retUSER
 *fill*         0x2000221d        0x3 
 .bss.USERPath  0x20002220        0x4 ./FATFS/App/fatfs.o
                0x20002220                USERPath
 .bss.FatFs     0x20002224        0x4 ./Middlewares/Third_Party/FatFs/src/ff.o
 .bss.Fsid      0x20002228        0x2 ./Middlewares/Third_Party/FatFs/src/ff.o
 *fill*         0x2000222a        0x2 
 .bss.Files     0x2000222c       0x18 ./Middlewares/Third_Party/FatFs/src/ff.o
 .bss.LfnBuf    0x20002244      0x200 ./Middlewares/Third_Party/FatFs/src/ff.o
 .bss.disk      0x20002444        0xc ./Middlewares/Third_Party/FatFs/src/ff_gen_drv.o
                0x20002444                disk
 .bss.__sf      0x20002450      0x138 C:/ST/STM32CubeIDE_1.15.0/STM32CubeIDE/plugins/com.st.stm32cube.ide.mcu.externaltools.gnu-tools-for-stm32.12.3.rel1.win32_1.0.100.202403111256/tools/bin/../lib/gcc/arm-none-eabi/12.3.1/../../../../arm-none-eabi/lib/thumb/v7-m/nofp\libc_nano.a(libc_a-findfp.o)
                0x20002450                __sf
 .bss.errno     0x20002588        0x4 C:/ST/STM32CubeIDE_1.15.0/STM32CubeIDE/plugins/com.st.stm32cube.ide.mcu.externaltools.gnu-tools-for-stm32.12.3.rel1.win32_1.0.100.202403111256/tools/bin/../lib/gcc/arm-none-eabi/12.3.1/../../../../arm-none-eabi/lib/thumb/v7-m/nofp\libc_nano.a(libc_a-reent.o)
                0x20002588                errno
 .bss.__lock___malloc_recursive_mutex
                0x2000258c        0x1 C:/ST/STM32CubeIDE_1.15.0/STM32CubeIDE/plugins/com.st.stm32cube.ide.mcu.externaltools.gnu-tools-for-stm32.12.3.rel1.win32_1.0.100.202403111256/tools/bin/../lib/gcc/arm-none-eabi/12.3.1/../../../../arm-none-eabi/lib/thumb/v7-m/nofp\libc_nano.a(libc_a-lock.o)
                0x2000258c                __lock___malloc_recursive_mutex
 *fill*         0x2000258d        0x3 
 .bss.__malloc_sbrk_start
                0x20002590        0x4 C:/ST/STM32CubeIDE_1.15.0/STM32CubeIDE/plugins/com.st.stm32cube.ide.mcu.externaltools.gnu-tools-for-stm32.12.3.rel1.win32_1.0.100.202403111256/tools/bin/../lib/gcc/arm-none-eabi/12.3.1/../../../../arm-none-eabi/lib/thumb/v7-m/nofp\libc_nano.a(libc_a-mallocr.o)
                0x20002590                __malloc_sbrk_start
 .bss.__malloc_free_list
                0x20002594        0x4 C:/ST/STM32CubeIDE_1.15.0/STM32CubeIDE/plugins/com.st.stm32cube.ide.mcu.externaltools.gnu-tools-for-stm32.12.3.rel1.win32_1.0.100.202403111256/tools/bin/../lib/gcc/arm-none-eabi/12.3.1/../../../../arm-none-eabi/lib/thumb/v7-m/nofp\libc_nano.a(libc_a-mallocr.o)
                0x20002594                __malloc_free_list
 *(COMMON)
                0x20002598                        . = ALIGN (0x4)
                0x20002598                        _ebss = .
                0x20002598                        __bss_end__ = _ebss

._user_heap_stack
                0x20002598      0x600 load address 0x0800a4e8
                0x20002598                        . = ALIGN (0x8)
                [!provide]                        PROVIDE (end = .)
                0x20002598                        PROVIDE (_end = .)
                0x20002798                        . = (. + _Min_Heap_Size)
 *fill*         0x20002598      0x200 
                0x20002b98                        . = (. + _Min_Stack_Size)
 *fill*         0x20002798      0x400 
                0x20002b98                        . = ALIGN (0x8)

/DISCARD/
 libc.a(*)
 libm.a(*)
 libgcc.a(*)

.ARM.attributes
                0x00000000       0x29
 *(.ARM.attributes)
 .ARM.attributes
                0x00000000       0x1d C:/ST/STM32CubeIDE_1.15.0/STM32CubeIDE/plugins/com.st.stm32cube.ide.mcu.externaltools.gnu-tools-for-stm32.12.3.rel1.win32_1.0.100.202403111256/tools/bin/../lib/gcc/arm-none-eabi/12.3.1/thumb/v7-m/nofp/crti.o
 .ARM.attributes
                0x0000001d       0x2d C:/ST/STM32CubeIDE_1.15.0/STM32CubeIDE/plugins/com.st.stm32cube.ide.mcu.externaltools.gnu-tools-for-stm32.12.3.rel1.win32_1.0.100.202403111256/tools/bin/../lib/gcc/arm-none-eabi/12.3.1/thumb/v7-m/nofp/crtbegin.o
 .ARM.attributes
                0x0000004a       0x2d ./Core/Src/fatfs_sd.o
 .ARM.attributes
                0x00000077       0x2d ./Core/Src/main.o
 .ARM.attributes
                0x000000a4       0x2d ./Core/Src/stm32f1xx_hal_msp.o
 .ARM.attributes
                0x000000d1       0x2d ./Core/Src/stm32f1xx_it.o
 .ARM.attributes
                0x000000fe       0x2d ./Core/Src/sysmem.o
 .ARM.attributes
                0x0000012b       0x2d ./Core/Src/system_stm32f1xx.o
 .ARM.attributes
                0x00000158       0x21 ./Core/Startup/startup_stm32f103c8tx.o
 .ARM.attributes
                0x00000179       0x2d ./Drivers/STM32F1xx_HAL_Driver/Src/stm32f1xx_hal.o
 .ARM.attributes
                0x000001a6       0x2d ./Drivers/STM32F1xx_HAL_Driver/Src/stm32f1xx_hal_adc.o
 .ARM.attributes
                0x000001d3       0x2d ./Drivers/STM32F1xx_HAL_Driver/Src/stm32f1xx_hal_cortex.o
 .ARM.attributes
                0x00000200       0x2d ./Drivers/STM32F1xx_HAL_Driver/Src/stm32f1xx_hal_gpio.o
 .ARM.attributes
                0x0000022d       0x2d ./Drivers/STM32F1xx_HAL_Driver/Src/stm32f1xx_hal_pwr.o
 .ARM.attributes
                0x0000025a       0x2d ./Drivers/STM32F1xx_HAL_Driver/Src/stm32f1xx_hal_rcc.o
 .ARM.attributes
                0x00000287       0x2d ./Drivers/STM32F1xx_HAL_Driver/Src/stm32f1xx_hal_rcc_ex.o
 .ARM.attributes
                0x000002b4       0x2d ./Drivers/STM32F1xx_HAL_Driver/Src/stm32f1xx_hal_rtc.o
 .ARM.attributes
                0x000002e1       0x2d ./Drivers/STM32F1xx_HAL_Driver/Src/stm32f1xx_hal_spi.o
 .ARM.attributes
                0x0000030e       0x2d ./Drivers/STM32F1xx_HAL_Driver/Src/stm32f1xx_hal_uart.o
 .ARM.attributes
                0x0000033b       0x2d ./FATFS/App/fatfs.o
 .ARM.attributes
                0x00000368       0x2d ./FATFS/Target/user_diskio.o
 .ARM.attributes
                0x00000395       0x2d ./Middlewares/Third_Party/FatFs/src/diskio.o
 .ARM.attributes
                0x000003c2       0x2d ./Middlewares/Third_Party/FatFs/src/ff.o
 .ARM.attributes
                0x000003ef       0x2d ./Middlewares/Third_Party/FatFs/src/ff_gen_drv.o
 .ARM.attributes
                0x0000041c       0x2d ./Middlewares/Third_Party/FatFs/src/option/ccsbcs.o
 .ARM.attributes
                0x00000449       0x2d C:/ST/STM32CubeIDE_1.15.0/STM32CubeIDE/plugins/com.st.stm32cube.ide.mcu.externaltools.gnu-tools-for-stm32.12.3.rel1.win32_1.0.100.202403111256/tools/bin/../lib/gcc/arm-none-eabi/12.3.1/../../../../arm-none-eabi/lib/thumb/v7-m/nofp\libc_nano.a(libc_a-findfp.o)
 .ARM.attributes
                0x00000476       0x2d C:/ST/STM32CubeIDE_1.15.0/STM32CubeIDE/plugins/com.st.stm32cube.ide.mcu.externaltools.gnu-tools-for-stm32.12.3.rel1.win32_1.0.100.202403111256/tools/bin/../lib/gcc/arm-none-eabi/12.3.1/../../../../arm-none-eabi/lib/thumb/v7-m/nofp\libc_nano.a(libc_a-sprintf.o)
 .ARM.attributes
                0x000004a3       0x2d C:/ST/STM32CubeIDE_1.15.0/STM32CubeIDE/plugins/com.st.stm32cube.ide.mcu.externaltools.gnu-tools-for-stm32.12.3.rel1.win32_1.0.100.202403111256/tools/bin/../lib/gcc/arm-none-eabi/12.3.1/../../../../arm-none-eabi/lib/thumb/v7-m/nofp\libc_nano.a(libc_a-memset.o)
 .ARM.attributes
                0x000004d0       0x2d C:/ST/STM32CubeIDE_1.15.0/STM32CubeIDE/plugins/com.st.stm32cube.ide.mcu.externaltools.gnu-tools-for-stm32.12.3.rel1.win32_1.0.100.202403111256/tools/bin/../lib/gcc/arm-none-eabi/12.3.1/../../../../arm-none-eabi/lib/thumb/v7-m/nofp\libc_nano.a(libc_a-reent.o)
 .ARM.attributes
                0x000004fd       0x2d C:/ST/STM32CubeIDE_1.15.0/STM32CubeIDE/plugins/com.st.stm32cube.ide.mcu.externaltools.gnu-tools-for-stm32.12.3.rel1.win32_1.0.100.202403111256/tools/bin/../lib/gcc/arm-none-eabi/12.3.1/../../../../arm-none-eabi/lib/thumb/v7-m/nofp\libc_nano.a(libc_a-impure.o)
 .ARM.attributes
                0x0000052a       0x2d C:/ST/STM32CubeIDE_1.15.0/STM32CubeIDE/plugins/com.st.stm32cube.ide.mcu.externaltools.gnu-tools-for-stm32.12.3.rel1.win32_1.0.100.202403111256/tools/bin/../lib/gcc/arm-none-eabi/12.3.1/../../../../arm-none-eabi/lib/thumb/v7-m/nofp\libc_nano.a(libc_a-errno.o)
 .ARM.attributes
                0x00000557       0x2d C:/ST/STM32CubeIDE_1.15.0/STM32CubeIDE/plugins/com.st.stm32cube.ide.mcu.externaltools.gnu-tools-for-stm32.12.3.rel1.win32_1.0.100.202403111256/tools/bin/../lib/gcc/arm-none-eabi/12.3.1/../../../../arm-none-eabi/lib/thumb/v7-m/nofp\libc_nano.a(libc_a-init.o)
 .ARM.attributes
                0x00000584       0x2d C:/ST/STM32CubeIDE_1.15.0/STM32CubeIDE/plugins/com.st.stm32cube.ide.mcu.externaltools.gnu-tools-for-stm32.12.3.rel1.win32_1.0.100.202403111256/tools/bin/../lib/gcc/arm-none-eabi/12.3.1/../../../../arm-none-eabi/lib/thumb/v7-m/nofp\libc_nano.a(libc_a-lock.o)
 .ARM.attributes
                0x000005b1       0x2d C:/ST/STM32CubeIDE_1.15.0/STM32CubeIDE/plugins/com.st.stm32cube.ide.mcu.externaltools.gnu-tools-for-stm32.12.3.rel1.win32_1.0.100.202403111256/tools/bin/../lib/gcc/arm-none-eabi/12.3.1/../../../../arm-none-eabi/lib/thumb/v7-m/nofp\libc_nano.a(libc_a-strcpy.o)
 .ARM.attributes
                0x000005de       0x17 C:/ST/STM32CubeIDE_1.15.0/STM32CubeIDE/plugins/com.st.stm32cube.ide.mcu.externaltools.gnu-tools-for-stm32.12.3.rel1.win32_1.0.100.202403111256/tools/bin/../lib/gcc/arm-none-eabi/12.3.1/../../../../arm-none-eabi/lib/thumb/v7-m/nofp\libc_nano.a(libc_a-strlen.o)
 .ARM.attributes
                0x000005f5       0x2d C:/ST/STM32CubeIDE_1.15.0/STM32CubeIDE/plugins/com.st.stm32cube.ide.mcu.externaltools.gnu-tools-for-stm32.12.3.rel1.win32_1.0.100.202403111256/tools/bin/../lib/gcc/arm-none-eabi/12.3.1/../../../../arm-none-eabi/lib/thumb/v7-m/nofp\libc_nano.a(libc_a-freer.o)
 .ARM.attributes
                0x00000622       0x2d C:/ST/STM32CubeIDE_1.15.0/STM32CubeIDE/plugins/com.st.stm32cube.ide.mcu.externaltools.gnu-tools-for-stm32.12.3.rel1.win32_1.0.100.202403111256/tools/bin/../lib/gcc/arm-none-eabi/12.3.1/../../../../arm-none-eabi/lib/thumb/v7-m/nofp\libc_nano.a(libc_a-mallocr.o)
 .ARM.attributes
                0x0000064f       0x2d C:/ST/STM32CubeIDE_1.15.0/STM32CubeIDE/plugins/com.st.stm32cube.ide.mcu.externaltools.gnu-tools-for-stm32.12.3.rel1.win32_1.0.100.202403111256/tools/bin/../lib/gcc/arm-none-eabi/12.3.1/../../../../arm-none-eabi/lib/thumb/v7-m/nofp\libc_nano.a(libc_a-mlock.o)
 .ARM.attributes
                0x0000067c       0x2d C:/ST/STM32CubeIDE_1.15.0/STM32CubeIDE/plugins/com.st.stm32cube.ide.mcu.externaltools.gnu-tools-for-stm32.12.3.rel1.win32_1.0.100.202403111256/tools/bin/../lib/gcc/arm-none-eabi/12.3.1/../../../../arm-none-eabi/lib/thumb/v7-m/nofp\libc_nano.a(libc_a-nano-svfprintf.o)
 .ARM.attributes
                0x000006a9       0x2d C:/ST/STM32CubeIDE_1.15.0/STM32CubeIDE/plugins/com.st.stm32cube.ide.mcu.externaltools.gnu-tools-for-stm32.12.3.rel1.win32_1.0.100.202403111256/tools/bin/../lib/gcc/arm-none-eabi/12.3.1/../../../../arm-none-eabi/lib/thumb/v7-m/nofp\libc_nano.a(libc_a-nano-vfprintf_i.o)
 .ARM.attributes
                0x000006d6       0x2d C:/ST/STM32CubeIDE_1.15.0/STM32CubeIDE/plugins/com.st.stm32cube.ide.mcu.externaltools.gnu-tools-for-stm32.12.3.rel1.win32_1.0.100.202403111256/tools/bin/../lib/gcc/arm-none-eabi/12.3.1/../../../../arm-none-eabi/lib/thumb/v7-m/nofp\libc_nano.a(libc_a-memmove.o)
 .ARM.attributes
                0x00000703       0x2d C:/ST/STM32CubeIDE_1.15.0/STM32CubeIDE/plugins/com.st.stm32cube.ide.mcu.externaltools.gnu-tools-for-stm32.12.3.rel1.win32_1.0.100.202403111256/tools/bin/../lib/gcc/arm-none-eabi/12.3.1/../../../../arm-none-eabi/lib/thumb/v7-m/nofp\libc_nano.a(libc_a-sbrkr.o)
 .ARM.attributes
                0x00000730       0x2d C:/ST/STM32CubeIDE_1.15.0/STM32CubeIDE/plugins/com.st.stm32cube.ide.mcu.externaltools.gnu-tools-for-stm32.12.3.rel1.win32_1.0.100.202403111256/tools/bin/../lib/gcc/arm-none-eabi/12.3.1/../../../../arm-none-eabi/lib/thumb/v7-m/nofp\libc_nano.a(libc_a-memchr-stub.o)
 .ARM.attributes
                0x0000075d       0x2d C:/ST/STM32CubeIDE_1.15.0/STM32CubeIDE/plugins/com.st.stm32cube.ide.mcu.externaltools.gnu-tools-for-stm32.12.3.rel1.win32_1.0.100.202403111256/tools/bin/../lib/gcc/arm-none-eabi/12.3.1/../../../../arm-none-eabi/lib/thumb/v7-m/nofp\libc_nano.a(libc_a-memcpy-stub.o)
 .ARM.attributes
                0x0000078a       0x2d C:/ST/STM32CubeIDE_1.15.0/STM32CubeIDE/plugins/com.st.stm32cube.ide.mcu.externaltools.gnu-tools-for-stm32.12.3.rel1.win32_1.0.100.202403111256/tools/bin/../lib/gcc/arm-none-eabi/12.3.1/../../../../arm-none-eabi/lib/thumb/v7-m/nofp\libc_nano.a(libc_a-reallocr.o)
 .ARM.attributes
                0x000007b7       0x2d C:/ST/STM32CubeIDE_1.15.0/STM32CubeIDE/plugins/com.st.stm32cube.ide.mcu.externaltools.gnu-tools-for-stm32.12.3.rel1.win32_1.0.100.202403111256/tools/bin/../lib/gcc/arm-none-eabi/12.3.1/../../../../arm-none-eabi/lib/thumb/v7-m/nofp\libc_nano.a(libc_a-msizer.o)
 .ARM.attributes
                0x000007e4       0x1d C:/ST/STM32CubeIDE_1.15.0/STM32CubeIDE/plugins/com.st.stm32cube.ide.mcu.externaltools.gnu-tools-for-stm32.12.3.rel1.win32_1.0.100.202403111256/tools/bin/../lib/gcc/arm-none-eabi/12.3.1/thumb/v7-m/nofp\libgcc.a(_arm_muldf3.o)
 .ARM.attributes
                0x00000801       0x1d C:/ST/STM32CubeIDE_1.15.0/STM32CubeIDE/plugins/com.st.stm32cube.ide.mcu.externaltools.gnu-tools-for-stm32.12.3.rel1.win32_1.0.100.202403111256/tools/bin/../lib/gcc/arm-none-eabi/12.3.1/thumb/v7-m/nofp\libgcc.a(_arm_addsubdf3.o)
 .ARM.attributes
                0x0000081e       0x1d C:/ST/STM32CubeIDE_1.15.0/STM32CubeIDE/plugins/com.st.stm32cube.ide.mcu.externaltools.gnu-tools-for-stm32.12.3.rel1.win32_1.0.100.202403111256/tools/bin/../lib/gcc/arm-none-eabi/12.3.1/thumb/v7-m/nofp\libgcc.a(_arm_fixdfsi.o)
 .ARM.attributes
                0x0000083b       0x1d C:/ST/STM32CubeIDE_1.15.0/STM32CubeIDE/plugins/com.st.stm32cube.ide.mcu.externaltools.gnu-tools-for-stm32.12.3.rel1.win32_1.0.100.202403111256/tools/bin/../lib/gcc/arm-none-eabi/12.3.1/thumb/v7-m/nofp/crtn.o
OUTPUT(Projecto.elf elf32-littlearm)
LOAD linker stubs
LOAD C:/ST/STM32CubeIDE_1.15.0/STM32CubeIDE/plugins/com.st.stm32cube.ide.mcu.externaltools.gnu-tools-for-stm32.12.3.rel1.win32_1.0.100.202403111256/tools/bin/../lib/gcc/arm-none-eabi/12.3.1/../../../../arm-none-eabi/lib/thumb/v7-m/nofp\libc.a
LOAD C:/ST/STM32CubeIDE_1.15.0/STM32CubeIDE/plugins/com.st.stm32cube.ide.mcu.externaltools.gnu-tools-for-stm32.12.3.rel1.win32_1.0.100.202403111256/tools/bin/../lib/gcc/arm-none-eabi/12.3.1/../../../../arm-none-eabi/lib/thumb/v7-m/nofp\libm.a
LOAD C:/ST/STM32CubeIDE_1.15.0/STM32CubeIDE/plugins/com.st.stm32cube.ide.mcu.externaltools.gnu-tools-for-stm32.12.3.rel1.win32_1.0.100.202403111256/tools/bin/../lib/gcc/arm-none-eabi/12.3.1/thumb/v7-m/nofp\libgcc.a

.debug_info     0x00000000     0xf7f4
 .debug_info    0x00000000      0xbb2 ./Core/Src/fatfs_sd.o
 .debug_info    0x00000bb2     0x1b1b ./Core/Src/main.o
 .debug_info    0x000026cd      0xf9d ./Core/Src/stm32f1xx_hal_msp.o
 .debug_info    0x0000366a      0x13f ./Core/Src/stm32f1xx_it.o
 .debug_info    0x000037a9      0x168 ./Core/Src/sysmem.o
 .debug_info    0x00003911      0x222 ./Core/Src/system_stm32f1xx.o
 .debug_info    0x00003b33       0x30 ./Core/Startup/startup_stm32f103c8tx.o
 .debug_info    0x00003b63      0x704 ./Drivers/STM32F1xx_HAL_Driver/Src/stm32f1xx_hal.o
 .debug_info    0x00004267      0xc50 ./Drivers/STM32F1xx_HAL_Driver/Src/stm32f1xx_hal_adc.o
 .debug_info    0x00004eb7      0xa87 ./Drivers/STM32F1xx_HAL_Driver/Src/stm32f1xx_hal_cortex.o
 .debug_info    0x0000593e      0x5ab ./Drivers/STM32F1xx_HAL_Driver/Src/stm32f1xx_hal_gpio.o
 .debug_info    0x00005ee9      0x628 ./Drivers/STM32F1xx_HAL_Driver/Src/stm32f1xx_hal_pwr.o
 .debug_info    0x00006511      0x7d5 ./Drivers/STM32F1xx_HAL_Driver/Src/stm32f1xx_hal_rcc.o
 .debug_info    0x00006ce6      0x3c0 ./Drivers/STM32F1xx_HAL_Driver/Src/stm32f1xx_hal_rcc_ex.o
 .debug_info    0x000070a6      0xc73 ./Drivers/STM32F1xx_HAL_Driver/Src/stm32f1xx_hal_rtc.o
 .debug_info    0x00007d19     0x1503 ./Drivers/STM32F1xx_HAL_Driver/Src/stm32f1xx_hal_spi.o
 .debug_info    0x0000921c     0x2fa8 ./Drivers/STM32F1xx_HAL_Driver/Src/stm32f1xx_hal_uart.o
 .debug_info    0x0000c1c4      0x4dd ./FATFS/App/fatfs.o
 .debug_info    0x0000c6a1      0x3af ./FATFS/Target/user_diskio.o
 .debug_info    0x0000ca50      0x3da ./Middlewares/Third_Party/FatFs/src/diskio.o
 .debug_info    0x0000ce2a     0x24dd ./Middlewares/Third_Party/FatFs/src/ff.o
 .debug_info    0x0000f307      0x37a ./Middlewares/Third_Party/FatFs/src/ff_gen_drv.o
 .debug_info    0x0000f681      0x173 ./Middlewares/Third_Party/FatFs/src/option/ccsbcs.o

.debug_abbrev   0x00000000     0x2bfe
 .debug_abbrev  0x00000000      0x302 ./Core/Src/fatfs_sd.o
 .debug_abbrev  0x00000302      0x380 ./Core/Src/main.o
 .debug_abbrev  0x00000682      0x21a ./Core/Src/stm32f1xx_hal_msp.o
 .debug_abbrev  0x0000089c       0x97 ./Core/Src/stm32f1xx_it.o
 .debug_abbrev  0x00000933       0xbc ./Core/Src/sysmem.o
 .debug_abbrev  0x000009ef      0x13f ./Core/Src/system_stm32f1xx.o
 .debug_abbrev  0x00000b2e       0x24 ./Core/Startup/startup_stm32f103c8tx.o
 .debug_abbrev  0x00000b52      0x201 ./Drivers/STM32F1xx_HAL_Driver/Src/stm32f1xx_hal.o
 .debug_abbrev  0x00000d53      0x225 ./Drivers/STM32F1xx_HAL_Driver/Src/stm32f1xx_hal_adc.o
 .debug_abbrev  0x00000f78      0x2f8 ./Drivers/STM32F1xx_HAL_Driver/Src/stm32f1xx_hal_cortex.o
 .debug_abbrev  0x00001270      0x1ca ./Drivers/STM32F1xx_HAL_Driver/Src/stm32f1xx_hal_gpio.o
 .debug_abbrev  0x0000143a      0x1f6 ./Drivers/STM32F1xx_HAL_Driver/Src/stm32f1xx_hal_pwr.o
 .debug_abbrev  0x00001630      0x2b3 ./Drivers/STM32F1xx_HAL_Driver/Src/stm32f1xx_hal_rcc.o
 .debug_abbrev  0x000018e3      0x188 ./Drivers/STM32F1xx_HAL_Driver/Src/stm32f1xx_hal_rcc_ex.o
 .debug_abbrev  0x00001a6b      0x23a ./Drivers/STM32F1xx_HAL_Driver/Src/stm32f1xx_hal_rtc.o
 .debug_abbrev  0x00001ca5      0x284 ./Drivers/STM32F1xx_HAL_Driver/Src/stm32f1xx_hal_spi.o
 .debug_abbrev  0x00001f29      0x2f8 ./Drivers/STM32F1xx_HAL_Driver/Src/stm32f1xx_hal_uart.o
 .debug_abbrev  0x00002221      0x1a8 ./FATFS/App/fatfs.o
 .debug_abbrev  0x000023c9      0x15a ./FATFS/Target/user_diskio.o
 .debug_abbrev  0x00002523      0x181 ./Middlewares/Third_Party/FatFs/src/diskio.o
 .debug_abbrev  0x000026a4      0x2e6 ./Middlewares/Third_Party/FatFs/src/ff.o
 .debug_abbrev  0x0000298a      0x19f ./Middlewares/Third_Party/FatFs/src/ff_gen_drv.o
 .debug_abbrev  0x00002b29       0xd5 ./Middlewares/Third_Party/FatFs/src/option/ccsbcs.o

.debug_aranges  0x00000000      0xee0
 .debug_aranges
                0x00000000       0xa8 ./Core/Src/fatfs_sd.o
 .debug_aranges
                0x000000a8       0x80 ./Core/Src/main.o
 .debug_aranges
                0x00000128       0x60 ./Core/Src/stm32f1xx_hal_msp.o
 .debug_aranges
                0x00000188       0x60 ./Core/Src/stm32f1xx_it.o
 .debug_aranges
                0x000001e8       0x20 ./Core/Src/sysmem.o
 .debug_aranges
                0x00000208       0x28 ./Core/Src/system_stm32f1xx.o
 .debug_aranges
                0x00000230       0x28 ./Core/Startup/startup_stm32f103c8tx.o
 .debug_aranges
                0x00000258       0xe0 ./Drivers/STM32F1xx_HAL_Driver/Src/stm32f1xx_hal.o
 .debug_aranges
                0x00000338       0xf0 ./Drivers/STM32F1xx_HAL_Driver/Src/stm32f1xx_hal_adc.o
 .debug_aranges
                0x00000428      0x100 ./Drivers/STM32F1xx_HAL_Driver/Src/stm32f1xx_hal_cortex.o
 .debug_aranges
                0x00000528       0x58 ./Drivers/STM32F1xx_HAL_Driver/Src/stm32f1xx_hal_gpio.o
 .debug_aranges
                0x00000580       0xa8 ./Drivers/STM32F1xx_HAL_Driver/Src/stm32f1xx_hal_pwr.o
 .debug_aranges
                0x00000628       0x90 ./Drivers/STM32F1xx_HAL_Driver/Src/stm32f1xx_hal_rcc.o
 .debug_aranges
                0x000006b8       0x30 ./Drivers/STM32F1xx_HAL_Driver/Src/stm32f1xx_hal_rcc_ex.o
 .debug_aranges
                0x000006e8       0xf8 ./Drivers/STM32F1xx_HAL_Driver/Src/stm32f1xx_hal_rtc.o
 .debug_aranges
                0x000007e0      0x1d0 ./Drivers/STM32F1xx_HAL_Driver/Src/stm32f1xx_hal_spi.o
 .debug_aranges
                0x000009b0      0x208 ./Drivers/STM32F1xx_HAL_Driver/Src/stm32f1xx_hal_uart.o
 .debug_aranges
                0x00000bb8       0x28 ./FATFS/App/fatfs.o
 .debug_aranges
                0x00000be0       0x40 ./FATFS/Target/user_diskio.o
 .debug_aranges
                0x00000c20       0x48 ./Middlewares/Third_Party/FatFs/src/diskio.o
 .debug_aranges
                0x00000c68      0x210 ./Middlewares/Third_Party/FatFs/src/ff.o
 .debug_aranges
                0x00000e78       0x40 ./Middlewares/Third_Party/FatFs/src/ff_gen_drv.o
 .debug_aranges
                0x00000eb8       0x28 ./Middlewares/Third_Party/FatFs/src/option/ccsbcs.o

.debug_rnglists
                0x00000000      0xb6a
 .debug_rnglists
                0x00000000       0x80 ./Core/Src/fatfs_sd.o
 .debug_rnglists
                0x00000080       0x63 ./Core/Src/main.o
 .debug_rnglists
                0x000000e3       0x45 ./Core/Src/stm32f1xx_hal_msp.o
 .debug_rnglists
                0x00000128       0x43 ./Core/Src/stm32f1xx_it.o
 .debug_rnglists
                0x0000016b       0x13 ./Core/Src/sysmem.o
 .debug_rnglists
                0x0000017e       0x1a ./Core/Src/system_stm32f1xx.o
 .debug_rnglists
                0x00000198       0x19 ./Core/Startup/startup_stm32f103c8tx.o
 .debug_rnglists
                0x000001b1       0xa3 ./Drivers/STM32F1xx_HAL_Driver/Src/stm32f1xx_hal.o
 .debug_rnglists
                0x00000254       0xbc ./Drivers/STM32F1xx_HAL_Driver/Src/stm32f1xx_hal_adc.o
 .debug_rnglists
                0x00000310       0xbb ./Drivers/STM32F1xx_HAL_Driver/Src/stm32f1xx_hal_cortex.o
 .debug_rnglists
                0x000003cb       0x3f ./Drivers/STM32F1xx_HAL_Driver/Src/stm32f1xx_hal_gpio.o
 .debug_rnglists
                0x0000040a       0x7a ./Drivers/STM32F1xx_HAL_Driver/Src/stm32f1xx_hal_pwr.o
 .debug_rnglists
                0x00000484       0x6c ./Drivers/STM32F1xx_HAL_Driver/Src/stm32f1xx_hal_rcc.o
 .debug_rnglists
                0x000004f0       0x21 ./Drivers/STM32F1xx_HAL_Driver/Src/stm32f1xx_hal_rcc_ex.o
 .debug_rnglists
                0x00000511       0xc1 ./Drivers/STM32F1xx_HAL_Driver/Src/stm32f1xx_hal_rtc.o
 .debug_rnglists
                0x000005d2      0x16e ./Drivers/STM32F1xx_HAL_Driver/Src/stm32f1xx_hal_spi.o
 .debug_rnglists
                0x00000740      0x1bc ./Drivers/STM32F1xx_HAL_Driver/Src/stm32f1xx_hal_uart.o
 .debug_rnglists
                0x000008fc       0x19 ./FATFS/App/fatfs.o
 .debug_rnglists
                0x00000915       0x2b ./FATFS/Target/user_diskio.o
 .debug_rnglists
                0x00000940       0x31 ./Middlewares/Third_Party/FatFs/src/diskio.o
 .debug_rnglists
                0x00000971      0x1b4 ./Middlewares/Third_Party/FatFs/src/ff.o
 .debug_rnglists
                0x00000b25       0x2c ./Middlewares/Third_Party/FatFs/src/ff_gen_drv.o
 .debug_rnglists
                0x00000b51       0x19 ./Middlewares/Third_Party/FatFs/src/option/ccsbcs.o

.debug_macro    0x00000000    0x19aaf
 .debug_macro   0x00000000      0x1f3 ./Core/Src/fatfs_sd.o
 .debug_macro   0x000001f3      0xaa8 ./Core/Src/fatfs_sd.o
 .debug_macro   0x00000c9b      0x227 ./Core/Src/fatfs_sd.o
 .debug_macro   0x00000ec2       0x2e ./Core/Src/fatfs_sd.o
 .debug_macro   0x00000ef0       0x22 ./Core/Src/fatfs_sd.o
 .debug_macro   0x00000f12       0x22 ./Core/Src/fatfs_sd.o
 .debug_macro   0x00000f34       0x8e ./Core/Src/fatfs_sd.o
 .debug_macro   0x00000fc2       0x51 ./Core/Src/fatfs_sd.o
 .debug_macro   0x00001013      0x103 ./Core/Src/fatfs_sd.o
 .debug_macro   0x00001116       0x6a ./Core/Src/fatfs_sd.o
 .debug_macro   0x00001180      0x1df ./Core/Src/fatfs_sd.o
 .debug_macro   0x0000135f       0x1c ./Core/Src/fatfs_sd.o
 .debug_macro   0x0000137b       0x22 ./Core/Src/fatfs_sd.o
 .debug_macro   0x0000139d       0xbd ./Core/Src/fatfs_sd.o
 .debug_macro   0x0000145a      0xd23 ./Core/Src/fatfs_sd.o
 .debug_macro   0x0000217d     0xe09e ./Core/Src/fatfs_sd.o
 .debug_macro   0x0001021b       0x6d ./Core/Src/fatfs_sd.o
 .debug_macro   0x00010288     0x348d ./Core/Src/fatfs_sd.o
 .debug_macro   0x00013715      0x189 ./Core/Src/fatfs_sd.o
 .debug_macro   0x0001389e       0x5c ./Core/Src/fatfs_sd.o
 .debug_macro   0x000138fa      0x5bc ./Core/Src/fatfs_sd.o
 .debug_macro   0x00013eb6      0x289 ./Core/Src/fatfs_sd.o
 .debug_macro   0x0001413f      0x1cb ./Core/Src/fatfs_sd.o
 .debug_macro   0x0001430a      0x114 ./Core/Src/fatfs_sd.o
 .debug_macro   0x0001441e      0x1b2 ./Core/Src/fatfs_sd.o
 .debug_macro   0x000145d0       0x27 ./Core/Src/fatfs_sd.o
 .debug_macro   0x000145f7      0x136 ./Core/Src/fatfs_sd.o
 .debug_macro   0x0001472d      0x1bc ./Core/Src/fatfs_sd.o
 .debug_macro   0x000148e9       0x34 ./Core/Src/fatfs_sd.o
 .debug_macro   0x0001491d       0x3c ./Core/Src/fatfs_sd.o
 .debug_macro   0x00014959       0x57 ./Core/Src/fatfs_sd.o
 .debug_macro   0x000149b0      0x46a ./Core/Src/fatfs_sd.o
 .debug_macro   0x00014e1a      0x1b5 ./Core/Src/fatfs_sd.o
 .debug_macro   0x00014fcf       0x87 ./Core/Src/fatfs_sd.o
 .debug_macro   0x00015056      0x240 ./Core/Src/fatfs_sd.o
 .debug_macro   0x00015296      0x140 ./Core/Src/fatfs_sd.o
 .debug_macro   0x000153d6      0x1ef ./Core/Src/fatfs_sd.o
 .debug_macro   0x000155c5       0xeb ./Core/Src/fatfs_sd.o
 .debug_macro   0x000156b0      0x217 ./Core/Src/fatfs_sd.o
 .debug_macro   0x000158c7      0x28e ./Core/Src/fatfs_sd.o
 .debug_macro   0x00015b55       0x83 ./Core/Src/fatfs_sd.o
 .debug_macro   0x00015bd8       0x16 ./Core/Src/fatfs_sd.o
 .debug_macro   0x00015bee       0x7c ./Core/Src/fatfs_sd.o
 .debug_macro   0x00015c6a       0x9a ./Core/Src/fatfs_sd.o
 .debug_macro   0x00015d04      0x37d ./Core/Src/main.o
 .debug_macro   0x00016081       0x10 ./Core/Src/main.o
 .debug_macro   0x00016091       0xde ./Core/Src/main.o
 .debug_macro   0x0001616f       0xf5 ./Core/Src/main.o
 .debug_macro   0x00016264       0x8e ./Core/Src/main.o
 .debug_macro   0x000162f2       0x61 ./Core/Src/main.o
 .debug_macro   0x00016353       0x24 ./Core/Src/main.o
 .debug_macro   0x00016377       0x43 ./Core/Src/main.o
 .debug_macro   0x000163ba       0x34 ./Core/Src/main.o
 .debug_macro   0x000163ee       0x16 ./Core/Src/main.o
 .debug_macro   0x00016404       0x43 ./Core/Src/main.o
 .debug_macro   0x00016447       0x34 ./Core/Src/main.o
 .debug_macro   0x0001647b       0x10 ./Core/Src/main.o
 .debug_macro   0x0001648b       0x58 ./Core/Src/main.o
 .debug_macro   0x000164e3       0x8e ./Core/Src/main.o
 .debug_macro   0x00016571       0x1c ./Core/Src/main.o
 .debug_macro   0x0001658d      0x177 ./Core/Src/main.o
 .debug_macro   0x00016704      0x369 ./Core/Src/main.o
 .debug_macro   0x00016a6d       0x10 ./Core/Src/main.o
 .debug_macro   0x00016a7d       0x35 ./Core/Src/main.o
 .debug_macro   0x00016ab2       0x20 ./Core/Src/main.o
 .debug_macro   0x00016ad2       0x1c ./Core/Src/main.o
 .debug_macro   0x00016aee       0x10 ./Core/Src/main.o
 .debug_macro   0x00016afe       0x1c ./Core/Src/main.o
 .debug_macro   0x00016b1a       0x16 ./Core/Src/main.o
 .debug_macro   0x00016b30      0x146 ./Core/Src/main.o
 .debug_macro   0x00016c76      0x19b ./Core/Src/main.o
 .debug_macro   0x00016e11       0x16 ./Core/Src/main.o
 .debug_macro   0x00016e27       0x16 ./Core/Src/main.o
 .debug_macro   0x00016e3d       0x29 ./Core/Src/main.o
 .debug_macro   0x00016e66      0x1cf ./Core/Src/stm32f1xx_hal_msp.o
 .debug_macro   0x00017035      0x1d9 ./Core/Src/stm32f1xx_it.o
 .debug_macro   0x0001720e       0xff ./Core/Src/sysmem.o
 .debug_macro   0x0001730d      0x23c ./Core/Src/sysmem.o
 .debug_macro   0x00017549      0x1c0 ./Core/Src/system_stm32f1xx.o
 .debug_macro   0x00017709      0x1e4 ./Drivers/STM32F1xx_HAL_Driver/Src/stm32f1xx_hal.o
 .debug_macro   0x000178ed      0x1dd ./Drivers/STM32F1xx_HAL_Driver/Src/stm32f1xx_hal_adc.o
 .debug_macro   0x00017aca      0x1c0 ./Drivers/STM32F1xx_HAL_Driver/Src/stm32f1xx_hal_cortex.o
 .debug_macro   0x00017c8a      0x22b ./Drivers/STM32F1xx_HAL_Driver/Src/stm32f1xx_hal_gpio.o
 .debug_macro   0x00017eb5      0x220 ./Drivers/STM32F1xx_HAL_Driver/Src/stm32f1xx_hal_pwr.o
 .debug_macro   0x000180d5      0x1d2 ./Drivers/STM32F1xx_HAL_Driver/Src/stm32f1xx_hal_rcc.o
 .debug_macro   0x000182a7      0x1c0 ./Drivers/STM32F1xx_HAL_Driver/Src/stm32f1xx_hal_rcc_ex.o
 .debug_macro   0x00018467      0x1cf ./Drivers/STM32F1xx_HAL_Driver/Src/stm32f1xx_hal_rtc.o
 .debug_macro   0x00018636      0x1c8 ./Drivers/STM32F1xx_HAL_Driver/Src/stm32f1xx_hal_spi.o
 .debug_macro   0x000187fe      0x1c1 ./Drivers/STM32F1xx_HAL_Driver/Src/stm32f1xx_hal_uart.o
 .debug_macro   0x000189bf      0x222 ./FATFS/App/fatfs.o
 .debug_macro   0x00018be1       0xd8 ./FATFS/App/fatfs.o
 .debug_macro   0x00018cb9      0x2d7 ./FATFS/Target/user_diskio.o
 .debug_macro   0x00018f90       0x56 ./FATFS/Target/user_diskio.o
 .debug_macro   0x00018fe6      0x20f ./Middlewares/Third_Party/FatFs/src/diskio.o
 .debug_macro   0x000191f5      0x456 ./Middlewares/Third_Party/FatFs/src/ff.o
 .debug_macro   0x0001964b       0x58 ./Middlewares/Third_Party/FatFs/src/ff.o
 .debug_macro   0x000196a3      0x20f ./Middlewares/Third_Party/FatFs/src/ff_gen_drv.o
 .debug_macro   0x000198b2      0x1fd ./Middlewares/Third_Party/FatFs/src/option/ccsbcs.o

.debug_line     0x00000000    0x146ff
 .debug_line    0x00000000      0xe5f ./Core/Src/fatfs_sd.o
 .debug_line    0x00000e5f      0xe7d ./Core/Src/main.o
 .debug_line    0x00001cdc      0x874 ./Core/Src/stm32f1xx_hal_msp.o
 .debug_line    0x00002550      0x821 ./Core/Src/stm32f1xx_it.o
 .debug_line    0x00002d71      0x583 ./Core/Src/sysmem.o
 .debug_line    0x000032f4      0x7cb ./Core/Src/system_stm32f1xx.o
 .debug_line    0x00003abf       0x78 ./Core/Startup/startup_stm32f103c8tx.o
 .debug_line    0x00003b37      0x9f8 ./Drivers/STM32F1xx_HAL_Driver/Src/stm32f1xx_hal.o
 .debug_line    0x0000452f     0x1075 ./Drivers/STM32F1xx_HAL_Driver/Src/stm32f1xx_hal_adc.o
 .debug_line    0x000055a4      0xbe4 ./Drivers/STM32F1xx_HAL_Driver/Src/stm32f1xx_hal_cortex.o
 .debug_line    0x00006188      0xa91 ./Drivers/STM32F1xx_HAL_Driver/Src/stm32f1xx_hal_gpio.o
 .debug_line    0x00006c19      0x97a ./Drivers/STM32F1xx_HAL_Driver/Src/stm32f1xx_hal_pwr.o
 .debug_line    0x00007593      0xe01 ./Drivers/STM32F1xx_HAL_Driver/Src/stm32f1xx_hal_rcc.o
 .debug_line    0x00008394      0x942 ./Drivers/STM32F1xx_HAL_Driver/Src/stm32f1xx_hal_rcc_ex.o
 .debug_line    0x00008cd6     0x116a ./Drivers/STM32F1xx_HAL_Driver/Src/stm32f1xx_hal_rtc.o
 .debug_line    0x00009e40     0x1caa ./Drivers/STM32F1xx_HAL_Driver/Src/stm32f1xx_hal_spi.o
 .debug_line    0x0000baea     0x2941 ./Drivers/STM32F1xx_HAL_Driver/Src/stm32f1xx_hal_uart.o
 .debug_line    0x0000e42b      0x7e8 ./FATFS/App/fatfs.o
 .debug_line    0x0000ec13      0x96f ./FATFS/Target/user_diskio.o
 .debug_line    0x0000f582      0x859 ./Middlewares/Third_Party/FatFs/src/diskio.o
 .debug_line    0x0000fddb     0x3854 ./Middlewares/Third_Party/FatFs/src/ff.o
 .debug_line    0x0001362f      0x876 ./Middlewares/Third_Party/FatFs/src/ff_gen_drv.o
 .debug_line    0x00013ea5      0x85a ./Middlewares/Third_Party/FatFs/src/option/ccsbcs.o

.debug_str      0x00000000    0x8d26d
 .debug_str     0x00000000    0x84649 ./Core/Src/fatfs_sd.o
                              0x84a08 (size before relaxing)
 .debug_str     0x00084649     0x51e9 ./Core/Src/main.o
                              0x8996f (size before relaxing)
 .debug_str     0x00089832      0x11d ./Core/Src/stm32f1xx_hal_msp.o
                              0x84a61 (size before relaxing)
 .debug_str     0x0008994f       0xc9 ./Core/Src/stm32f1xx_it.o
                              0x841bc (size before relaxing)
 .debug_str     0x00089a18      0x4dc ./Core/Src/sysmem.o
                               0x6075 (size before relaxing)
 .debug_str     0x00089ef4       0x7e ./Core/Src/system_stm32f1xx.o
                              0x84185 (size before relaxing)
 .debug_str     0x00089f72       0x44 ./Core/Startup/startup_stm32f103c8tx.o
                                 0x80 (size before relaxing)
 .debug_str     0x00089fb6      0x5f1 ./Drivers/STM32F1xx_HAL_Driver/Src/stm32f1xx_hal.o
                              0x848b8 (size before relaxing)
 .debug_str     0x0008a5a7      0x34d ./Drivers/STM32F1xx_HAL_Driver/Src/stm32f1xx_hal_adc.o
                              0x84869 (size before relaxing)
 .debug_str     0x0008a8f4      0x2b1 ./Drivers/STM32F1xx_HAL_Driver/Src/stm32f1xx_hal_cortex.o
                              0x84804 (size before relaxing)
 .debug_str     0x0008aba5      0x2c2 ./Drivers/STM32F1xx_HAL_Driver/Src/stm32f1xx_hal_gpio.o
                              0x8450b (size before relaxing)
 .debug_str     0x0008ae67      0x4f5 ./Drivers/STM32F1xx_HAL_Driver/Src/stm32f1xx_hal_pwr.o
                              0x846bc (size before relaxing)
 .debug_str     0x0008b35c      0x21d ./Drivers/STM32F1xx_HAL_Driver/Src/stm32f1xx_hal_rcc.o
                              0x845b4 (size before relaxing)
 .debug_str     0x0008b579       0x84 ./Drivers/STM32F1xx_HAL_Driver/Src/stm32f1xx_hal_rcc_ex.o
                              0x84304 (size before relaxing)
 .debug_str     0x0008b5fd      0x2f1 ./Drivers/STM32F1xx_HAL_Driver/Src/stm32f1xx_hal_rtc.o
                              0x84690 (size before relaxing)
 .debug_str     0x0008b8ee      0x519 ./Drivers/STM32F1xx_HAL_Driver/Src/stm32f1xx_hal_spi.o
                              0x84ab1 (size before relaxing)
 .debug_str     0x0008be07      0x606 ./Drivers/STM32F1xx_HAL_Driver/Src/stm32f1xx_hal_uart.o
                              0x84c25 (size before relaxing)
 .debug_str     0x0008c40d       0x74 ./FATFS/App/fatfs.o
                              0x84a43 (size before relaxing)
 .debug_str     0x0008c481       0x5a ./FATFS/Target/user_diskio.o
                              0x87aeb (size before relaxing)
 .debug_str     0x0008c4db       0x52 ./Middlewares/Third_Party/FatFs/src/diskio.o
                              0x84969 (size before relaxing)
 .debug_str     0x0008c52d      0xc5c ./Middlewares/Third_Party/FatFs/src/ff.o
                              0x85827 (size before relaxing)
 .debug_str     0x0008d189       0x91 ./Middlewares/Third_Party/FatFs/src/ff_gen_drv.o
                              0x849ba (size before relaxing)
 .debug_str     0x0008d21a       0x53 ./Middlewares/Third_Party/FatFs/src/option/ccsbcs.o
                              0x84748 (size before relaxing)

.comment        0x00000000       0x43
 .comment       0x00000000       0x43 ./Core/Src/fatfs_sd.o
                                 0x44 (size before relaxing)
 .comment       0x00000043       0x44 ./Core/Src/main.o
 .comment       0x00000043       0x44 ./Core/Src/stm32f1xx_hal_msp.o
 .comment       0x00000043       0x44 ./Core/Src/stm32f1xx_it.o
 .comment       0x00000043       0x44 ./Core/Src/sysmem.o
 .comment       0x00000043       0x44 ./Core/Src/system_stm32f1xx.o
 .comment       0x00000043       0x44 ./Drivers/STM32F1xx_HAL_Driver/Src/stm32f1xx_hal.o
 .comment       0x00000043       0x44 ./Drivers/STM32F1xx_HAL_Driver/Src/stm32f1xx_hal_adc.o
 .comment       0x00000043       0x44 ./Drivers/STM32F1xx_HAL_Driver/Src/stm32f1xx_hal_cortex.o
 .comment       0x00000043       0x44 ./Drivers/STM32F1xx_HAL_Driver/Src/stm32f1xx_hal_gpio.o
 .comment       0x00000043       0x44 ./Drivers/STM32F1xx_HAL_Driver/Src/stm32f1xx_hal_pwr.o
 .comment       0x00000043       0x44 ./Drivers/STM32F1xx_HAL_Driver/Src/stm32f1xx_hal_rcc.o
 .comment       0x00000043       0x44 ./Drivers/STM32F1xx_HAL_Driver/Src/stm32f1xx_hal_rcc_ex.o
 .comment       0x00000043       0x44 ./Drivers/STM32F1xx_HAL_Driver/Src/stm32f1xx_hal_rtc.o
 .comment       0x00000043       0x44 ./Drivers/STM32F1xx_HAL_Driver/Src/stm32f1xx_hal_spi.o
 .comment       0x00000043       0x44 ./Drivers/STM32F1xx_HAL_Driver/Src/stm32f1xx_hal_uart.o
 .comment       0x00000043       0x44 ./FATFS/App/fatfs.o
 .comment       0x00000043       0x44 ./FATFS/Target/user_diskio.o
 .comment       0x00000043       0x44 ./Middlewares/Third_Party/FatFs/src/diskio.o
 .comment       0x00000043       0x44 ./Middlewares/Third_Party/FatFs/src/ff.o
 .comment       0x00000043       0x44 ./Middlewares/Third_Party/FatFs/src/ff_gen_drv.o
 .comment       0x00000043       0x44 ./Middlewares/Third_Party/FatFs/src/option/ccsbcs.o

.debug_frame    0x00000000     0x4260
 .debug_frame   0x00000000      0x28c ./Core/Src/fatfs_sd.o
 .debug_frame   0x0000028c      0x1f4 ./Core/Src/main.o
 .debug_frame   0x00000480      0x15c ./Core/Src/stm32f1xx_hal_msp.o
 .debug_frame   0x000005dc      0x104 ./Core/Src/stm32f1xx_it.o
 .debug_frame   0x000006e0       0x34 ./Core/Src/sysmem.o
 .debug_frame   0x00000714       0x58 ./Core/Src/system_stm32f1xx.o
 .debug_frame   0x0000076c      0x334 ./Drivers/STM32F1xx_HAL_Driver/Src/stm32f1xx_hal.o
 .debug_frame   0x00000aa0      0x40c ./Drivers/STM32F1xx_HAL_Driver/Src/stm32f1xx_hal_adc.o
 .debug_frame   0x00000eac      0x428 ./Drivers/STM32F1xx_HAL_Driver/Src/stm32f1xx_hal_cortex.o
 .debug_frame   0x000012d4      0x14c ./Drivers/STM32F1xx_HAL_Driver/Src/stm32f1xx_hal_gpio.o
 .debug_frame   0x00001420      0x270 ./Drivers/STM32F1xx_HAL_Driver/Src/stm32f1xx_hal_pwr.o
 .debug_frame   0x00001690      0x218 ./Drivers/STM32F1xx_HAL_Driver/Src/stm32f1xx_hal_rcc.o
 .debug_frame   0x000018a8       0x80 ./Drivers/STM32F1xx_HAL_Driver/Src/stm32f1xx_hal_rcc_ex.o
 .debug_frame   0x00001928      0x434 ./Drivers/STM32F1xx_HAL_Driver/Src/stm32f1xx_hal_rtc.o
 .debug_frame   0x00001d5c      0x824 ./Drivers/STM32F1xx_HAL_Driver/Src/stm32f1xx_hal_spi.o
 .debug_frame   0x00002580      0x944 ./Drivers/STM32F1xx_HAL_Driver/Src/stm32f1xx_hal_uart.o
 .debug_frame   0x00002ec4       0x4c ./FATFS/App/fatfs.o
 .debug_frame   0x00002f10       0xc4 ./FATFS/Target/user_diskio.o
 .debug_frame   0x00002fd4       0xec ./Middlewares/Third_Party/FatFs/src/diskio.o
 .debug_frame   0x000030c0      0x9ac ./Middlewares/Third_Party/FatFs/src/ff.o
 .debug_frame   0x00003a6c       0xc8 ./Middlewares/Third_Party/FatFs/src/ff_gen_drv.o
 .debug_frame   0x00003b34       0x60 ./Middlewares/Third_Party/FatFs/src/option/ccsbcs.o
 .debug_frame   0x00003b94      0x144 C:/ST/STM32CubeIDE_1.15.0/STM32CubeIDE/plugins/com.st.stm32cube.ide.mcu.externaltools.gnu-tools-for-stm32.12.3.rel1.win32_1.0.100.202403111256/tools/bin/../lib/gcc/arm-none-eabi/12.3.1/../../../../arm-none-eabi/lib/thumb/v7-m/nofp\libc_nano.a(libc_a-findfp.o)
 .debug_frame   0x00003cd8       0x6c C:/ST/STM32CubeIDE_1.15.0/STM32CubeIDE/plugins/com.st.stm32cube.ide.mcu.externaltools.gnu-tools-for-stm32.12.3.rel1.win32_1.0.100.202403111256/tools/bin/../lib/gcc/arm-none-eabi/12.3.1/../../../../arm-none-eabi/lib/thumb/v7-m/nofp\libc_nano.a(libc_a-sprintf.o)
 .debug_frame   0x00003d44       0x20 C:/ST/STM32CubeIDE_1.15.0/STM32CubeIDE/plugins/com.st.stm32cube.ide.mcu.externaltools.gnu-tools-for-stm32.12.3.rel1.win32_1.0.100.202403111256/tools/bin/../lib/gcc/arm-none-eabi/12.3.1/../../../../arm-none-eabi/lib/thumb/v7-m/nofp\libc_nano.a(libc_a-memset.o)
 .debug_frame   0x00003d64       0x38 C:/ST/STM32CubeIDE_1.15.0/STM32CubeIDE/plugins/com.st.stm32cube.ide.mcu.externaltools.gnu-tools-for-stm32.12.3.rel1.win32_1.0.100.202403111256/tools/bin/../lib/gcc/arm-none-eabi/12.3.1/../../../../arm-none-eabi/lib/thumb/v7-m/nofp\libc_nano.a(libc_a-reent.o)